Archive member included because of file (symbol)

/home/bseip/MentorGraphics/Sourcery_CodeBench_Lite_for_ARM_EABI/lib/gcc/arm-none-eabi/4.8.1/libgcc.a(_udivsi3.o)
                              build/fatfs/ff.o (__aeabi_uidiv)
/home/bseip/MentorGraphics/Sourcery_CodeBench_Lite_for_ARM_EABI/lib/gcc/arm-none-eabi/4.8.1/libgcc.a(_divsi3.o)
                              build/gapi/window.o (__aeabi_idiv)
/home/bseip/MentorGraphics/Sourcery_CodeBench_Lite_for_ARM_EABI/lib/gcc/arm-none-eabi/4.8.1/libgcc.a(_dvmd_tls.o)
                              /home/bseip/MentorGraphics/Sourcery_CodeBench_Lite_for_ARM_EABI/lib/gcc/arm-none-eabi/4.8.1/libgcc.a(_udivsi3.o) (__aeabi_idiv0)
/home/bseip/MentorGraphics/Sourcery_CodeBench_Lite_for_ARM_EABI/lib/gcc/arm-none-eabi/4.8.1/libgcc.a(unwind-arm.o)
                              build/main.o (__aeabi_unwind_cpp_pr0)
/home/bseip/MentorGraphics/Sourcery_CodeBench_Lite_for_ARM_EABI/lib/gcc/arm-none-eabi/4.8.1/libgcc.a(libunwind.o)
                              /home/bseip/MentorGraphics/Sourcery_CodeBench_Lite_for_ARM_EABI/lib/gcc/arm-none-eabi/4.8.1/libgcc.a(unwind-arm.o) (restore_core_regs)
/home/bseip/MentorGraphics/Sourcery_CodeBench_Lite_for_ARM_EABI/lib/gcc/arm-none-eabi/4.8.1/libgcc.a(pr-support.o)
                              /home/bseip/MentorGraphics/Sourcery_CodeBench_Lite_for_ARM_EABI/lib/gcc/arm-none-eabi/4.8.1/libgcc.a(unwind-arm.o) (__gnu_unwind_execute)
/home/bseip/MentorGraphics/Sourcery_CodeBench_Lite_for_ARM_EABI/arm-none-eabi/lib/libc.a(lib_a-aeabi_atexit.o)
                              build/gapi/common.o (__aeabi_atexit)
/home/bseip/MentorGraphics/Sourcery_CodeBench_Lite_for_ARM_EABI/arm-none-eabi/lib/libc.a(lib_a-assert.o)
                              build/gapi/memory_tracking.o (__assert_func)
/home/bseip/MentorGraphics/Sourcery_CodeBench_Lite_for_ARM_EABI/arm-none-eabi/lib/libc.a(lib_a-cxa_atexit.o)
                              /home/bseip/MentorGraphics/Sourcery_CodeBench_Lite_for_ARM_EABI/arm-none-eabi/lib/libc.a(lib_a-aeabi_atexit.o) (__cxa_atexit)
/home/bseip/MentorGraphics/Sourcery_CodeBench_Lite_for_ARM_EABI/arm-none-eabi/lib/libc.a(lib_a-fiprintf.o)
                              /home/bseip/MentorGraphics/Sourcery_CodeBench_Lite_for_ARM_EABI/arm-none-eabi/lib/libc.a(lib_a-assert.o) (fiprintf)
/home/bseip/MentorGraphics/Sourcery_CodeBench_Lite_for_ARM_EABI/arm-none-eabi/lib/libc.a(lib_a-fprintf.o)
                              build/main.o (fprintf)
/home/bseip/MentorGraphics/Sourcery_CodeBench_Lite_for_ARM_EABI/arm-none-eabi/lib/libc.a(lib_a-impure.o)
                              build/main.o (_impure_ptr)
/home/bseip/MentorGraphics/Sourcery_CodeBench_Lite_for_ARM_EABI/arm-none-eabi/lib/libc.a(lib_a-malloc.o)
                              build/main.o (malloc)
/home/bseip/MentorGraphics/Sourcery_CodeBench_Lite_for_ARM_EABI/arm-none-eabi/lib/libc.a(lib_a-mallocr.o)
                              /home/bseip/MentorGraphics/Sourcery_CodeBench_Lite_for_ARM_EABI/arm-none-eabi/lib/libc.a(lib_a-malloc.o) (_malloc_r)
/home/bseip/MentorGraphics/Sourcery_CodeBench_Lite_for_ARM_EABI/arm-none-eabi/lib/libc.a(lib_a-memcpy-stub.o)
                              build/mmc/emmc.o (memcpy)
/home/bseip/MentorGraphics/Sourcery_CodeBench_Lite_for_ARM_EABI/arm-none-eabi/lib/libc.a(lib_a-memmove.o)
                              build/gapi/common.o (memmove)
/home/bseip/MentorGraphics/Sourcery_CodeBench_Lite_for_ARM_EABI/arm-none-eabi/lib/libc.a(lib_a-memset.o)
                              build/gapi/bitmap.o (memset)
/home/bseip/MentorGraphics/Sourcery_CodeBench_Lite_for_ARM_EABI/arm-none-eabi/lib/libc.a(lib_a-mlock.o)
                              /home/bseip/MentorGraphics/Sourcery_CodeBench_Lite_for_ARM_EABI/arm-none-eabi/lib/libc.a(lib_a-mallocr.o) (__malloc_lock)
/home/bseip/MentorGraphics/Sourcery_CodeBench_Lite_for_ARM_EABI/arm-none-eabi/lib/libc.a(lib_a-printf.o)
                              build/main.o (printf)
/home/bseip/MentorGraphics/Sourcery_CodeBench_Lite_for_ARM_EABI/arm-none-eabi/lib/libc.a(lib_a-reent.o)
                              build/syscalls.o (errno)
/home/bseip/MentorGraphics/Sourcery_CodeBench_Lite_for_ARM_EABI/arm-none-eabi/lib/libc.a(lib_a-sbrkr.o)
                              /home/bseip/MentorGraphics/Sourcery_CodeBench_Lite_for_ARM_EABI/arm-none-eabi/lib/libc.a(lib_a-mallocr.o) (_sbrk_r)
/home/bseip/MentorGraphics/Sourcery_CodeBench_Lite_for_ARM_EABI/arm-none-eabi/lib/libc.a(lib_a-sprintf.o)
                              build/main.o (sprintf)
/home/bseip/MentorGraphics/Sourcery_CodeBench_Lite_for_ARM_EABI/arm-none-eabi/lib/libc.a(lib_a-sscanf.o)
                              build/main.o (sscanf)
/home/bseip/MentorGraphics/Sourcery_CodeBench_Lite_for_ARM_EABI/arm-none-eabi/lib/libc.a(lib_a-stdio.o)
                              /home/bseip/MentorGraphics/Sourcery_CodeBench_Lite_for_ARM_EABI/arm-none-eabi/lib/libc.a(lib_a-sscanf.o) (__seofread)
[...]
Memory Configuration

Name             Origin             Length             Attributes
ram              0x00008000         0x0fff8000         xw
*default*        0x00000000         0xffffffff

Linker script and memory map

START GROUP
LOAD build/main.o
LOAD build/other.o
LOAD build/uart.o
LOAD build/gapi/binaries.o
LOAD build/gapi/bitmap.o
LOAD build/gapi/common.o
LOAD build/gapi/controlbutton.o
LOAD build/gapi/flipbook.o
LOAD build/gapi/font.o
LOAD build/gapi/memory_tracking.o
LOAD build/gapi/rectangle.o
LOAD build/gapi/screen.o
LOAD build/gapi/screenraspi.o
LOAD build/gapi/wconsole.o
LOAD build/gapi/window.o
LOAD build/syscalls.o
LOAD build/fonts/6x8.o
LOAD build/fonts/ComicSansMS10.o
LOAD build/fonts/ComicSansMS10.height.o
LOAD build/fonts/ComicSansMS10.width.o
LOAD build/fonts/ComicSansMS12.o
LOAD build/fonts/ComicSansMS12.height.o
LOAD build/fonts/ComicSansMS12.width.o
LOAD build/fonts/EGA_8x8.o
LOAD build/fonts/font6x8.o
LOAD build/fonts/font6x8_width.o
LOAD build/fonts/LucidaConsole10.o
LOAD build/fonts/LucidaConsole10.width.o
LOAD build/fonts/Noritake5x5.o
LOAD build/fonts/Noritake5x5.width.o
LOAD build/fonts/VGA_16x16.o
LOAD build/fatfs/diskio.o
LOAD build/fatfs/ff.o
LOAD build/mmc/block.o
LOAD build/mmc/emmc.o
LOAD build/mmc/mbox.o
LOAD build/mmc/mmio.o
LOAD build/mmc/timer.o
LOAD build/gpio.o
LOAD build/mailbox.o
LOAD build/screens.o
LOAD build/startup.o
LOAD /home/bseip/MentorGraphics/Sourcery_CodeBench_Lite_for_ARM_EABI/lib/gcc/arm-none-eabi/4.8.1/libgcc.a
LOAD /home/bseip/MentorGraphics/Sourcery_CodeBench_Lite_for_ARM_EABI/arm-none-eabi/lib/libc.a
LOAD /home/bseip/MentorGraphics/Sourcery_CodeBench_Lite_for_ARM_EABI/arm-none-eabi/lib/libcs3.a
LOAD /home/bseip/MentorGraphics/Sourcery_CodeBench_Lite_for_ARM_EABI/arm-none-eabi/lib/libcs3unhosted.a
LOAD /home/bseip/MentorGraphics/Sourcery_CodeBench_Lite_for_ARM_EABI/arm-none-eabi/lib/libcs3arm.a
LOAD /home/bseip/MentorGraphics/Sourcery_CodeBench_Lite_for_ARM_EABI/arm-none-eabi/lib/libstdc++.a
LOAD /home/bseip/MentorGraphics/Sourcery_CodeBench_Lite_for_ARM_EABI/lib/gcc/arm-none-eabi/4.8.1/crti.o
LOAD /home/bseip/MentorGraphics/Sourcery_CodeBench_Lite_for_ARM_EABI/lib/gcc/arm-none-eabi/4.8.1/crtbegin.o
LOAD /home/bseip/MentorGraphics/Sourcery_CodeBench_Lite_for_ARM_EABI/lib/gcc/arm-none-eabi/4.8.1/crtend.o
END GROUP

.init           0x00008000      0x200
 *(.init)
 .init          0x00008000      0x1f4 build/startup.o
                0x00008000                _start
                0x0000810c                abort
                0x00008110                enable_irq
                0x00008118                enable_fiq
                0x00008120                PUT32
                0x00008128                GET32
                0x00008130                GETSP
                0x00008138                delay
                0x00008150                undef_handler
                0x00008160                swi_handler
                0x00008170                pabort_handler
                0x00008180                dabort_handler
                0x00008198                flush_cache
                0x000081a4                memory_barrier
                0x000081b0                read_sctlr
                0x000081b8                quick_memcpy
 .init          0x000081f4        0xc /home/bseip/MentorGraphics/Sourcery_CodeBench_Lite_for_ARM_EABI/lib/gcc/arm-none-eabi/4.8.1/crti.o
                0x000081f4                _init

.text           0x00008200    0x28d50
                0x00008200                _TEXT_START_ = .
 *(.text)
 .text          0x00008200      0x328 build/main.o
                0x00008200                serial_input()
                0x00008290                printcmderror(int)
                0x000082c0                findcommand()
                0x0000833c                printcmd(char)
                0x00008368                printcmdvalue(char, short)
                0x00008398                printcmdvaluehex(char, short)
                0x000083c8                printcmdtext(char, char*)
                0x000083f8                setup_1ms_timer
                0x0000844c                fiq_handler
                0x00008450                irq_handler
 .text          0x00008528        0x0 build/other.o
 .text          0x00008528      0x1c0 build/uart.o
                0x00008528                _uart_getc
                0x0000854c                _uart_putc
                0x0000856c                hexstrings
                0x000085d0                hexstring
                0x00008614                _uart_writes
                0x0000864c                _uart_init
 .text          0x000086e8        0x0 build/gapi/binaries.o
 .text          0x000086e8      0xf0c build/gapi/bitmap.o
                0x000086e8                Bitmap::_initialize()
                0x00008724                Bitmap::Bitmap(short, short)
                0x00008724                Bitmap::Bitmap(short, short)
                0x00008790                Bitmap::Bitmap(short, short, unsigned short*)
                0x00008790                Bitmap::Bitmap(short, short, unsigned short*)
                0x000087d8                Bitmap::Bitmap(short)
                0x000087d8                Bitmap::Bitmap(short)
                0x00008864                Bitmap::~Bitmap()
                0x00008864                Bitmap::~Bitmap()
                0x000088a4                Bitmap::DecompressRLE16(unsigned short*, unsigned short*, unsigned short*)
                0x00008928                Bitmap::DecompressRLE8(unsigned char*, unsigned char*, unsigned char*)
                0x000089d0                Bitmap::Load()
                0x00008a50                Bitmap::Bitmap(unsigned short*, bool)
                0x00008a50                Bitmap::Bitmap(unsigned short*, bool)
                0x00008adc                Bitmap::Bitmap(short, short, bool)
                0x00008adc                Bitmap::Bitmap(short, short, bool)
                0x00008ba0                Bitmap::Unload()
                0x00008be4                Bitmap::IsValid()
                0x00008bec                Bitmap::Height()
                0x00008bf4                Bitmap::Width()
                0x00008bfc                Bitmap::GetImageBuffer()
                0x00008c04                Bitmap::GetAlphaBuffer()
                0x00008c0c                Bitmap::Clear(unsigned short)
                0x00008c1c                Bitmap::DrawBitmap(Bitmap*, int, int)
                0x00008d78                Bitmap::DrawBitmapAlpha(Bitmap*, int, int)
                0x00008f70                Bitmap::DrawBitmapAlphaFixed(Bitmap*, unsigned char, int, int)
                0x0000911c                Bitmap::DrawText(Font*, Rectangle*, char const*, unsigned short)
                0x000092f8                Bitmap::DrawRectangle(Rectangle*, unsigned short, unsigned short)
                0x000093c8                Bitmap::DrawLine(Point*, Point*, unsigned short, unsigned short)
                0x000093cc                Bitmap::FillRectangle(Rectangle*, unsigned short)
                0x000093d0                Bitmap::FillRectangle(unsigned short, unsigned short, unsigned short, unsigned short, unsigned short)
                0x00009484                Bitmap::SetAlpha(unsigned char)
                0x00009498                Bitmap::CopyBufferVRAM(Bitmap*)
                0x0000949c                Bitmap::CopyBuffer(Bitmap*)
                0x000094d4                Bitmap::FadeLow(unsigned char)
                0x0000954c                Bitmap::FadeHigh(unsigned char)
                0x000095c4                Bitmap::LoadCompressedFile(unsigned short*)
 .text          0x000095f4      0x84c build/gapi/common.o
                0x000095f4                InitGBFS()
                0x000095f8                LoadFile(unsigned short)
                0x00009600                LoadFileCopy(unsigned short)
                0x00009608                FileSize(unsigned short)
                0x00009610                __DebugPrint(char*)
                0x0000961c                DebugPrint(char const*)
                0x00009620                bitblt16rle(unsigned short*, unsigned short, unsigned short, unsigned short, unsigned short*)
                0x00009754                bitblt8rle(unsigned char*, unsigned short, unsigned short, unsigned short, unsigned char*)
                0x000098f8                bitblt(unsigned char*, unsigned short, unsigned short, unsigned short, unsigned char*, unsigned short, unsigned short)
                0x000098fc                bitblt16(unsigned short*, unsigned short, unsigned short, short, short, unsigned short*, unsigned short, unsigned short)
                0x00009a30                bitblt16alpha(unsigned short*, unsigned short*, unsigned char*, unsigned short, unsigned short, short, short, unsigned short, unsigned short)
                0x00009c1c                DecompressFileToMemory(char const*, unsigned short*)
                0x00009c2c                SendMessage(int)
                0x00009dd0                ReadMessage()
 .text          0x00009e40      0x2b0 build/gapi/controlbutton.o
                0x00009e40                ControlButton::~ControlButton()
                0x00009e40                ControlButton::~ControlButton()
                0x00009e8c                ControlButton::~ControlButton()
                0x00009ea8                ControlButton::MsgPenDown(int, int)
                0x00009ed0                ControlButton::Init()
                0x00009f20                ControlButton::ControlButton(Rectangle*, char*, unsigned short*, unsigned short*, unsigned short*, unsigned short)
                0x00009f20                ControlButton::ControlButton(Rectangle*, char*, unsigned short*, unsigned short*, unsigned short*, unsigned short)
                0x00009fd0                ControlButton::State(unsigned char)
                0x00009fe0                ControlButton::State()
                0x00009fe8                ControlButton::Push()
                0x0000a004                ControlButton::Prepare()
 .text          0x0000a0f0      0xaf4 build/gapi/flipbook.o
                0x0000a0f0                Flipbook::HitTest(int, int)
                0x0000a1a0                Flipbook::Flipbook(Rectangle*, char*)
                0x0000a1a0                Flipbook::Flipbook(Rectangle*, char*)
                0x0000a208                Flipbook::IsRunning()
                0x0000a210                Flipbook::LoadCurrentImage()
                0x0000a324                Flipbook::RunReverse()
                0x0000a35c                Flipbook::Run(unsigned short)
                0x0000a400                Flipbook::Run(unsigned short, unsigned short)
                0x0000a408                Flipbook::SetNoPosition(unsigned short, unsigned short)
                0x0000a45c                Flipbook::Set(unsigned short, unsigned short)
                0x0000a4e0                Flipbook::AddTransformation(int, int, int*, int*)
                0x0000a540                Flipbook::AddSound(unsigned short, unsigned short, unsigned short)
                0x0000a5bc                FlipbookAnimation::FlipbookAnimation(unsigned short, unsigned short, unsigned short*, unsigned short*)
                0x0000a5bc                FlipbookAnimation::FlipbookAnimation(unsigned short, unsigned short, unsigned short*, unsigned short*)
                0x0000a5f8                Flipbook::CurrentFrame()
                0x0000a600                FlipbookFrame::FlipbookFrame()
                0x0000a600                FlipbookFrame::FlipbookFrame()
                0x0000a624                FlipbookFrame::FlipbookFrame(unsigned short, unsigned short, unsigned short)
                0x0000a624                FlipbookFrame::FlipbookFrame(unsigned short, unsigned short, unsigned short)
                0x0000a650                Flipbook::AddAction(Rectangle*, void (*)(), unsigned short)
                0x0000a6c0                Flipbook::AddAnimation(int, int, int, unsigned short*)
                0x0000a770                FlipbookAnimation::Load()
                0x0000a8bc                Flipbook::LoadAnimation(int, int, unsigned short*)
                0x0000a950                Flipbook::LoadAnimationAlpha(int, int, unsigned short*, unsigned short*)
                0x0000a9e8                Flipbook::~Flipbook()
                0x0000a9e8                Flipbook::~Flipbook()
                0x0000ab08                Flipbook::~Flipbook()
                0x0000ab24                Flipbook::Prepare()
                0x0000ab28                Flipbook::MsgPenMove(int, int)
                0x0000ab2c                Flipbook::MsgPenUp(int, int)
                0x0000ab30                Flipbook::MsgPenDown(int, int)
 .text          0x0000abe4      0x2ac build/gapi/font.o
                0x0000abe4                Font::Font(FontType)
                0x0000abe4                Font::Font(FontType)
                0x0000ae8c                Font::~Font()
                0x0000ae8c                Font::~Font()
 .text          0x0000ae90      0x690 build/gapi/memory_tracking.o
                0x0000ae90                operator new(unsigned int)
                0x0000afcc                operator new[](unsigned int)
                0x0000b10c                operator delete(void*)
                0x0000b314                operator delete[](void*)
 .text          0x0000b520       0x94 build/gapi/rectangle.o
                0x0000b520                Rectangle::Rectangle(int, int, int, int)
                0x0000b520                Rectangle::Rectangle(int, int, int, int)
                0x0000b540                Rectangle::~Rectangle()
                0x0000b540                Rectangle::~Rectangle()
                0x0000b544                Rectangle::Hit(int, int)
                0x0000b58c                Rectangle::Right()
                0x0000b59c                Rectangle::Bottom()
                0x0000b5ac                Point::Point(int, int)
                0x0000b5ac                Point::Point(int, int)
 .text          0x0000b5b4       0xd4 build/gapi/screen.o
                0x0000b5b4                Screen::~Screen()
                0x0000b5b4                Screen::~Screen()
                0x0000b5d4                Screen::~Screen()
                0x0000b5fc                Screen::Screen()
                0x0000b5fc                Screen::Screen()
                0x0000b670                Screen::Off()
                0x0000b674                Screen::On()
                0x0000b678                Screen::SetMode(unsigned int)
 .text          0x0000b688      0x1c8 build/gapi/screenraspi.o
                0x0000b688                ScreenRaspi::~ScreenRaspi()
                0x0000b688                ScreenRaspi::~ScreenRaspi()
                0x0000b6a8                ScreenRaspi::~ScreenRaspi()
                0x0000b6d0                ScreenRaspi::ScreenRaspi(unsigned int, unsigned int, unsigned int)
                0x0000b6d0                ScreenRaspi::ScreenRaspi(unsigned int, unsigned int, unsigned int)
                0x0000b814                ScreenRaspi::Init()
                0x0000b84c                ScreenRaspi::Display()
 .text          0x0000b850      0x57c build/gapi/wconsole.o
                0x0000b850                WConsole::printf(char const*, ...)
                0x0000b93c                WConsole::PaintChar(unsigned short, unsigned short, char)
                0x0000ba04                WConsole::TestFill(char)
                0x0000ba6c                WConsole::ScrollUp()
                0x0000bb1c                WConsole::ScrollDown()
                0x0000bb20                WConsole::GotoXY(unsigned short, unsigned short)
                0x0000bb3c                WConsole::Print(char const*)
                0x0000bbe8                WConsole::Clear()
                0x0000bc5c                WConsole::WConsole(Rectangle*, unsigned short, unsigned short, Font*)
                0x0000bc5c                WConsole::WConsole(Rectangle*, unsigned short, unsigned short, Font*)
                0x0000bd20                WConsole::Prepare()
 .text          0x0000bdcc     0x1008 build/gapi/window.o
                0x0000bdcc                Window::DragStart(int, int)
                0x0000bde4                Window::DragMove(int, int)
                0x0000bdfc                Window::DragEnd(int, int)
                0x0000be14                Window::FadeToWhite(int)
                0x0000be2c                Window::FadeFromWhite(int)
                0x0000be48                Window::FadeToBlack(int)
                0x0000be60                Window::FadeFromBlack(int)
                0x0000be7c                Window::AnimatePosition(int, int, int, AnimationCurve)
                0x0000c348                Window::EndAnimation()
                0x0000c39c                Window::BufferToScreen()
                0x0000c400                Window::Prepare()
                0x0000c48c                Window::Clear()
                0x0000c49c                Window::MsgPenDown(int, int)
                0x0000c560                Window::HitTest(int, int)
                0x0000c568                Window::Display()
                0x0000c690                Window::MsgPenUp(int, int)
                0x0000c774                Window::MsgPenMove(int, int)
                0x0000c874                Window::_initialize()
                0x0000c904                Window::Window()
                0x0000c904                Window::Window()
                0x0000c940                Window::SetParent(Bitmap*)
                0x0000c948                Window::GetBuffer()
                0x0000c950                Window::Visible()
                0x0000c95c                Window::Invisible()
                0x0000c968                Window::IsVisible()
                0x0000c970                Window::Enable()
                0x0000c97c                Window::Disable()
                0x0000c988                Window::Enabled()
                0x0000c990                Window::Position(int, int)
                0x0000c9a0                Window::PositionDelta(int, int)
                0x0000c9bc                Window::AlphaEnable()
                0x0000c9c8                Window::AlphaDisable()
                0x0000c9d4                Window::AlphaEnabled()
                0x0000c9dc                Window::SetAlpha(unsigned char)
                0x0000c9e4                Window::EnablePenCapture()
                0x0000c9f0                Window::DisablePenCapture()
                0x0000c9fc                Window::PenCapture()
                0x0000ca04                Window::Position()
                0x0000ca0c                Window::AddWindow(Window*, int)
                0x0000cab4                Window::RemoveWindow(Window*)
                0x0000cb0c                Window::Text()
                0x0000cb14                Window::Text(char*)
                0x0000cb20                Window::Window(Rectangle*, char const*)
                0x0000cb20                Window::Window(Rectangle*, char const*)
                0x0000cc04                Window::Window(unsigned int, unsigned int, unsigned short*, char const*)
                0x0000cc04                Window::Window(unsigned int, unsigned int, unsigned short*, char const*)
                0x0000cd18                Window::~Window()
                0x0000cd18                Window::~Window()
                0x0000cdb8                Window::~Window()
 .text          0x0000cdd4      0x2fc build/syscalls.o
                0x0000cdd4                _exit
                0x0000cdd8                _close
                0x0000cdf0                _execve
                0x0000ce08                _fork
                0x0000ce20                _fstat
                0x0000ce4c                _getpid
                0x0000ce54                _isatty
                0x0000ce78                _kill
                0x0000ce90                _link
                0x0000cea8                _lseek
                0x0000cecc                _open
                0x0000cee4                _read
                0x0000cf4c                _sbrk
                0x0000d024                _stat
                0x0000d034                _times
                0x0000d04c                _unlink
                0x0000d064                _wait
                0x0000d07c                _write
 .text          0x0000d0d0        0x0 build/fonts/6x8.o
 .text          0x0000d0d0        0x0 build/fonts/ComicSansMS10.o
 .text          0x0000d0d0        0x0 build/fonts/ComicSansMS10.height.o
 .text          0x0000d0d0        0x0 build/fonts/ComicSansMS10.width.o
 .text          0x0000d0d0        0x0 build/fonts/ComicSansMS12.o
 .text          0x0000d0d0        0x0 build/fonts/ComicSansMS12.height.o
 .text          0x0000d0d0        0x0 build/fonts/ComicSansMS12.width.o
 .text          0x0000d0d0        0x0 build/fonts/EGA_8x8.o
 .text          0x0000d0d0        0x0 build/fonts/font6x8.o
 .text          0x0000d0d0        0x0 build/fonts/font6x8_width.o
 .text          0x0000d0d0        0x0 build/fonts/LucidaConsole10.o
 .text          0x0000d0d0        0x0 build/fonts/LucidaConsole10.width.o
 .text          0x0000d0d0        0x0 build/fonts/Noritake5x5.o
 .text          0x0000d0d0        0x0 build/fonts/Noritake5x5.width.o
 .text          0x0000d0d0        0x0 build/fonts/VGA_16x16.o
 .text          0x0000d0d0      0x110 build/fatfs/diskio.o
                0x0000d0d0                disk_initialize
                0x0000d104                disk_status
                0x0000d114                disk_read
                0x0000d13c                disk_write
                0x0000d164                get_fattime
                0x0000d16c                disk_ioctl
 .text          0x0000d1e0     0x3c44 build/fatfs/ff.o
                0x0000e760                clust2sect
                0x0000e784                get_fat
                0x0000e7a4                put_fat
                0x0000e7c4                f_mount
                0x0000e850                f_open
                0x0000eac0                f_read
                0x0000ed88                f_write
                0x0000f10c                f_sync
                0x0000f228                f_close
                0x0000f250                f_lseek
                0x0000f6c4                f_opendir
                0x0000f7a4                f_closedir
                0x0000f7bc                f_readdir
                0x0000f860                f_stat
                0x0000f8e4                f_getfree
                0x0000fa70                f_truncate
                0x0000fbf0                f_unlink
                0x0000fd44                f_mkdir
                0x00010074                f_chmod
                0x00010108                f_utime
                0x000101a8                f_rename
                0x000103b0                f_getlabel
                0x00010520                f_setlabel
                0x0001082c                f_gets
                0x000108a4                f_putc
                0x00010914                f_puts
                0x0001099c                f_printf
 .text          0x00010e24      0x148 build/mmc/block.o
                0x00010e24                block_read
                0x00010ee8                block_write
 .text          0x00010f6c     0x1fa0 build/mmc/emmc.o
                0x00011ccc                sd_card_init
                0x00012e1c                sd_read
                0x00012e94                sd_write
 .text          0x00012f0c       0x78 build/mmc/mbox.o
                0x00012f0c                mbox_read
                0x00012f48                mbox_write
 .text          0x00012f84       0x30 build/mmc/mmio.o
                0x00012f84                mmio_write
                0x00012fa0                mmio_read
 .text          0x00012fb4       0xb4 build/mmc/timer.o
                0x00012fb4                usleep
                0x00012ff0                register_timer
                0x00013028                compare_timer
 .text          0x00013068       0x80 build/gpio.o
                0x00013068                GetGpioAddress
                0x00013070                SetGpioFunction
                0x000130a8                SetGpio
 .text          0x000130e8       0x78 build/mailbox.o
                0x000130e8                GetMailboxBase
                0x000130f0                MailboxWrite
                0x00013124                MailboxRead
 .text          0x00013160       0x90 build/screens.o
                0x00013160                InitialiseFrameBuffer
                0x000131c0                FrameBufferInfo
 .text          0x000131f0        0x0 build/startup.o
 .text          0x000131f0      0x114 /home/bseip/MentorGraphics/Sourcery_CodeBench_Lite_for_ARM_EABI/lib/gcc/arm-none-eabi/4.8.1/libgcc.a(_udivsi3.o)
                0x000131f0                __udivsi3
                0x000131f0                __aeabi_uidiv
                0x000132e4                __aeabi_uidivmod
 .text          0x00013304      0x148 /home/bseip/MentorGraphics/Sourcery_CodeBench_Lite_for_ARM_EABI/lib/gcc/arm-none-eabi/4.8.1/libgcc.a(_divsi3.o)
                0x00013304                __aeabi_idiv
                0x00013304                __divsi3
                0x0001342c                __aeabi_idivmod
 .text          0x0001344c        0x4 /home/bseip/MentorGraphics/Sourcery_CodeBench_Lite_for_ARM_EABI/lib/gcc/arm-none-eabi/4.8.1/libgcc.a(_dvmd_tls.o)
                0x0001344c                __aeabi_ldiv0
                0x0001344c                __aeabi_idiv0
 .text          0x00013450      0xfe8 /home/bseip/MentorGraphics/Sourcery_CodeBench_Lite_for_ARM_EABI/lib/gcc/arm-none-eabi/4.8.1/libgcc.a(unwind-arm.o)
                0x000138d8                _Unwind_GetCFA
                0x000138e0                __gnu_Unwind_RaiseException
                0x00013990                __gnu_Unwind_ForcedUnwind
                0x000139b4                __gnu_Unwind_Resume
                0x00013a28                __gnu_Unwind_Resume_or_Rethrow
                0x00013a44                _Unwind_Complete
                0x00013a48                _Unwind_DeleteException
                0x00013a6c                _Unwind_VRS_Get
                0x00013af8                _Unwind_VRS_Set
                0x00013b84                __gnu_Unwind_Backtrace
                0x00014084                __aeabi_unwind_cpp_pr0
                0x0001408c                __aeabi_unwind_cpp_pr1
                0x00014094                __aeabi_unwind_cpp_pr2
                0x0001409c                _Unwind_VRS_Pop
 .text          0x00014438      0x1b0 /home/bseip/MentorGraphics/Sourcery_CodeBench_Lite_for_ARM_EABI/lib/gcc/arm-none-eabi/4.8.1/libgcc.a(libunwind.o)
                0x00014438                __restore_core_regs
                0x00014438                restore_core_regs
                0x00014454                __gnu_Unwind_Restore_VFP
                0x0001445c                __gnu_Unwind_Save_VFP
                0x00014464                __gnu_Unwind_Restore_VFP_D
                0x0001446c                __gnu_Unwind_Save_VFP_D
                0x00014474                __gnu_Unwind_Restore_VFP_D_16_to_31
                0x0001447c                __gnu_Unwind_Save_VFP_D_16_to_31
                0x00014484                __gnu_Unwind_Restore_WMMXD
                0x000144c8                __gnu_Unwind_Save_WMMXD
                0x0001450c                __gnu_Unwind_Restore_WMMXC
                0x00014520                __gnu_Unwind_Save_WMMXC
                0x00014534                ___Unwind_RaiseException
                0x00014534                _Unwind_RaiseException
                0x00014558                ___Unwind_Resume
                0x00014558                _Unwind_Resume
                0x0001457c                _Unwind_Resume_or_Rethrow
                0x0001457c                ___Unwind_Resume_or_Rethrow
                0x000145a0                ___Unwind_ForcedUnwind
                0x000145a0                _Unwind_ForcedUnwind
                0x000145c4                _Unwind_Backtrace
                0x000145c4                ___Unwind_Backtrace
 .text          0x000145e8      0x4d0 /home/bseip/MentorGraphics/Sourcery_CodeBench_Lite_for_ARM_EABI/lib/gcc/arm-none-eabi/4.8.1/libgcc.a(pr-support.o)
                0x0001467c                __gnu_unwind_execute
                0x00014a2c                __gnu_unwind_frame
                0x00014a74                _Unwind_GetRegionStart
                0x00014a88                _Unwind_GetLanguageSpecificData
                0x00014aa8                _Unwind_GetDataRelBase
                0x00014ab0                _Unwind_GetTextRelBase
 .text          0x00014ab8       0x1c /home/bseip/MentorGraphics/Sourcery_CodeBench_Lite_for_ARM_EABI/arm-none-eabi/lib/libc.a(lib_a-aeabi_atexit.o)
                0x00014ab8                __aeabi_atexit
 .text          0x00014ad4       0x64 /home/bseip/MentorGraphics/Sourcery_CodeBench_Lite_for_ARM_EABI/arm-none-eabi/lib/libc.a(lib_a-assert.o)
                0x00014ad4                __assert_func
                0x00014b28                __assert
 .text          0x00014b38       0x24 /home/bseip/MentorGraphics/Sourcery_CodeBench_Lite_for_ARM_EABI/arm-none-eabi/lib/libc.a(lib_a-cxa_atexit.o)
                0x00014b38                __cxa_atexit
 .text          0x00014b5c       0x70 /home/bseip/MentorGraphics/Sourcery_CodeBench_Lite_for_ARM_EABI/arm-none-eabi/lib/libc.a(lib_a-fiprintf.o)
                0x00014b5c                _fiprintf_r
                0x00014b8c                fiprintf
 .text          0x00014bcc       0x70 /home/bseip/MentorGraphics/Sourcery_CodeBench_Lite_for_ARM_EABI/arm-none-eabi/lib/libc.a(lib_a-fprintf.o)
                0x00014bcc                _fprintf_r
                0x00014bfc                fprintf
 .text          0x00014c3c        0x0 /home/bseip/MentorGraphics/Sourcery_CodeBench_Lite_for_ARM_EABI/arm-none-eabi/lib/libc.a(lib_a-impure.o)
 .text          0x00014c3c       0x40 /home/bseip/MentorGraphics/Sourcery_CodeBench_Lite_for_ARM_EABI/arm-none-eabi/lib/libc.a(lib_a-malloc.o)
                0x00014c3c                malloc
                0x00014c5c                free
 .text          0x00014c7c      0x72c /home/bseip/MentorGraphics/Sourcery_CodeBench_Lite_for_ARM_EABI/arm-none-eabi/lib/libc.a(lib_a-mallocr.o)
                0x00014c7c                _malloc_r
 .text          0x000153a8       0xf0 /home/bseip/MentorGraphics/Sourcery_CodeBench_Lite_for_ARM_EABI/arm-none-eabi/lib/libc.a(lib_a-memcpy-stub.o)
                0x000153a8                memcpy
 .text          0x00015498      0x134 /home/bseip/MentorGraphics/Sourcery_CodeBench_Lite_for_ARM_EABI/arm-none-eabi/lib/libc.a(lib_a-memmove.o)
                0x00015498                memmove
 .text          0x000155cc       0xf4 /home/bseip/MentorGraphics/Sourcery_CodeBench_Lite_for_ARM_EABI/arm-none-eabi/lib/libc.a(lib_a-memset.o)
                0x000155cc                memset
 .text          0x000156c0        0x8 /home/bseip/MentorGraphics/Sourcery_CodeBench_Lite_for_ARM_EABI/arm-none-eabi/lib/libc.a(lib_a-mlock.o)
                0x000156c0                __malloc_lock
                0x000156c4                __malloc_unlock
 .text          0x000156c8       0x74 /home/bseip/MentorGraphics/Sourcery_CodeBench_Lite_for_ARM_EABI/arm-none-eabi/lib/libc.a(lib_a-printf.o)
                0x000156c8                _printf_r
                0x000156fc                printf
 .text          0x0001573c      0x134 /home/bseip/MentorGraphics/Sourcery_CodeBench_Lite_for_ARM_EABI/arm-none-eabi/lib/libc.a(lib_a-reent.o)
                0x0001573c                cleanup_glue
                0x00015768                _reclaim_reent
 .text          0x00015870       0x44 /home/bseip/MentorGraphics/Sourcery_CodeBench_Lite_for_ARM_EABI/arm-none-eabi/lib/libc.a(lib_a-sbrkr.o)
                0x00015870                _sbrk_r
 .text          0x000158b4       0xdc /home/bseip/MentorGraphics/Sourcery_CodeBench_Lite_for_ARM_EABI/arm-none-eabi/lib/libc.a(lib_a-sprintf.o)
                0x000158b4                _sprintf_r
                0x0001591c                sprintf
 .text          0x00015990      0x108 /home/bseip/MentorGraphics/Sourcery_CodeBench_Lite_for_ARM_EABI/arm-none-eabi/lib/libc.a(lib_a-sscanf.o)
                0x00015990                sscanf
                0x00015a14                _sscanf_r
 .text          0x00015a98       0xd8 /home/bseip/MentorGraphics/Sourcery_CodeBench_Lite_for_ARM_EABI/arm-none-eabi/lib/libc.a(lib_a-stdio.o)
                0x00015a98                __sread
                0x00015acc                __seofread
                0x00015ad4                __swrite
                0x00015b2c                __sseek
                0x00015b5c                __sclose
 .text          0x00015b70       0x60 /home/bseip/MentorGraphics/Sourcery_CodeBench_Lite_for_ARM_EABI/arm-none-eabi/lib/libc.a(lib_a-strlen.o)
                0x00015b70                strlen
 .text          0x00015bd0       0xd4 /home/bseip/MentorGraphics/Sourcery_CodeBench_Lite_for_ARM_EABI/arm-none-eabi/lib/libc.a(lib_a-strncpy.o)
                0x00015bd0                strncpy
 .text          0x00015ca4     0x1f0c /home/bseip/MentorGraphics/Sourcery_CodeBench_Lite_for_ARM_EABI/arm-none-eabi/lib/libc.a(lib_a-svfprintf.o)
                0x00015ca4                _svfprintf_r
 .text          0x00017bb0     0x1590 /home/bseip/MentorGraphics/Sourcery_CodeBench_Lite_for_ARM_EABI/arm-none-eabi/lib/libc.a(lib_a-svfscanf.o)
                0x00017bb0                __ssvfscanf_r
 .text          0x00019140       0x24 /home/bseip/MentorGraphics/Sourcery_CodeBench_Lite_for_ARM_EABI/arm-none-eabi/lib/libc.a(lib_a-toupper.o)
                0x00019140                toupper
 .text          0x00019164     0x1410 /home/bseip/MentorGraphics/Sourcery_CodeBench_Lite_for_ARM_EABI/arm-none-eabi/lib/libc.a(lib_a-vfiprintf.o)
                0x00019210                __sprint_r
                0x00019228                _vfiprintf_r
                0x0001a47c                vfiprintf
 .text          0x0001a574     0x2078 /home/bseip/MentorGraphics/Sourcery_CodeBench_Lite_for_ARM_EABI/arm-none-eabi/lib/libc.a(lib_a-vfprintf.o)
                0x0001a574                _vfprintf_r
                0x0001c4f4                vfprintf
 .text          0x0001c5ec       0x44 /home/bseip/MentorGraphics/Sourcery_CodeBench_Lite_for_ARM_EABI/arm-none-eabi/lib/libc.a(lib_a-writer.o)
                0x0001c5ec                _write_r
 .text          0x0001c630      0x15c /home/bseip/MentorGraphics/Sourcery_CodeBench_Lite_for_ARM_EABI/arm-none-eabi/lib/libc.a(lib_a-wsetup.o)
                0x0001c630                __swsetup_r
 .text          0x0001c78c       0xf0 /home/bseip/MentorGraphics/Sourcery_CodeBench_Lite_for_ARM_EABI/arm-none-eabi/lib/libc.a(lib_a-__atexit.o)
                0x0001c78c                __register_exitproc
 .text          0x0001c87c       0x3c /home/bseip/MentorGraphics/Sourcery_CodeBench_Lite_for_ARM_EABI/arm-none-eabi/lib/libc.a(lib_a-closer.o)
                0x0001c87c                _close_r
 .text          0x0001c8b8        0x0 /home/bseip/MentorGraphics/Sourcery_CodeBench_Lite_for_ARM_EABI/arm-none-eabi/lib/libc.a(lib_a-ctype_.o)
 .text          0x0001c8b8     0x18d8 /home/bseip/MentorGraphics/Sourcery_CodeBench_Lite_for_ARM_EABI/arm-none-eabi/lib/libc.a(lib_a-dtoa.o)
                0x0001ca98                _dtoa_r
 .text          0x0001e190      0x2d4 /home/bseip/MentorGraphics/Sourcery_CodeBench_Lite_for_ARM_EABI/arm-none-eabi/lib/libc.a(lib_a-fflush.o)
                0x0001e190                __sflush_r
                0x0001e3d4                _fflush_r
                0x0001e428                fflush
 .text          0x0001e464      0x354 /home/bseip/MentorGraphics/Sourcery_CodeBench_Lite_for_ARM_EABI/arm-none-eabi/lib/libc.a(lib_a-findfp.o)
                0x0001e474                _cleanup_r
                0x0001e48c                __sfmoreglue
                0x0001e4dc                _cleanup
                0x0001e500                __sinit
                0x0001e668                __sfp
                0x0001e760                __sfp_lock_acquire
                0x0001e764                __sfp_lock_release
                0x0001e768                __sinit_lock_acquire
                0x0001e76c                __sinit_lock_release
                0x0001e770                __fp_lock_all
                0x0001e794                __fp_unlock_all
 .text          0x0001e7b8      0x188 /home/bseip/MentorGraphics/Sourcery_CodeBench_Lite_for_ARM_EABI/arm-none-eabi/lib/libc.a(lib_a-fputwc.o)
                0x0001e7b8                _fputwc_r
                0x0001e8fc                fputwc
 .text          0x0001e940      0x36c /home/bseip/MentorGraphics/Sourcery_CodeBench_Lite_for_ARM_EABI/arm-none-eabi/lib/libc.a(lib_a-freer.o)
                0x0001e940                _malloc_trim_r
                0x0001ea40                _free_r
 .text          0x0001ecac      0x4d0 /home/bseip/MentorGraphics/Sourcery_CodeBench_Lite_for_ARM_EABI/arm-none-eabi/lib/libc.a(lib_a-fvwrite.o)
                0x0001ecac                __sfvwrite_r
 .text          0x0001f17c      0x110 /home/bseip/MentorGraphics/Sourcery_CodeBench_Lite_for_ARM_EABI/arm-none-eabi/lib/libc.a(lib_a-fwalk.o)
                0x0001f17c                _fwalk
                0x0001f200                _fwalk_reent
 .text          0x0001f28c       0x24 /home/bseip/MentorGraphics/Sourcery_CodeBench_Lite_for_ARM_EABI/arm-none-eabi/lib/libc.a(lib_a-iswspace.o)
                0x0001f28c                iswspace
 .text          0x0001f2b0       0xd0 /home/bseip/MentorGraphics/Sourcery_CodeBench_Lite_for_ARM_EABI/arm-none-eabi/lib/libc.a(lib_a-locale.o)
                0x0001f2b0                _setlocale_r
                0x0001f320                __locale_charset
                0x0001f32c                __locale_mb_cur_max
                0x0001f33c                __locale_msgcharset
                0x0001f348                __locale_cjk_lang
                0x0001f350                _localeconv_r
                0x0001f35c                setlocale
                0x0001f374                localeconv
 .text          0x0001f380       0x44 /home/bseip/MentorGraphics/Sourcery_CodeBench_Lite_for_ARM_EABI/arm-none-eabi/lib/libc.a(lib_a-lseekr.o)
                0x0001f380                _lseek_r
 .text          0x0001f3c4      0x174 /home/bseip/MentorGraphics/Sourcery_CodeBench_Lite_for_ARM_EABI/arm-none-eabi/lib/libc.a(lib_a-makebuf.o)
                0x0001f3c4                __smakebuf_r
 .text          0x0001f538      0x138 /home/bseip/MentorGraphics/Sourcery_CodeBench_Lite_for_ARM_EABI/arm-none-eabi/lib/libc.a(lib_a-mbrtowc.o)
                0x0001f538                _mbrtowc_r
                0x0001f5d0                mbrtowc
 .text          0x0001f670       0xa0 /home/bseip/MentorGraphics/Sourcery_CodeBench_Lite_for_ARM_EABI/arm-none-eabi/lib/libc.a(lib_a-mbtowc_r.o)
                0x0001f670                __ascii_mbtowc
                0x0001f6bc                _mbtowc_r
 .text          0x0001f710      0x114 /home/bseip/MentorGraphics/Sourcery_CodeBench_Lite_for_ARM_EABI/arm-none-eabi/lib/libc.a(lib_a-memchr-stub.o)
                0x0001f710                memchr
 .text          0x0001f824      0xd2c /home/bseip/MentorGraphics/Sourcery_CodeBench_Lite_for_ARM_EABI/arm-none-eabi/lib/libc.a(lib_a-mprec.o)
                0x0001f824                _Balloc
                0x0001f8b0                _Bfree
                0x0001f8cc                __multadd
                0x0001f9a8                __s2b
                0x0001fa90                __hi0bits
                0x0001faec                __lo0bits
                0x0001fb80                __i2b
                0x0001fba4                __multiply
                0x0001fd8c                __pow5mult
                0x0001fe90                __lshift
                0x0001ff9c                __mcmp
                0x0001fffc                __mdiff
                0x00020140                __ulp
                0x000201a4                __b2d
                0x00020278                __d2b
                0x00020384                __ratio
                0x0002040c                _mprec_log10
                0x00020464                __copybits
                0x000204d4                __any_on
 .text          0x00020550       0x44 /home/bseip/MentorGraphics/Sourcery_CodeBench_Lite_for_ARM_EABI/arm-none-eabi/lib/libc.a(lib_a-readr.o)
                0x00020550                _read_r
 .text          0x00020594      0x56c /home/bseip/MentorGraphics/Sourcery_CodeBench_Lite_for_ARM_EABI/arm-none-eabi/lib/libc.a(lib_a-reallocr.o)
                0x00020594                _realloc_r
 .text          0x00020b00       0x6c /home/bseip/MentorGraphics/Sourcery_CodeBench_Lite_for_ARM_EABI/arm-none-eabi/lib/libc.a(lib_a-s_fpclassify.o)
                0x00020b00                __fpclassifyd
 .text          0x00020b6c       0xd4 /home/bseip/MentorGraphics/Sourcery_CodeBench_Lite_for_ARM_EABI/arm-none-eabi/lib/libc.a(lib_a-sccl.o)
                0x00020b6c                __sccl
 .text          0x00020c40        0xc /home/bseip/MentorGraphics/Sourcery_CodeBench_Lite_for_ARM_EABI/arm-none-eabi/lib/libc.a(lib_a-sf_nan.o)
                0x00020c40                nanf
 .text          0x00020c4c      0x230 /home/bseip/MentorGraphics/Sourcery_CodeBench_Lite_for_ARM_EABI/arm-none-eabi/lib/libc.a(lib_a-strcmp.o)
                0x00020c4c                strcmp
 *fill*         0x00020e7c        0x4 
 .text          0x00020e80     0x1708 /home/bseip/MentorGraphics/Sourcery_CodeBench_Lite_for_ARM_EABI/arm-none-eabi/lib/libc.a(lib_a-strtod.o)
                0x00020e80                _strtod_r
                0x0002247c                strtod
                0x00022494                strtof
 .text          0x00022588      0x1f8 /home/bseip/MentorGraphics/Sourcery_CodeBench_Lite_for_ARM_EABI/arm-none-eabi/lib/libc.a(lib_a-strtol.o)
                0x00022588                _strtol_r
                0x00022758                strtol
 .text          0x00022780      0x2ac /home/bseip/MentorGraphics/Sourcery_CodeBench_Lite_for_ARM_EABI/arm-none-eabi/lib/libc.a(lib_a-strtoll_r.o)
                0x00022780                _strtoll_r
 .text          0x00022a2c      0x20c /home/bseip/MentorGraphics/Sourcery_CodeBench_Lite_for_ARM_EABI/arm-none-eabi/lib/libc.a(lib_a-strtoul.o)
                0x00022a2c                _strtoul_r
                0x00022c10                strtoul
 .text          0x00022c38      0x290 /home/bseip/MentorGraphics/Sourcery_CodeBench_Lite_for_ARM_EABI/arm-none-eabi/lib/libc.a(lib_a-strtoull_r.o)
                0x00022c38                _strtoull_r
 .text          0x00022ec8     0x128c /home/bseip/MentorGraphics/Sourcery_CodeBench_Lite_for_ARM_EABI/arm-none-eabi/lib/libc.a(lib_a-svfiprintf.o)
                0x00022ec8                __ssprint_r
                0x00023074                _svfiprintf_r
 .text          0x00024154     0x1178 /home/bseip/MentorGraphics/Sourcery_CodeBench_Lite_for_ARM_EABI/arm-none-eabi/lib/libc.a(lib_a-svfiscanf.o)
                0x00024154                _sungetc_r
                0x00024244                __ssrefill_r
                0x000242ac                _sfread_r
                0x00024378                __ssvfiscanf_r
 .text          0x000252cc      0x244 /home/bseip/MentorGraphics/Sourcery_CodeBench_Lite_for_ARM_EABI/arm-none-eabi/lib/libc.a(lib_a-ungetc.o)
                0x000252cc                __submore
                0x0002537c                _ungetc_r
                0x000254f8                ungetc
 .text          0x00025510      0x13c /home/bseip/MentorGraphics/Sourcery_CodeBench_Lite_for_ARM_EABI/arm-none-eabi/lib/libc.a(lib_a-wbuf.o)
                0x00025510                __swbuf_r
                0x00025634                __swbuf
 .text          0x0002564c      0x128 /home/bseip/MentorGraphics/Sourcery_CodeBench_Lite_for_ARM_EABI/arm-none-eabi/lib/libc.a(lib_a-wcrtomb.o)
                0x0002564c                _wcrtomb_r
                0x000256dc                wcrtomb
 .text          0x00025774       0x7c /home/bseip/MentorGraphics/Sourcery_CodeBench_Lite_for_ARM_EABI/arm-none-eabi/lib/libc.a(lib_a-wctomb_r.o)
                0x00025774                __ascii_wctomb
                0x000257a0                _wctomb_r
 .text          0x000257f0       0x9c /home/bseip/MentorGraphics/Sourcery_CodeBench_Lite_for_ARM_EABI/arm-none-eabi/lib/libc.a(lib_a-callocr.o)
                0x000257f0                _calloc_r
 .text          0x0002588c      0x104 /home/bseip/MentorGraphics/Sourcery_CodeBench_Lite_for_ARM_EABI/arm-none-eabi/lib/libc.a(lib_a-fclose.o)
                0x0002588c                _fclose_r
                0x0002597c                fclose
 .text          0x00025990       0x40 /home/bseip/MentorGraphics/Sourcery_CodeBench_Lite_for_ARM_EABI/arm-none-eabi/lib/libc.a(lib_a-fstatr.o)
                0x00025990                _fstat_r
 .text          0x000259d0      0x908 /home/bseip/MentorGraphics/Sourcery_CodeBench_Lite_for_ARM_EABI/arm-none-eabi/lib/libc.a(lib_a-gdtoa-gethex.o)
                0x00025ac4                __gethex
 .text          0x000262d8      0x284 /home/bseip/MentorGraphics/Sourcery_CodeBench_Lite_for_ARM_EABI/arm-none-eabi/lib/libc.a(lib_a-gdtoa-hexnan.o)
                0x000262d8                __hexnan
 .text          0x0002655c       0x3c /home/bseip/MentorGraphics/Sourcery_CodeBench_Lite_for_ARM_EABI/arm-none-eabi/lib/libc.a(lib_a-isattyr.o)
                0x0002655c                _isatty_r
 .text          0x00026598      0x160 /home/bseip/MentorGraphics/Sourcery_CodeBench_Lite_for_ARM_EABI/arm-none-eabi/lib/libc.a(lib_a-strncmp.o)
                0x00026598                strncmp
 .text          0x000266f8        0x0 /home/bseip/MentorGraphics/Sourcery_CodeBench_Lite_for_ARM_EABI/arm-none-eabi/lib/libstdc++.a(eh_catch.o)
 .text          0x000266f8        0x0 /home/bseip/MentorGraphics/Sourcery_CodeBench_Lite_for_ARM_EABI/arm-none-eabi/lib/libstdc++.a(si_class_type_info.o)
 .text          0x000266f8        0x0 /home/bseip/MentorGraphics/Sourcery_CodeBench_Lite_for_ARM_EABI/arm-none-eabi/lib/libstdc++.a(eh_terminate.o)
 .text          0x000266f8        0x0 /home/bseip/MentorGraphics/Sourcery_CodeBench_Lite_for_ARM_EABI/arm-none-eabi/lib/libstdc++.a(tinfo.o)
 .text          0x000266f8        0x0 /home/bseip/MentorGraphics/Sourcery_CodeBench_Lite_for_ARM_EABI/arm-none-eabi/lib/libstdc++.a(eh_alloc.o)
 .text          0x000266f8        0x0 /home/bseip/MentorGraphics/Sourcery_CodeBench_Lite_for_ARM_EABI/arm-none-eabi/lib/libstdc++.a(eh_personality.o)
 .text          0x000266f8        0x0 /home/bseip/MentorGraphics/Sourcery_CodeBench_Lite_for_ARM_EABI/arm-none-eabi/lib/libstdc++.a(eh_arm.o)
 .text          0x000266f8        0x0 /home/bseip/MentorGraphics/Sourcery_CodeBench_Lite_for_ARM_EABI/arm-none-eabi/lib/libstdc++.a(eh_exception.o)
 .text          0x000266f8        0x0 /home/bseip/MentorGraphics/Sourcery_CodeBench_Lite_for_ARM_EABI/arm-none-eabi/lib/libstdc++.a(eh_globals.o)
 .text          0x000266f8        0x0 /home/bseip/MentorGraphics/Sourcery_CodeBench_Lite_for_ARM_EABI/arm-none-eabi/lib/libstdc++.a(eh_call.o)
 .text          0x000266f8        0x0 /home/bseip/MentorGraphics/Sourcery_CodeBench_Lite_for_ARM_EABI/arm-none-eabi/lib/libstdc++.a(eh_throw.o)
 .text          0x000266f8        0x0 /home/bseip/MentorGraphics/Sourcery_CodeBench_Lite_for_ARM_EABI/arm-none-eabi/lib/libstdc++.a(bad_alloc.o)
 .text          0x000266f8        0x0 /home/bseip/MentorGraphics/Sourcery_CodeBench_Lite_for_ARM_EABI/arm-none-eabi/lib/libstdc++.a(eh_unex_handler.o)
 .text          0x000266f8        0x0 /home/bseip/MentorGraphics/Sourcery_CodeBench_Lite_for_ARM_EABI/arm-none-eabi/lib/libstdc++.a(class_type_info.o)
 .text          0x000266f8        0x0 /home/bseip/MentorGraphics/Sourcery_CodeBench_Lite_for_ARM_EABI/arm-none-eabi/lib/libstdc++.a(eh_term_handler.o)
 .text          0x000266f8        0x0 /home/bseip/MentorGraphics/Sourcery_CodeBench_Lite_for_ARM_EABI/arm-none-eabi/lib/libstdc++.a(pure.o)
 .text          0x000266f8        0x0 /home/bseip/MentorGraphics/Sourcery_CodeBench_Lite_for_ARM_EABI/arm-none-eabi/lib/libstdc++.a(tree.o)
 .text          0x000266f8        0x0 /home/bseip/MentorGraphics/Sourcery_CodeBench_Lite_for_ARM_EABI/arm-none-eabi/lib/libstdc++.a(functexcept.o)
 .text          0x000266f8        0x0 /home/bseip/MentorGraphics/Sourcery_CodeBench_Lite_for_ARM_EABI/arm-none-eabi/lib/libstdc++.a(string-inst.o)
 .text          0x000266f8        0x0 /home/bseip/MentorGraphics/Sourcery_CodeBench_Lite_for_ARM_EABI/arm-none-eabi/lib/libstdc++.a(future.o)
 .text          0x000266f8        0x0 /home/bseip/MentorGraphics/Sourcery_CodeBench_Lite_for_ARM_EABI/arm-none-eabi/lib/libstdc++.a(functional.o)
 .text          0x000266f8        0x0 /home/bseip/MentorGraphics/Sourcery_CodeBench_Lite_for_ARM_EABI/arm-none-eabi/lib/libstdc++.a(regex.o)
 .text          0x000266f8        0x0 /home/bseip/MentorGraphics/Sourcery_CodeBench_Lite_for_ARM_EABI/arm-none-eabi/lib/libstdc++.a(bad_cast.o)
 .text          0x000266f8        0x0 /home/bseip/MentorGraphics/Sourcery_CodeBench_Lite_for_ARM_EABI/arm-none-eabi/lib/libstdc++.a(bad_typeid.o)
 .text          0x000266f8        0x0 /home/bseip/MentorGraphics/Sourcery_CodeBench_Lite_for_ARM_EABI/arm-none-eabi/lib/libstdc++.a(guard.o)
 .text          0x000266f8        0x0 /home/bseip/MentorGraphics/Sourcery_CodeBench_Lite_for_ARM_EABI/arm-none-eabi/lib/libstdc++.a(vterminate.o)
 .text          0x000266f8     0x8604 /home/bseip/MentorGraphics/Sourcery_CodeBench_Lite_for_ARM_EABI/arm-none-eabi/lib/libstdc++.a(cp-demangle.o)
                0x0002eb78                __cxa_demangle
                0x0002eccc                __gcclibcxx_demangle_callback
 .text          0x0002ecfc        0x0 /home/bseip/MentorGraphics/Sourcery_CodeBench_Lite_for_ARM_EABI/arm-none-eabi/lib/libstdc++.a(eh_type.o)
 .text          0x0002ecfc        0x0 /home/bseip/MentorGraphics/Sourcery_CodeBench_Lite_for_ARM_EABI/arm-none-eabi/lib/libstdc++.a(ios_failure.o)
 .text          0x0002ecfc        0x0 /home/bseip/MentorGraphics/Sourcery_CodeBench_Lite_for_ARM_EABI/arm-none-eabi/lib/libstdc++.a(stdexcept.o)
 .text          0x0002ecfc        0x0 /home/bseip/MentorGraphics/Sourcery_CodeBench_Lite_for_ARM_EABI/arm-none-eabi/lib/libstdc++.a(system_error.o)
 .text          0x0002ecfc        0x0 /home/bseip/MentorGraphics/Sourcery_CodeBench_Lite_for_ARM_EABI/arm-none-eabi/lib/libstdc++.a(guard_error.o)
 .text          0x0002ecfc        0x0 /home/bseip/MentorGraphics/Sourcery_CodeBench_Lite_for_ARM_EABI/lib/gcc/arm-none-eabi/4.8.1/crti.o
 .text          0x0002ecfc      0x128 /home/bseip/MentorGraphics/Sourcery_CodeBench_Lite_for_ARM_EABI/lib/gcc/arm-none-eabi/4.8.1/crtbegin.o
 .text          0x0002ee24        0x0 /home/bseip/MentorGraphics/Sourcery_CodeBench_Lite_for_ARM_EABI/lib/gcc/arm-none-eabi/4.8.1/crtend.o
 .text          0x0002ee24      0x41c /home/bseip/MentorGraphics/Sourcery_CodeBench_Lite_for_ARM_EABI/lib/gcc/arm-none-eabi/4.8.1/libgcc.a(_arm_addsubdf3.o)
                0x0002ee24                __aeabi_drsub
                0x0002ee2c                __aeabi_dsub
                0x0002ee2c                __subdf3
                0x0002ee30                __adddf3
                0x0002ee30                __aeabi_dadd
                0x0002f140                __aeabi_ui2d
                0x0002f140                __floatunsidf
                0x0002f164                __floatsidf
                0x0002f164                __aeabi_i2d
                0x0002f18c                __extendsfdf2
                0x0002f18c                __aeabi_f2d
                0x0002f1cc                __aeabi_ul2d
                0x0002f1cc                __floatundidf
                0x0002f1e0                __floatdidf
                0x0002f1e0                __aeabi_l2d
 .text          0x0002f240      0x49c /home/bseip/MentorGraphics/Sourcery_CodeBench_Lite_for_ARM_EABI/lib/gcc/arm-none-eabi/4.8.1/libgcc.a(_arm_muldivdf3.o)
                0x0002f240                __aeabi_dmul
                0x0002f240                __muldf3
                0x0002f4d0                __aeabi_ddiv
                0x0002f4d0                __divdf3
 .text          0x0002f6dc      0x144 /home/bseip/MentorGraphics/Sourcery_CodeBench_Lite_for_ARM_EABI/lib/gcc/arm-none-eabi/4.8.1/libgcc.a(_arm_cmpdf2.o)
                0x0002f6dc                __gtdf2
                0x0002f6dc                __gedf2
                0x0002f6e4                __ltdf2
                0x0002f6e4                __ledf2
                0x0002f6ec                __cmpdf2
                0x0002f6ec                __eqdf2
                0x0002f6ec                __nedf2
                0x0002f774                __aeabi_cdrcmple
                0x0002f790                __aeabi_cdcmple
                0x0002f790                __aeabi_cdcmpeq
                0x0002f7a8                __aeabi_dcmpeq
                0x0002f7c0                __aeabi_dcmplt
                0x0002f7d8                __aeabi_dcmple
                0x0002f7f0                __aeabi_dcmpge
                0x0002f808                __aeabi_dcmpgt
 .text          0x0002f820       0x5c /home/bseip/MentorGraphics/Sourcery_CodeBench_Lite_for_ARM_EABI/lib/gcc/arm-none-eabi/4.8.1/libgcc.a(_arm_fixdfsi.o)
                0x0002f820                __fixdfsi
                0x0002f820                __aeabi_d2iz
 .text          0x0002f87c       0x54 /home/bseip/MentorGraphics/Sourcery_CodeBench_Lite_for_ARM_EABI/lib/gcc/arm-none-eabi/4.8.1/libgcc.a(_arm_fixunsdfsi.o)
                0x0002f87c                __fixunsdfsi
                0x0002f87c                __aeabi_d2uiz
 .text          0x0002f8d0       0xa0 /home/bseip/MentorGraphics/Sourcery_CodeBench_Lite_for_ARM_EABI/lib/gcc/arm-none-eabi/4.8.1/libgcc.a(_arm_truncdfsf2.o)
                0x0002f8d0                __aeabi_d2f
                0x0002f8d0                __truncdfsf2
 .text          0x0002f970      0x114 /home/bseip/MentorGraphics/Sourcery_CodeBench_Lite_for_ARM_EABI/lib/gcc/arm-none-eabi/4.8.1/libgcc.a(_arm_cmpsf2.o)
                0x0002f970                __gtsf2
                0x0002f970                __gesf2
                0x0002f978                __lesf2
                0x0002f978                __ltsf2
                0x0002f980                __nesf2
                0x0002f980                __eqsf2
                0x0002f980                __cmpsf2
                0x0002f9e4                __aeabi_cfrcmple
                0x0002f9f4                __aeabi_cfcmple
                0x0002f9f4                __aeabi_cfcmpeq
                0x0002fa0c                __aeabi_fcmpeq
                0x0002fa24                __aeabi_fcmplt
                0x0002fa3c                __aeabi_fcmple
                0x0002fa54                __aeabi_fcmpge
                0x0002fa6c                __aeabi_fcmpgt
 .text          0x0002fa84       0x3c /home/bseip/MentorGraphics/Sourcery_CodeBench_Lite_for_ARM_EABI/lib/gcc/arm-none-eabi/4.8.1/libgcc.a(_aeabi_uldivmod.o)
                0x0002fa84                __aeabi_uldivmod
 .text          0x0002fac0       0x84 /home/bseip/MentorGraphics/Sourcery_CodeBench_Lite_for_ARM_EABI/lib/gcc/arm-none-eabi/4.8.1/libgcc.a(bpabi.o)
                0x0002fac0                __gnu_ldivmod_helper
                0x0002fb04                __gnu_uldivmod_helper
 .text          0x0002fb44      0x4d0 /home/bseip/MentorGraphics/Sourcery_CodeBench_Lite_for_ARM_EABI/lib/gcc/arm-none-eabi/4.8.1/libgcc.a(_divdi3.o)
                0x0002fb44                __divdi3
 .text          0x00030014      0x470 /home/bseip/MentorGraphics/Sourcery_CodeBench_Lite_for_ARM_EABI/lib/gcc/arm-none-eabi/4.8.1/libgcc.a(_udivdi3.o)
                0x00030014                __udivdi3
 .text          0x00030484       0x48 /home/bseip/MentorGraphics/Sourcery_CodeBench_Lite_for_ARM_EABI/lib/gcc/arm-none-eabi/4.8.1/libgcc.a(_clzsi2.o)
                0x00030484                __clzsi2
 .text          0x000304cc       0x8c /home/bseip/MentorGraphics/Sourcery_CodeBench_Lite_for_ARM_EABI/arm-none-eabi/lib/libc.a(lib_a-fputc.o)
                0x000304cc                _fputc_r
                0x00030510                fputc
 .text          0x00030558       0xa4 /home/bseip/MentorGraphics/Sourcery_CodeBench_Lite_for_ARM_EABI/arm-none-eabi/lib/libc.a(lib_a-fputs.o)
                0x00030558                _fputs_r
                0x000305e4                fputs
 .text          0x000305fc       0xdc /home/bseip/MentorGraphics/Sourcery_CodeBench_Lite_for_ARM_EABI/arm-none-eabi/lib/libc.a(lib_a-fwrite.o)
                0x000305fc                _fwrite_r
                0x00030698                fwrite
 .text          0x000306d8       0xb4 /home/bseip/MentorGraphics/Sourcery_CodeBench_Lite_for_ARM_EABI/arm-none-eabi/lib/libc.a(lib_a-memcmp.o)
                0x000306d8                memcmp
 .text          0x0003078c      0x158 /home/bseip/MentorGraphics/Sourcery_CodeBench_Lite_for_ARM_EABI/arm-none-eabi/lib/libc.a(lib_a-putc.o)
                0x0003078c                _putc_r
                0x00030830                putc
 .text          0x000308e4       0x24 /home/bseip/MentorGraphics/Sourcery_CodeBench_Lite_for_ARM_EABI/arm-none-eabi/lib/libc.a(lib_a-realloc.o)
                0x000308e4                realloc
 .text          0x00030908      0x614 /home/bseip/MentorGraphics/Sourcery_CodeBench_Lite_for_ARM_EABI/arm-none-eabi/lib/libc.a(lib_a-strerror.o)
                0x00030908                _strerror_r
                0x00030f00                strerror
 .text          0x00030f1c       0x2c /home/bseip/MentorGraphics/Sourcery_CodeBench_Lite_for_ARM_EABI/arm-none-eabi/lib/libc.a(lib_a-syswrite.o)
                0x00030f1c                write
 .text          0x00030f48        0x8 /home/bseip/MentorGraphics/Sourcery_CodeBench_Lite_for_ARM_EABI/arm-none-eabi/lib/libc.a(lib_a-u_strerr.o)
                0x00030f48                _user_strerror
                0x00030f50                _TEXT_END_ = .

.glue_7         0x00030f50        0x0
 .glue_7        0x00000000        0x0 linker stubs

.glue_7t        0x00030f50        0x0
 .glue_7t       0x00000000        0x0 linker stubs

.vfp11_veneer   0x00030f50        0x0
 .vfp11_veneer  0x00000000        0x0 linker stubs

.v4_bx          0x00030f50        0x0
 .v4_bx         0x00000000        0x0 linker stubs

.text.startup   0x00030f50      0xb98
 .text.startup  0x00030f50      0xaa0 build/main.o
                0x00030f50                main
 .text.startup  0x000319f0       0x84 build/gapi/common.o
 .text.startup  0x00031a74       0x74 build/gapi/memory_tracking.o

.iplt           0x00031ae8        0x0
 .iplt          0x00000000        0x0 build/main.o

.text._ZNSt11_Deque_baseIiSaIiEED2Ev
                0x00031ae8       0x48
 .text._ZNSt11_Deque_baseIiSaIiEED2Ev
                0x00031ae8       0x48 build/gapi/common.o
                0x00031ae8                std::_Deque_base<int, std::allocator<int> >::~_Deque_base()
                0x00031ae8                std::_Deque_base<int, std::allocator<int> >::~_Deque_base()

.text._ZNSt5queueIiSt5dequeIiSaIiEEED2Ev
                0x00031b30       0x14
 .text._ZNSt5queueIiSt5dequeIiSaIiEEED2Ev
                0x00031b30       0x14 build/gapi/common.o
                0x00031b30                std::queue<int, std::deque<int, std::allocator<int> > >::~queue()
                0x00031b30                std::queue<int, std::deque<int, std::allocator<int> > >::~queue()

.text._ZNSt11_Deque_baseIiSaIiEE17_M_initialize_mapEj
                0x00031b44       0xf8
 .text._ZNSt11_Deque_baseIiSaIiEE17_M_initialize_mapEj
                0x00031b44       0xf8 build/gapi/common.o
                0x00031b44                std::_Deque_base<int, std::allocator<int> >::_M_initialize_map(unsigned int)

.text._ZNSt5dequeIiSaIiEEC2ERKS1_
                0x00031c3c       0xfc
 .text._ZNSt5dequeIiSaIiEEC2ERKS1_
                0x00031c3c       0xfc build/gapi/common.o
                0x00031c3c                std::deque<int, std::allocator<int> >::deque(std::deque<int, std::allocator<int> > const&)
                0x00031c3c                std::deque<int, std::allocator<int> >::deque(std::deque<int, std::allocator<int> > const&)

.text._ZNSt6vectorIP14FlipbookActionSaIS1_EE13_M_insert_auxEN9__gnu_cxx17__normal_iteratorIPS1_S3_EERKS1_
                0x00031d38      0x150
 .text._ZNSt6vectorIP14FlipbookActionSaIS1_EE13_M_insert_auxEN9__gnu_cxx17__normal_iteratorIPS1_S3_EERKS1_
                0x00031d38      0x150 build/gapi/flipbook.o
                0x00031d38                std::vector<FlipbookAction*, std::allocator<FlipbookAction*> >::_M_insert_aux(__gnu_cxx::__normal_iterator<FlipbookAction**, std::vector<FlipbookAction*, std::allocator<FlipbookAction*> > >, FlipbookAction* const&)

.text._ZNSt6vectorIP17FlipbookAnimationSaIS1_EE13_M_insert_auxEN9__gnu_cxx17__normal_iteratorIPS1_S3_EERKS1_
                0x00031e88      0x150
 .text._ZNSt6vectorIP17FlipbookAnimationSaIS1_EE13_M_insert_auxEN9__gnu_cxx17__normal_iteratorIPS1_S3_EERKS1_
                0x00031e88      0x150 build/gapi/flipbook.o
                0x00031e88                std::vector<FlipbookAnimation*, std::allocator<FlipbookAnimation*> >::_M_insert_aux(__gnu_cxx::__normal_iterator<FlipbookAnimation**, std::vector<FlipbookAnimation*, std::allocator<FlipbookAnimation*> > >, FlipbookAnimation* const&)

.text._ZNSt6vectorIP13FlipbookFrameSaIS1_EE13_M_insert_auxEN9__gnu_cxx17__normal_iteratorIPS1_S3_EERKS1_
                0x00031fd8      0x150
 .text._ZNSt6vectorIP13FlipbookFrameSaIS1_EE13_M_insert_auxEN9__gnu_cxx17__normal_iteratorIPS1_S3_EERKS1_
                0x00031fd8      0x150 build/gapi/flipbook.o
                0x00031fd8                std::vector<FlipbookFrame*, std::allocator<FlipbookFrame*> >::_M_insert_aux(__gnu_cxx::__normal_iterator<FlipbookFrame**, std::vector<FlipbookFrame*, std::allocator<FlipbookFrame*> > >, FlipbookFrame* const&)

.text._ZNSt8_Rb_treeIPvSt4pairIKS0_jESt10_Select1stIS3_ESt4lessIS0_ESaIS3_EE24_M_get_insert_unique_posERS2_
                0x00032128       0xa8
 .text._ZNSt8_Rb_treeIPvSt4pairIKS0_jESt10_Select1stIS3_ESt4lessIS0_ESaIS3_EE24_M_get_insert_unique_posERS2_
                0x00032128       0xa8 build/gapi/memory_tracking.o
                0x00032128                std::_Rb_tree<void*, std::pair<void* const, unsigned int>, std::_Select1st<std::pair<void* const, unsigned int> >, std::less<void*>, std::allocator<std::pair<void* const, unsigned int> > >::_M_get_insert_unique_pos(void* const&)

.text._ZNSt8_Rb_treeIPvSt4pairIKS0_jESt10_Select1stIS3_ESt4lessIS0_ESaIS3_EE17_M_insert_unique_ESt23_Rb_tree_const_iteratorIS3_ERKS3_
                0x000321d0      0x178
 .text._ZNSt8_Rb_treeIPvSt4pairIKS0_jESt10_Select1stIS3_ESt4lessIS0_ESaIS3_EE17_M_insert_unique_ESt23_Rb_tree_const_iteratorIS3_ERKS3_
                0x000321d0      0x178 build/gapi/memory_tracking.o
                0x000321d0                std::_Rb_tree<void*, std::pair<void* const, unsigned int>, std::_Select1st<std::pair<void* const, unsigned int> >, std::less<void*>, std::allocator<std::pair<void* const, unsigned int> > >::_M_insert_unique_(std::_Rb_tree_const_iterator<std::pair<void* const, unsigned int> >, std::pair<void* const, unsigned int> const&)

.text._ZNSt8_Rb_treeIPvSt4pairIKS0_jESt10_Select1stIS3_ESt4lessIS0_ESaIS3_EE8_M_eraseEPSt13_Rb_tree_nodeIS3_E
                0x00032348      0x448
 .text._ZNSt8_Rb_treeIPvSt4pairIKS0_jESt10_Select1stIS3_ESt4lessIS0_ESaIS3_EE8_M_eraseEPSt13_Rb_tree_nodeIS3_E
                0x00032348      0x448 build/gapi/memory_tracking.o
                0x00032348                std::_Rb_tree<void*, std::pair<void* const, unsigned int>, std::_Select1st<std::pair<void* const, unsigned int> >, std::less<void*>, std::allocator<std::pair<void* const, unsigned int> > >::_M_erase(std::_Rb_tree_node<std::pair<void* const, unsigned int> >*)

.text._ZNSt3mapIPvjSt4lessIS0_ESaISt4pairIKS0_jEEED2Ev
                0x00032790       0x18
 .text._ZNSt3mapIPvjSt4lessIS0_ESaISt4pairIKS0_jEEED2Ev
                0x00032790       0x18 build/gapi/memory_tracking.o
                0x00032790                std::map<void*, unsigned int, std::less<void*>, std::allocator<std::pair<void* const, unsigned int> > >::~map()
                0x00032790                std::map<void*, unsigned int, std::less<void*>, std::allocator<std::pair<void* const, unsigned int> > >::~map()

.text._Z14tracked_deletePvRSt3mapIS_jSt4lessIS_ESaISt4pairIKS_jEEE
                0x000327a8      0x424
 .text._Z14tracked_deletePvRSt3mapIS_jSt4lessIS_ESaISt4pairIKS_jEEE
                0x000327a8      0x424 build/gapi/memory_tracking.o
                0x000327a8                tracked_delete(void*, std::map<void*, unsigned int, std::less<void*>, std::allocator<std::pair<void* const, unsigned int> > >&)

.text._ZN8WConsoleD2Ev
                0x00032bcc       0x34
 .text._ZN8WConsoleD2Ev
                0x00032bcc       0x34 build/gapi/wconsole.o
                0x00032bcc                WConsole::~WConsole()
                0x00032bcc                WConsole::~WConsole()

.text._ZN8WConsoleD0Ev
                0x00032c00       0x3c
 .text._ZN8WConsoleD0Ev
                0x00032c00       0x3c build/gapi/wconsole.o
                0x00032c00                WConsole::~WConsole()

.text._ZNSt8_Rb_treeIiSt4pairIKiP6WindowESt10_Select1stIS4_ESt4lessIiESaIS4_EE8_M_eraseEPSt13_Rb_tree_nodeIS4_E
                0x00032c3c       0x38
 .text._ZNSt8_Rb_treeIiSt4pairIKiP6WindowESt10_Select1stIS4_ESt4lessIiESaIS4_EE8_M_eraseEPSt13_Rb_tree_nodeIS4_E
                0x00032c3c       0x38 build/gapi/window.o
                0x00032c3c                std::_Rb_tree<int, std::pair<int const, Window*>, std::_Select1st<std::pair<int const, Window*> >, std::less<int>, std::allocator<std::pair<int const, Window*> > >::_M_erase(std::_Rb_tree_node<std::pair<int const, Window*> >*)

.text.unlikely  0x00032c74       0x64
 .text.unlikely
                0x00032c74       0x64 /home/bseip/MentorGraphics/Sourcery_CodeBench_Lite_for_ARM_EABI/arm-none-eabi/lib/libc.a(lib_a-strtod.o)

.text.__cxa_get_exception_ptr
                0x00032cd8        0x8
 .text.__cxa_get_exception_ptr
                0x00032cd8        0x8 /home/bseip/MentorGraphics/Sourcery_CodeBench_Lite_for_ARM_EABI/arm-none-eabi/lib/libstdc++.a(eh_catch.o)
                0x00032cd8                __cxa_get_exception_ptr

.text.__cxa_begin_catch
                0x00032ce0       0xe4
 .text.__cxa_begin_catch
                0x00032ce0       0xe4 /home/bseip/MentorGraphics/Sourcery_CodeBench_Lite_for_ARM_EABI/arm-none-eabi/lib/libstdc++.a(eh_catch.o)
                0x00032ce0                __cxa_begin_catch

.text.__cxa_end_catch
                0x00032dc4       0xe0
 .text.__cxa_end_catch
                0x00032dc4       0xe0 /home/bseip/MentorGraphics/Sourcery_CodeBench_Lite_for_ARM_EABI/arm-none-eabi/lib/libstdc++.a(eh_catch.o)
                0x00032dc4                __cxa_end_catch

.text._ZSt18uncaught_exceptionv
                0x00032ea4       0x1c
 .text._ZSt18uncaught_exceptionv
                0x00032ea4       0x1c /home/bseip/MentorGraphics/Sourcery_CodeBench_Lite_for_ARM_EABI/arm-none-eabi/lib/libstdc++.a(eh_catch.o)
                0x00032ea4                std::uncaught_exception()

.text._ZN10__cxxabiv120__si_class_type_infoD2Ev
                0x00032ec0       0x24
 .text._ZN10__cxxabiv120__si_class_type_infoD2Ev
                0x00032ec0       0x24 /home/bseip/MentorGraphics/Sourcery_CodeBench_Lite_for_ARM_EABI/arm-none-eabi/lib/libstdc++.a(si_class_type_info.o)
                0x00032ec0                __cxxabiv1::__si_class_type_info::~__si_class_type_info()
                0x00032ec0                __cxxabiv1::__si_class_type_info::~__si_class_type_info()

.text._ZN10__cxxabiv120__si_class_type_infoD0Ev
                0x00032ee4       0x2c
 .text._ZN10__cxxabiv120__si_class_type_infoD0Ev
                0x00032ee4       0x2c /home/bseip/MentorGraphics/Sourcery_CodeBench_Lite_for_ARM_EABI/arm-none-eabi/lib/libstdc++.a(si_class_type_info.o)
                0x00032ee4                __cxxabiv1::__si_class_type_info::~__si_class_type_info()

.text._ZNK10__cxxabiv120__si_class_type_info20__do_find_public_srcEiPKvPKNS_17__class_type_infoES2_
                0x00032f10       0x6c
 .text._ZNK10__cxxabiv120__si_class_type_info20__do_find_public_srcEiPKvPKNS_17__class_type_infoES2_
                0x00032f10       0x6c /home/bseip/MentorGraphics/Sourcery_CodeBench_Lite_for_ARM_EABI/arm-none-eabi/lib/libstdc++.a(si_class_type_info.o)
                0x00032f10                __cxxabiv1::__si_class_type_info::__do_find_public_src(int, void const*, __cxxabiv1::__class_type_info const*, void const*) const

.text._ZNK10__cxxabiv120__si_class_type_info12__do_dyncastEiNS_17__class_type_info10__sub_kindEPKS1_PKvS4_S6_RNS1_16__dyncast_resultE
                0x00032f7c       0xf0
 .text._ZNK10__cxxabiv120__si_class_type_info12__do_dyncastEiNS_17__class_type_info10__sub_kindEPKS1_PKvS4_S6_RNS1_16__dyncast_resultE
                0x00032f7c       0xf0 /home/bseip/MentorGraphics/Sourcery_CodeBench_Lite_for_ARM_EABI/arm-none-eabi/lib/libstdc++.a(si_class_type_info.o)
                0x00032f7c                __cxxabiv1::__si_class_type_info::__do_dyncast(int, __cxxabiv1::__class_type_info::__sub_kind, __cxxabiv1::__class_type_info const*, void const*, __cxxabiv1::__class_type_info const*, void const*, __cxxabiv1::__class_type_info::__dyncast_result&) const

.text._ZNK10__cxxabiv120__si_class_type_info11__do_upcastEPKNS_17__class_type_infoEPKvRNS1_15__upcast_resultE
                0x0003306c       0x48
 .text._ZNK10__cxxabiv120__si_class_type_info11__do_upcastEPKNS_17__class_type_infoEPKvRNS1_15__upcast_resultE
                0x0003306c       0x48 /home/bseip/MentorGraphics/Sourcery_CodeBench_Lite_for_ARM_EABI/arm-none-eabi/lib/libstdc++.a(si_class_type_info.o)
                0x0003306c                __cxxabiv1::__si_class_type_info::__do_upcast(__cxxabiv1::__class_type_info const*, void const*, __cxxabiv1::__class_type_info::__upcast_result&) const

.text._ZN10__cxxabiv111__terminateEPFvvE
                0x000330b4       0x34
 .text._ZN10__cxxabiv111__terminateEPFvvE
                0x000330b4       0x34 /home/bseip/MentorGraphics/Sourcery_CodeBench_Lite_for_ARM_EABI/arm-none-eabi/lib/libstdc++.a(eh_terminate.o)
                0x000330b4                __cxxabiv1::__terminate(void (*)())

.text._ZSt9terminatev
                0x000330e8       0x14
 .text._ZSt9terminatev
                0x000330e8       0x14 /home/bseip/MentorGraphics/Sourcery_CodeBench_Lite_for_ARM_EABI/arm-none-eabi/lib/libstdc++.a(eh_terminate.o)
                0x000330e8                std::terminate()

.text._ZN10__cxxabiv112__unexpectedEPFvvE
                0x000330fc       0x10
 .text._ZN10__cxxabiv112__unexpectedEPFvvE
                0x000330fc       0x10 /home/bseip/MentorGraphics/Sourcery_CodeBench_Lite_for_ARM_EABI/arm-none-eabi/lib/libstdc++.a(eh_terminate.o)
                0x000330fc                __cxxabiv1::__unexpected(void (*)())

.text._ZSt10unexpectedv
                0x0003310c       0x14
 .text._ZSt10unexpectedv
                0x0003310c       0x14 /home/bseip/MentorGraphics/Sourcery_CodeBench_Lite_for_ARM_EABI/arm-none-eabi/lib/libstdc++.a(eh_terminate.o)
                0x0003310c                std::unexpected()

.text._ZSt13set_terminatePFvvE
                0x00033120       0x18
 .text._ZSt13set_terminatePFvvE
                0x00033120       0x18 /home/bseip/MentorGraphics/Sourcery_CodeBench_Lite_for_ARM_EABI/arm-none-eabi/lib/libstdc++.a(eh_terminate.o)
                0x00033120                std::set_terminate(void (*)())

.text._ZSt14set_unexpectedPFvvE
                0x00033138       0x18
 .text._ZSt14set_unexpectedPFvvE
                0x00033138       0x18 /home/bseip/MentorGraphics/Sourcery_CodeBench_Lite_for_ARM_EABI/arm-none-eabi/lib/libstdc++.a(eh_terminate.o)
                0x00033138                std::set_unexpected(void (*)())

.text._ZNSt9type_infoD2Ev
                0x00033150       0x10
 .text._ZNSt9type_infoD2Ev
                0x00033150       0x10 /home/bseip/MentorGraphics/Sourcery_CodeBench_Lite_for_ARM_EABI/arm-none-eabi/lib/libstdc++.a(tinfo.o)
                0x00033150                std::type_info::~type_info()
                0x00033150                std::type_info::~type_info()

.text._ZNKSt9type_info14__is_pointer_pEv
                0x00033160        0x8
 .text._ZNKSt9type_info14__is_pointer_pEv
                0x00033160        0x8 /home/bseip/MentorGraphics/Sourcery_CodeBench_Lite_for_ARM_EABI/arm-none-eabi/lib/libstdc++.a(tinfo.o)
                0x00033160                std::type_info::__is_pointer_p() const

.text._ZNKSt9type_info15__is_function_pEv
                0x00033168        0x8
 .text._ZNKSt9type_info15__is_function_pEv
                0x00033168        0x8 /home/bseip/MentorGraphics/Sourcery_CodeBench_Lite_for_ARM_EABI/arm-none-eabi/lib/libstdc++.a(tinfo.o)
                0x00033168                std::type_info::__is_function_p() const

.text._ZNKSt9type_info11__do_upcastEPKN10__cxxabiv117__class_type_infoEPPv
                0x00033170        0x8
 .text._ZNKSt9type_info11__do_upcastEPKN10__cxxabiv117__class_type_infoEPPv
                0x00033170        0x8 /home/bseip/MentorGraphics/Sourcery_CodeBench_Lite_for_ARM_EABI/arm-none-eabi/lib/libstdc++.a(tinfo.o)
                0x00033170                std::type_info::__do_upcast(__cxxabiv1::__class_type_info const*, void**) const

.text._ZNSt9type_infoD0Ev
                0x00033178       0x24
 .text._ZNSt9type_infoD0Ev
                0x00033178       0x24 /home/bseip/MentorGraphics/Sourcery_CodeBench_Lite_for_ARM_EABI/arm-none-eabi/lib/libstdc++.a(tinfo.o)
                0x00033178                std::type_info::~type_info()

.text._ZNKSt9type_infoeqERKS_
                0x0003319c       0x50
 .text._ZNKSt9type_infoeqERKS_
                0x0003319c       0x50 /home/bseip/MentorGraphics/Sourcery_CodeBench_Lite_for_ARM_EABI/arm-none-eabi/lib/libstdc++.a(tinfo.o)
                0x0003319c                std::type_info::operator==(std::type_info const&) const

.text._ZNKSt9type_info10__do_catchEPKS_PPvj
                0x000331ec        0x4
 .text._ZNKSt9type_info10__do_catchEPKS_PPvj
                0x000331ec        0x4 /home/bseip/MentorGraphics/Sourcery_CodeBench_Lite_for_ARM_EABI/arm-none-eabi/lib/libstdc++.a(tinfo.o)
                0x000331ec                std::type_info::__do_catch(std::type_info const*, void**, unsigned int) const

.text.__cxa_allocate_exception
                0x000331f0       0x98
 .text.__cxa_allocate_exception
                0x000331f0       0x98 /home/bseip/MentorGraphics/Sourcery_CodeBench_Lite_for_ARM_EABI/arm-none-eabi/lib/libstdc++.a(eh_alloc.o)
                0x000331f0                __cxa_allocate_exception

.text.__cxa_free_exception
                0x00033288       0x58
 .text.__cxa_free_exception
                0x00033288       0x58 /home/bseip/MentorGraphics/Sourcery_CodeBench_Lite_for_ARM_EABI/arm-none-eabi/lib/libstdc++.a(eh_alloc.o)
                0x00033288                __cxa_free_exception

.text.__cxa_allocate_dependent_exception
                0x000332e0       0x90
 .text.__cxa_allocate_dependent_exception
                0x000332e0       0x90 /home/bseip/MentorGraphics/Sourcery_CodeBench_Lite_for_ARM_EABI/arm-none-eabi/lib/libstdc++.a(eh_alloc.o)
                0x000332e0                __cxa_allocate_dependent_exception

.text.__cxa_free_dependent_exception
                0x00033370       0x60
 .text.__cxa_free_dependent_exception
                0x00033370       0x60 /home/bseip/MentorGraphics/Sourcery_CodeBench_Lite_for_ARM_EABI/arm-none-eabi/lib/libstdc++.a(eh_alloc.o)
                0x00033370                __cxa_free_dependent_exception

.text._ZL12read_sleb128PKhPl
                0x000333d0       0x44
 .text._ZL12read_sleb128PKhPl
                0x000333d0       0x44 /home/bseip/MentorGraphics/Sourcery_CodeBench_Lite_for_ARM_EABI/arm-none-eabi/lib/libstdc++.a(eh_personality.o)

.text._ZL28read_encoded_value_with_basehjPKhPj
                0x00033414      0x174
 .text._ZL28read_encoded_value_with_basehjPKhPj
                0x00033414      0x174 /home/bseip/MentorGraphics/Sourcery_CodeBench_Lite_for_ARM_EABI/arm-none-eabi/lib/libstdc++.a(eh_personality.o)

.text._ZL21base_of_encoded_valuehP15_Unwind_Context
                0x00033588       0x84
 .text._ZL21base_of_encoded_valuehP15_Unwind_Context
                0x00033588       0x84 /home/bseip/MentorGraphics/Sourcery_CodeBench_Lite_for_ARM_EABI/arm-none-eabi/lib/libstdc++.a(eh_personality.o)

.text._ZL17parse_lsda_headerP15_Unwind_ContextPKhP16lsda_header_info
                0x0003360c       0xe0
 .text._ZL17parse_lsda_headerP15_Unwind_ContextPKhP16lsda_header_info
                0x0003360c       0xe0 /home/bseip/MentorGraphics/Sourcery_CodeBench_Lite_for_ARM_EABI/arm-none-eabi/lib/libstdc++.a(eh_personality.o)

.text.__gxx_personality_v0
                0x000336ec      0x62c
 .text.__gxx_personality_v0
                0x000336ec      0x62c /home/bseip/MentorGraphics/Sourcery_CodeBench_Lite_for_ARM_EABI/arm-none-eabi/lib/libstdc++.a(eh_personality.o)
                0x000336ec                __gxx_personality_v0

.text.__cxa_end_cleanup
                0x00033d18       0x10
 .text.__cxa_end_cleanup
                0x00033d18       0x10 /home/bseip/MentorGraphics/Sourcery_CodeBench_Lite_for_ARM_EABI/arm-none-eabi/lib/libstdc++.a(eh_arm.o)
                0x00033d18                __cxa_end_cleanup

.text.__cxa_type_match
                0x00033d28      0x148
 .text.__cxa_type_match
                0x00033d28      0x148 /home/bseip/MentorGraphics/Sourcery_CodeBench_Lite_for_ARM_EABI/arm-none-eabi/lib/libstdc++.a(eh_arm.o)
                0x00033d28                __cxa_type_match

.text.__cxa_begin_cleanup
                0x00033e70       0xbc
 .text.__cxa_begin_cleanup
                0x00033e70       0xbc /home/bseip/MentorGraphics/Sourcery_CodeBench_Lite_for_ARM_EABI/arm-none-eabi/lib/libstdc++.a(eh_arm.o)
                0x00033e70                __cxa_begin_cleanup

.text.__gnu_end_cleanup
                0x00033f2c       0xbc
 .text.__gnu_end_cleanup
                0x00033f2c       0xbc /home/bseip/MentorGraphics/Sourcery_CodeBench_Lite_for_ARM_EABI/arm-none-eabi/lib/libstdc++.a(eh_arm.o)
                0x00033f2c                __gnu_end_cleanup

.text._ZNSt9exceptionD2Ev
                0x00033fe8       0x10
 .text._ZNSt9exceptionD2Ev
                0x00033fe8       0x10 /home/bseip/MentorGraphics/Sourcery_CodeBench_Lite_for_ARM_EABI/arm-none-eabi/lib/libstdc++.a(eh_exception.o)
                0x00033fe8                std::exception::~exception()
                0x00033fe8                std::exception::~exception()

.text._ZNSt13bad_exceptionD2Ev
                0x00033ff8       0x10
 .text._ZNSt13bad_exceptionD2Ev
                0x00033ff8       0x10 /home/bseip/MentorGraphics/Sourcery_CodeBench_Lite_for_ARM_EABI/arm-none-eabi/lib/libstdc++.a(eh_exception.o)
                0x00033ff8                std::bad_exception::~bad_exception()
                0x00033ff8                std::bad_exception::~bad_exception()

.text._ZN10__cxxabiv115__forced_unwindD2Ev
                0x00034008       0x10
 .text._ZN10__cxxabiv115__forced_unwindD2Ev
                0x00034008       0x10 /home/bseip/MentorGraphics/Sourcery_CodeBench_Lite_for_ARM_EABI/arm-none-eabi/lib/libstdc++.a(eh_exception.o)
                0x00034008                __cxxabiv1::__forced_unwind::~__forced_unwind()
                0x00034008                __cxxabiv1::__forced_unwind::~__forced_unwind()

.text._ZN10__cxxabiv119__foreign_exceptionD2Ev
                0x00034018       0x10
 .text._ZN10__cxxabiv119__foreign_exceptionD2Ev
                0x00034018       0x10 /home/bseip/MentorGraphics/Sourcery_CodeBench_Lite_for_ARM_EABI/arm-none-eabi/lib/libstdc++.a(eh_exception.o)
                0x00034018                __cxxabiv1::__foreign_exception::~__foreign_exception()
                0x00034018                __cxxabiv1::__foreign_exception::~__foreign_exception()

.text._ZNKSt9exception4whatEv
                0x00034028        0xc
 .text._ZNKSt9exception4whatEv
                0x00034028        0xc /home/bseip/MentorGraphics/Sourcery_CodeBench_Lite_for_ARM_EABI/arm-none-eabi/lib/libstdc++.a(eh_exception.o)
                0x00034028                std::exception::what() const

.text._ZNKSt13bad_exception4whatEv
                0x00034034        0xc
 .text._ZNKSt13bad_exception4whatEv
                0x00034034        0xc /home/bseip/MentorGraphics/Sourcery_CodeBench_Lite_for_ARM_EABI/arm-none-eabi/lib/libstdc++.a(eh_exception.o)
                0x00034034                std::bad_exception::what() const

.text._ZNSt9exceptionD0Ev
                0x00034040       0x24
 .text._ZNSt9exceptionD0Ev
                0x00034040       0x24 /home/bseip/MentorGraphics/Sourcery_CodeBench_Lite_for_ARM_EABI/arm-none-eabi/lib/libstdc++.a(eh_exception.o)
                0x00034040                std::exception::~exception()

.text._ZNSt13bad_exceptionD0Ev
                0x00034064       0x24
 .text._ZNSt13bad_exceptionD0Ev
                0x00034064       0x24 /home/bseip/MentorGraphics/Sourcery_CodeBench_Lite_for_ARM_EABI/arm-none-eabi/lib/libstdc++.a(eh_exception.o)
                0x00034064                std::bad_exception::~bad_exception()

.text._ZN10__cxxabiv115__forced_unwindD0Ev
                0x00034088       0x24
 .text._ZN10__cxxabiv115__forced_unwindD0Ev
                0x00034088       0x24 /home/bseip/MentorGraphics/Sourcery_CodeBench_Lite_for_ARM_EABI/arm-none-eabi/lib/libstdc++.a(eh_exception.o)
                0x00034088                __cxxabiv1::__forced_unwind::~__forced_unwind()

.text._ZN10__cxxabiv119__foreign_exceptionD0Ev
                0x000340ac       0x24
 .text._ZN10__cxxabiv119__foreign_exceptionD0Ev
                0x000340ac       0x24 /home/bseip/MentorGraphics/Sourcery_CodeBench_Lite_for_ARM_EABI/arm-none-eabi/lib/libstdc++.a(eh_exception.o)
                0x000340ac                __cxxabiv1::__foreign_exception::~__foreign_exception()

.text.__cxa_get_globals_fast
                0x000340d0        0xc
 .text.__cxa_get_globals_fast
                0x000340d0        0xc /home/bseip/MentorGraphics/Sourcery_CodeBench_Lite_for_ARM_EABI/arm-none-eabi/lib/libstdc++.a(eh_globals.o)
                0x000340d0                __cxa_get_globals_fast

.text.__cxa_get_globals
                0x000340dc        0xc
 .text.__cxa_get_globals
                0x000340dc        0xc /home/bseip/MentorGraphics/Sourcery_CodeBench_Lite_for_ARM_EABI/arm-none-eabi/lib/libstdc++.a(eh_globals.o)
                0x000340dc                __cxa_get_globals

.text._ZN10__cxxabiv1L24__is_gxx_exception_classEPc
                0x000340e8       0x70
 .text._ZN10__cxxabiv1L24__is_gxx_exception_classEPc
                0x000340e8       0x70 /home/bseip/MentorGraphics/Sourcery_CodeBench_Lite_for_ARM_EABI/arm-none-eabi/lib/libstdc++.a(eh_call.o)

.text.__cxa_call_terminate
                0x00034158       0x2c
 .text.__cxa_call_terminate
                0x00034158       0x2c /home/bseip/MentorGraphics/Sourcery_CodeBench_Lite_for_ARM_EABI/arm-none-eabi/lib/libstdc++.a(eh_call.o)
                0x00034158                __cxa_call_terminate

.text.__cxa_call_unexpected
                0x00034184      0x134
 .text.__cxa_call_unexpected
                0x00034184      0x134 /home/bseip/MentorGraphics/Sourcery_CodeBench_Lite_for_ARM_EABI/arm-none-eabi/lib/libstdc++.a(eh_call.o)
                0x00034184                __cxa_call_unexpected

.text._ZL23__gxx_exception_cleanup19_Unwind_Reason_CodeP21_Unwind_Control_Block
                0x000342b8       0x3c
 .text._ZL23__gxx_exception_cleanup19_Unwind_Reason_CodeP21_Unwind_Control_Block
                0x000342b8       0x3c /home/bseip/MentorGraphics/Sourcery_CodeBench_Lite_for_ARM_EABI/arm-none-eabi/lib/libstdc++.a(eh_throw.o)

.text.__cxa_throw
                0x000342f4       0x94
 .text.__cxa_throw
                0x000342f4       0x94 /home/bseip/MentorGraphics/Sourcery_CodeBench_Lite_for_ARM_EABI/arm-none-eabi/lib/libstdc++.a(eh_throw.o)
                0x000342f4                __cxa_throw

.text.__cxa_rethrow
                0x00034388       0xb0
 .text.__cxa_rethrow
                0x00034388       0xb0 /home/bseip/MentorGraphics/Sourcery_CodeBench_Lite_for_ARM_EABI/arm-none-eabi/lib/libstdc++.a(eh_throw.o)
                0x00034388                __cxa_rethrow

.text._ZNKSt9bad_alloc4whatEv
                0x00034438        0xc
 .text._ZNKSt9bad_alloc4whatEv
                0x00034438        0xc /home/bseip/MentorGraphics/Sourcery_CodeBench_Lite_for_ARM_EABI/arm-none-eabi/lib/libstdc++.a(bad_alloc.o)
                0x00034438                std::bad_alloc::what() const

.text._ZNSt9bad_allocD2Ev
                0x00034444       0x24
 .text._ZNSt9bad_allocD2Ev
                0x00034444       0x24 /home/bseip/MentorGraphics/Sourcery_CodeBench_Lite_for_ARM_EABI/arm-none-eabi/lib/libstdc++.a(bad_alloc.o)
                0x00034444                std::bad_alloc::~bad_alloc()
                0x00034444                std::bad_alloc::~bad_alloc()

.text._ZNSt9bad_allocD0Ev
                0x00034468       0x2c
 .text._ZNSt9bad_allocD0Ev
                0x00034468       0x2c /home/bseip/MentorGraphics/Sourcery_CodeBench_Lite_for_ARM_EABI/arm-none-eabi/lib/libstdc++.a(bad_alloc.o)
                0x00034468                std::bad_alloc::~bad_alloc()

.text._ZNK10__cxxabiv117__class_type_info11__do_upcastEPKS0_PPv
                0x00034494       0x64
 .text._ZNK10__cxxabiv117__class_type_info11__do_upcastEPKS0_PPv
                0x00034494       0x64 /home/bseip/MentorGraphics/Sourcery_CodeBench_Lite_for_ARM_EABI/arm-none-eabi/lib/libstdc++.a(class_type_info.o)
                0x00034494                __cxxabiv1::__class_type_info::__do_upcast(__cxxabiv1::__class_type_info const*, void**) const

.text._ZNK10__cxxabiv117__class_type_info20__do_find_public_srcEiPKvPKS0_S2_
                0x000344f8       0x14
 .text._ZNK10__cxxabiv117__class_type_info20__do_find_public_srcEiPKvPKS0_S2_
                0x000344f8       0x14 /home/bseip/MentorGraphics/Sourcery_CodeBench_Lite_for_ARM_EABI/arm-none-eabi/lib/libstdc++.a(class_type_info.o)
                0x000344f8                __cxxabiv1::__class_type_info::__do_find_public_src(int, void const*, __cxxabiv1::__class_type_info const*, void const*) const

.text._ZN10__cxxabiv117__class_type_infoD2Ev
                0x0003450c       0x24
 .text._ZN10__cxxabiv117__class_type_infoD2Ev
                0x0003450c       0x24 /home/bseip/MentorGraphics/Sourcery_CodeBench_Lite_for_ARM_EABI/arm-none-eabi/lib/libstdc++.a(class_type_info.o)
                0x0003450c                __cxxabiv1::__class_type_info::~__class_type_info()
                0x0003450c                __cxxabiv1::__class_type_info::~__class_type_info()

.text._ZN10__cxxabiv117__class_type_infoD0Ev
                0x00034530       0x2c
 .text._ZN10__cxxabiv117__class_type_infoD0Ev
                0x00034530       0x2c /home/bseip/MentorGraphics/Sourcery_CodeBench_Lite_for_ARM_EABI/arm-none-eabi/lib/libstdc++.a(class_type_info.o)
                0x00034530                __cxxabiv1::__class_type_info::~__class_type_info()

.text._ZNK10__cxxabiv117__class_type_info11__do_upcastEPKS0_PKvRNS0_15__upcast_resultE
                0x0003455c       0x30
 .text._ZNK10__cxxabiv117__class_type_info11__do_upcastEPKS0_PKvRNS0_15__upcast_resultE
                0x0003455c       0x30 /home/bseip/MentorGraphics/Sourcery_CodeBench_Lite_for_ARM_EABI/arm-none-eabi/lib/libstdc++.a(class_type_info.o)
                0x0003455c                __cxxabiv1::__class_type_info::__do_upcast(__cxxabiv1::__class_type_info const*, void const*, __cxxabiv1::__class_type_info::__upcast_result&) const

.text._ZNK10__cxxabiv117__class_type_info10__do_catchEPKSt9type_infoPPvj
                0x0003458c       0x54
 .text._ZNK10__cxxabiv117__class_type_info10__do_catchEPKSt9type_infoPPvj
                0x0003458c       0x54 /home/bseip/MentorGraphics/Sourcery_CodeBench_Lite_for_ARM_EABI/arm-none-eabi/lib/libstdc++.a(class_type_info.o)
                0x0003458c                __cxxabiv1::__class_type_info::__do_catch(std::type_info const*, void**, unsigned int) const

.text._ZNK10__cxxabiv117__class_type_info12__do_dyncastEiNS0_10__sub_kindEPKS0_PKvS3_S5_RNS0_16__dyncast_resultE
                0x000345e0       0x7c
 .text._ZNK10__cxxabiv117__class_type_info12__do_dyncastEiNS0_10__sub_kindEPKS0_PKvS3_S5_RNS0_16__dyncast_resultE
                0x000345e0       0x7c /home/bseip/MentorGraphics/Sourcery_CodeBench_Lite_for_ARM_EABI/arm-none-eabi/lib/libstdc++.a(class_type_info.o)
                0x000345e0                __cxxabiv1::__class_type_info::__do_dyncast(int, __cxxabiv1::__class_type_info::__sub_kind, __cxxabiv1::__class_type_info const*, void const*, __cxxabiv1::__class_type_info const*, void const*, __cxxabiv1::__class_type_info::__dyncast_result&) const

.text.__cxa_pure_virtual
                0x0003465c       0x1c
 .text.__cxa_pure_virtual
                0x0003465c       0x1c /home/bseip/MentorGraphics/Sourcery_CodeBench_Lite_for_ARM_EABI/arm-none-eabi/lib/libstdc++.a(pure.o)
                0x0003465c                __cxa_pure_virtual

.text.__cxa_deleted_virtual
                0x00034678       0x1c
 .text.__cxa_deleted_virtual
                0x00034678       0x1c /home/bseip/MentorGraphics/Sourcery_CodeBench_Lite_for_ARM_EABI/arm-none-eabi/lib/libstdc++.a(pure.o)
                0x00034678                __cxa_deleted_virtual

.text._ZStL25local_Rb_tree_rotate_leftPSt18_Rb_tree_node_baseRS0_
                0x00034694       0x4c
 .text._ZStL25local_Rb_tree_rotate_leftPSt18_Rb_tree_node_baseRS0_
                0x00034694       0x4c /home/bseip/MentorGraphics/Sourcery_CodeBench_Lite_for_ARM_EABI/arm-none-eabi/lib/libstdc++.a(tree.o)

.text._ZStL26local_Rb_tree_rotate_rightPSt18_Rb_tree_node_baseRS0_
                0x000346e0       0x4c
 .text._ZStL26local_Rb_tree_rotate_rightPSt18_Rb_tree_node_baseRS0_
                0x000346e0       0x4c /home/bseip/MentorGraphics/Sourcery_CodeBench_Lite_for_ARM_EABI/arm-none-eabi/lib/libstdc++.a(tree.o)

.text._ZStL23local_Rb_tree_decrementPSt18_Rb_tree_node_base
                0x0003472c       0x80
 .text._ZStL23local_Rb_tree_decrementPSt18_Rb_tree_node_base
                0x0003472c       0x80 /home/bseip/MentorGraphics/Sourcery_CodeBench_Lite_for_ARM_EABI/arm-none-eabi/lib/libstdc++.a(tree.o)

.text._ZSt18_Rb_tree_incrementPSt18_Rb_tree_node_base
                0x000347ac       0x6c
 .text._ZSt18_Rb_tree_incrementPSt18_Rb_tree_node_base
                0x000347ac       0x6c /home/bseip/MentorGraphics/Sourcery_CodeBench_Lite_for_ARM_EABI/arm-none-eabi/lib/libstdc++.a(tree.o)
                0x000347ac                std::_Rb_tree_increment(std::_Rb_tree_node_base*)

.text._ZSt18_Rb_tree_incrementPKSt18_Rb_tree_node_base
                0x00034818       0x6c
 .text._ZSt18_Rb_tree_incrementPKSt18_Rb_tree_node_base
                0x00034818       0x6c /home/bseip/MentorGraphics/Sourcery_CodeBench_Lite_for_ARM_EABI/arm-none-eabi/lib/libstdc++.a(tree.o)
                0x00034818                std::_Rb_tree_increment(std::_Rb_tree_node_base const*)

.text._ZSt18_Rb_tree_decrementPSt18_Rb_tree_node_base
                0x00034884        0x4
 .text._ZSt18_Rb_tree_decrementPSt18_Rb_tree_node_base
                0x00034884        0x4 /home/bseip/MentorGraphics/Sourcery_CodeBench_Lite_for_ARM_EABI/arm-none-eabi/lib/libstdc++.a(tree.o)
                0x00034884                std::_Rb_tree_decrement(std::_Rb_tree_node_base*)

.text._ZSt18_Rb_tree_decrementPKSt18_Rb_tree_node_base
                0x00034888        0x4
 .text._ZSt18_Rb_tree_decrementPKSt18_Rb_tree_node_base
                0x00034888        0x4 /home/bseip/MentorGraphics/Sourcery_CodeBench_Lite_for_ARM_EABI/arm-none-eabi/lib/libstdc++.a(tree.o)
                0x00034888                std::_Rb_tree_decrement(std::_Rb_tree_node_base const*)

.text._ZSt20_Rb_tree_rotate_leftPSt18_Rb_tree_node_baseRS0_
                0x0003488c        0x4
 .text._ZSt20_Rb_tree_rotate_leftPSt18_Rb_tree_node_baseRS0_
                0x0003488c        0x4 /home/bseip/MentorGraphics/Sourcery_CodeBench_Lite_for_ARM_EABI/arm-none-eabi/lib/libstdc++.a(tree.o)
                0x0003488c                std::_Rb_tree_rotate_left(std::_Rb_tree_node_base*, std::_Rb_tree_node_base*&)

.text._ZSt21_Rb_tree_rotate_rightPSt18_Rb_tree_node_baseRS0_
                0x00034890        0x4
 .text._ZSt21_Rb_tree_rotate_rightPSt18_Rb_tree_node_baseRS0_
                0x00034890        0x4 /home/bseip/MentorGraphics/Sourcery_CodeBench_Lite_for_ARM_EABI/arm-none-eabi/lib/libstdc++.a(tree.o)
                0x00034890                std::_Rb_tree_rotate_right(std::_Rb_tree_node_base*, std::_Rb_tree_node_base*&)

.text._ZSt29_Rb_tree_insert_and_rebalancebPSt18_Rb_tree_node_baseS0_RS_
                0x00034894      0x17c
 .text._ZSt29_Rb_tree_insert_and_rebalancebPSt18_Rb_tree_node_baseS0_RS_
                0x00034894      0x17c /home/bseip/MentorGraphics/Sourcery_CodeBench_Lite_for_ARM_EABI/arm-none-eabi/lib/libstdc++.a(tree.o)
                0x00034894                std::_Rb_tree_insert_and_rebalance(bool, std::_Rb_tree_node_base*, std::_Rb_tree_node_base*, std::_Rb_tree_node_base&)

.text._ZSt28_Rb_tree_rebalance_for_erasePSt18_Rb_tree_node_baseRS_
                0x00034a10      0x3d8
 .text._ZSt28_Rb_tree_rebalance_for_erasePSt18_Rb_tree_node_baseRS_
                0x00034a10      0x3d8 /home/bseip/MentorGraphics/Sourcery_CodeBench_Lite_for_ARM_EABI/arm-none-eabi/lib/libstdc++.a(tree.o)
                0x00034a10                std::_Rb_tree_rebalance_for_erase(std::_Rb_tree_node_base*, std::_Rb_tree_node_base&)

.text._ZSt20_Rb_tree_black_countPKSt18_Rb_tree_node_baseS1_
                0x00034de8       0x30