Archive member included because of file (symbol)

/home/bseip/MentorGraphics/Sourcery_CodeBench_Lite_for_ARM_EABI/lib/gcc/arm-none-eabi/4.8.1/libgcc.a(_udivsi3.o)
                              build/fatfs/ff.o (__aeabi_uidiv)
/home/bseip/MentorGraphics/Sourcery_CodeBench_Lite_for_ARM_EABI/lib/gcc/arm-none-eabi/4.8.1/libgcc.a(_divsi3.o)
                              build/gapi/window.o (__aeabi_idiv)
/home/bseip/MentorGraphics/Sourcery_CodeBench_Lite_for_ARM_EABI/lib/gcc/arm-none-eabi/4.8.1/libgcc.a(_dvmd_tls.o)
                              /home/bseip/MentorGraphics/Sourcery_CodeBench_Lite_for_ARM_EABI/lib/gcc/arm-none-eabi/4.8.1/libgcc.a(_udivsi3.o) (__aeabi_idiv0)
/home/bseip/MentorGraphics/Sourcery_CodeBench_Lite_for_ARM_EABI/lib/gcc/arm-none-eabi/4.8.1/libgcc.a(unwind-arm.o)
                              build/bcm2835.o (__aeabi_unwind_cpp_pr0)
/home/bseip/MentorGraphics/Sourcery_CodeBench_Lite_for_ARM_EABI/lib/gcc/arm-none-eabi/4.8.1/libgcc.a(libunwind.o)
                              /home/bseip/MentorGraphics/Sourcery_CodeBench_Lite_for_ARM_EABI/lib/gcc/arm-none-eabi/4.8.1/libgcc.a(unwind-arm.o) (restore_core_regs)
/home/bseip/MentorGraphics/Sourcery_CodeBench_Lite_for_ARM_EABI/lib/gcc/arm-none-eabi/4.8.1/libgcc.a(pr-support.o)
                              /home/bseip/MentorGraphics/Sourcery_CodeBench_Lite_for_ARM_EABI/lib/gcc/arm-none-eabi/4.8.1/libgcc.a(unwind-arm.o) (__gnu_unwind_execute)
/home/bseip/MentorGraphics/Sourcery_CodeBench_Lite_for_ARM_EABI/arm-none-eabi/lib/libc.a(lib_a-aeabi_atexit.o)
                              build/gapi/common.o (__aeabi_atexit)
/home/bseip/MentorGraphics/Sourcery_CodeBench_Lite_for_ARM_EABI/arm-none-eabi/lib/libc.a(lib_a-assert.o)
                              build/gapi/memory_tracking.o (__assert_func)
/home/bseip/MentorGraphics/Sourcery_CodeBench_Lite_for_ARM_EABI/arm-none-eabi/lib/libc.a(lib_a-cxa_atexit.o)
                              /home/bseip/MentorGraphics/Sourcery_CodeBench_Lite_for_ARM_EABI/arm-none-eabi/lib/libc.a(lib_a-aeabi_atexit.o) (__cxa_atexit)
/home/bseip/MentorGraphics/Sourcery_CodeBench_Lite_for_ARM_EABI/arm-none-eabi/lib/libc.a(lib_a-fiprintf.o)
                              /home/bseip/MentorGraphics/Sourcery_CodeBench_Lite_for_ARM_EABI/arm-none-eabi/lib/libc.a(lib_a-assert.o) (fiprintf)
/home/bseip/MentorGraphics/Sourcery_CodeBench_Lite_for_ARM_EABI/arm-none-eabi/lib/libc.a(lib_a-fprintf.o)
                              build/main.o (fprintf)
/home/bseip/MentorGraphics/Sourcery_CodeBench_Lite_for_ARM_EABI/arm-none-eabi/lib/libc.a(lib_a-impure.o)
                              build/main.o (_impure_ptr)
/home/bseip/MentorGraphics/Sourcery_CodeBench_Lite_for_ARM_EABI/arm-none-eabi/lib/libc.a(lib_a-malloc.o)
                              build/main.o (malloc)
/home/bseip/MentorGraphics/Sourcery_CodeBench_Lite_for_ARM_EABI/arm-none-eabi/lib/libc.a(lib_a-mallocr.o)
                              /home/bseip/MentorGraphics/Sourcery_CodeBench_Lite_for_ARM_EABI/arm-none-eabi/lib/libc.a(lib_a-malloc.o) (_malloc_r)
/home/bseip/MentorGraphics/Sourcery_CodeBench_Lite_for_ARM_EABI/arm-none-eabi/lib/libc.a(lib_a-memcpy-stub.o)
                              build/mmc/emmc.o (memcpy)
/home/bseip/MentorGraphics/Sourcery_CodeBench_Lite_for_ARM_EABI/arm-none-eabi/lib/libc.a(lib_a-memmove.o)
                              build/gapi/common.o (memmove)
/home/bseip/MentorGraphics/Sourcery_CodeBench_Lite_for_ARM_EABI/arm-none-eabi/lib/libc.a(lib_a-memset.o)
                              build/gapi/bitmap.o (memset)
/home/bseip/MentorGraphics/Sourcery_CodeBench_Lite_for_ARM_EABI/arm-none-eabi/lib/libc.a(lib_a-mlock.o)
                              /home/bseip/MentorGraphics/Sourcery_CodeBench_Lite_for_ARM_EABI/arm-none-eabi/lib/libc.a(lib_a-mallocr.o) (__malloc_lock)
/home/bseip/MentorGraphics/Sourcery_CodeBench_Lite_for_ARM_EABI/arm-none-eabi/lib/libc.a(lib_a-printf.o)
                              build/main.o (printf)
/home/bseip/MentorGraphics/Sourcery_CodeBench_Lite_for_ARM_EABI/arm-none-eabi/lib/libc.a(lib_a-reent.o)
                              build/syscalls.o (errno)
/home/bseip/MentorGraphics/Sourcery_CodeBench_Lite_for_ARM_EABI/arm-none-eabi/lib/libc.a(lib_a-sbrkr.o)
                              /home/bseip/MentorGraphics/Sourcery_CodeBench_Lite_for_ARM_EABI/arm-none-eabi/lib/libc.a(lib_a-mallocr.o) (_sbrk_r)
/home/bseip/MentorGraphics/Sourcery_CodeBench_Lite_for_ARM_EABI/arm-none-eabi/lib/libc.a(lib_a-sprintf.o)
                              build/main.o (sprintf)
/home/bseip/MentorGraphics/Sourcery_CodeBench_Lite_for_ARM_EABI/arm-none-eabi/lib/libc.a(lib_a-sscanf.o)
                              build/main.o (sscanf)
/home/bseip/MentorGraphics/Sourcery_CodeBench_Lite_for_ARM_EABI/arm-none-eabi/lib/libc.a(lib_a-stdio.o)
                              /home/bseip/MentorGraphics/Sourcery_CodeBench_Lite_for_ARM_EABI/arm-none-eabi/lib/libc.a(lib_a-sscanf.o) (__seofread)
[...]
Memory Configuration

Name             Origin             Length             Attributes
ram              0x00008000         0x0fff8000         xw
*default*        0x00000000         0xffffffff

Linker script and memory map

START GROUP
LOAD build/bcm2835.o
LOAD build/main.o
LOAD build/other.o
LOAD build/uart.o
LOAD build/gapi/binaries.o
LOAD build/gapi/bitmap.o
LOAD build/gapi/common.o
LOAD build/gapi/controlbutton.o
LOAD build/gapi/flipbook.o
LOAD build/gapi/font.o
LOAD build/gapi/memory_tracking.o
LOAD build/gapi/rectangle.o
LOAD build/gapi/screen.o
LOAD build/gapi/screenraspi.o
LOAD build/gapi/wconsole.o
LOAD build/gapi/window.o
LOAD build/syscalls.o
LOAD build/fonts/6x8.o
LOAD build/fonts/ComicSansMS10.o
LOAD build/fonts/ComicSansMS10.height.o
LOAD build/fonts/ComicSansMS10.width.o
LOAD build/fonts/ComicSansMS12.o
LOAD build/fonts/ComicSansMS12.height.o
LOAD build/fonts/ComicSansMS12.width.o
LOAD build/fonts/EGA_8x8.o
LOAD build/fonts/font6x8.o
LOAD build/fonts/font6x8_width.o
LOAD build/fonts/LucidaConsole10.o
LOAD build/fonts/LucidaConsole10.width.o
LOAD build/fonts/Noritake5x5.o
LOAD build/fonts/Noritake5x5.width.o
LOAD build/fonts/VGA_16x16.o
LOAD build/fatfs/diskio.o
LOAD build/fatfs/ff.o
LOAD build/mmc/block.o
LOAD build/mmc/emmc.o
LOAD build/mmc/mbox.o
LOAD build/mmc/mmio.o
LOAD build/mmc/timer.o
LOAD build/gpio.o
LOAD build/mailbox.o
LOAD build/screens.o
LOAD build/startup.o
LOAD /home/bseip/MentorGraphics/Sourcery_CodeBench_Lite_for_ARM_EABI/lib/gcc/arm-none-eabi/4.8.1/libgcc.a
LOAD /home/bseip/MentorGraphics/Sourcery_CodeBench_Lite_for_ARM_EABI/arm-none-eabi/lib/libc.a
LOAD /home/bseip/MentorGraphics/Sourcery_CodeBench_Lite_for_ARM_EABI/arm-none-eabi/lib/libcs3.a
LOAD /home/bseip/MentorGraphics/Sourcery_CodeBench_Lite_for_ARM_EABI/arm-none-eabi/lib/libcs3unhosted.a
LOAD /home/bseip/MentorGraphics/Sourcery_CodeBench_Lite_for_ARM_EABI/arm-none-eabi/lib/libcs3arm.a
LOAD /home/bseip/MentorGraphics/Sourcery_CodeBench_Lite_for_ARM_EABI/arm-none-eabi/lib/libstdc++.a
LOAD /home/bseip/MentorGraphics/Sourcery_CodeBench_Lite_for_ARM_EABI/lib/gcc/arm-none-eabi/4.8.1/crti.o
LOAD /home/bseip/MentorGraphics/Sourcery_CodeBench_Lite_for_ARM_EABI/lib/gcc/arm-none-eabi/4.8.1/crtbegin.o
LOAD /home/bseip/MentorGraphics/Sourcery_CodeBench_Lite_for_ARM_EABI/lib/gcc/arm-none-eabi/4.8.1/crtend.o
END GROUP

.init           0x00008000      0x200
 *(.init)
 .init          0x00008000      0x1f4 build/startup.o
                0x00008000                _start
                0x000080fc                stop
                0x0000810c                abort
                0x00008110                enable_irq
                0x00008118                enable_fiq
                0x00008120                PUT32
                0x00008128                GET32
                0x00008130                GETSP
                0x00008138                delay
                0x00008150                undef_handler
                0x00008160                swi_handler
                0x00008170                pabort_handler
                0x00008180                dabort_handler
                0x00008198                flush_cache
                0x000081a4                memory_barrier
                0x000081b0                read_sctlr
                0x000081b8                quick_memcpy
 .init          0x000081f4        0xc /home/bseip/MentorGraphics/Sourcery_CodeBench_Lite_for_ARM_EABI/lib/gcc/arm-none-eabi/4.8.1/crti.o
                0x000081f4                _init

.text           0x00008200    0x28930
                0x00008200                _TEXT_START_ = .
 *(.text)
 .text          0x00008200       0x60 build/bcm2835.o
                0x00008200                SetGpioOutput(unsigned long, unsigned long)
                0x00008204                SetGpioFunction
 .text          0x00008260      0x568 build/main.o
                0x00008260                serial_input()
                0x000082f0                printcmderror(int)
                0x00008320                findcommand()
                0x0000839c                printcmd(char)
                0x000083c8                printcmdvalue(char, short)
                0x000083f8                printcmdvaluehex(char, short)
                0x00008428                printcmdtext(char, char*)
                0x00008458                setup_1ms_timer
                0x000084ac                fiq_handler
                0x000084b0                irq_handler
                0x00008588                swapl(unsigned long)
                0x00008590                swapcat(unsigned long, unsigned long)
                0x000085b4                get_sysinfo(sysinfo_t*)
                0x00008748                print_sysinfo(sysinfo_t*)
 .text          0x000087c8        0x0 build/other.o
 .text          0x000087c8      0x1c0 build/uart.o
                0x000087c8                _uart_getc
                0x000087ec                _uart_putc
                0x0000880c                hexstrings
                0x00008870                hexstring
                0x000088b4                _uart_writes
                0x000088ec                _uart_init
 .text          0x00008988        0x0 build/gapi/binaries.o
 .text          0x00008988      0xf00 build/gapi/bitmap.o
                0x00008988                Bitmap::_initialize()
                0x000089c4                Bitmap::Bitmap(short, short)
                0x000089c4                Bitmap::Bitmap(short, short)
                0x00008a30                Bitmap::Bitmap(short, short, unsigned short*)
                0x00008a30                Bitmap::Bitmap(short, short, unsigned short*)
                0x00008a78                Bitmap::Bitmap(short)
                0x00008a78                Bitmap::Bitmap(short)
                0x00008b04                Bitmap::~Bitmap()
                0x00008b04                Bitmap::~Bitmap()
                0x00008b44                Bitmap::DecompressRLE16(unsigned short*, unsigned short*, unsigned short*)
                0x00008bc8                Bitmap::DecompressRLE8(unsigned char*, unsigned char*, unsigned char*)
                0x00008c70                Bitmap::Load()
                0x00008cf0                Bitmap::Bitmap(unsigned short*, bool)
                0x00008cf0                Bitmap::Bitmap(unsigned short*, bool)
                0x00008d7c                Bitmap::Bitmap(short, short, bool)
                0x00008d7c                Bitmap::Bitmap(short, short, bool)
                0x00008e40                Bitmap::Unload()
                0x00008e84                Bitmap::IsValid()
                0x00008e8c                Bitmap::Height()
                0x00008e94                Bitmap::Width()
                0x00008e9c                Bitmap::GetImageBuffer()
                0x00008ea4                Bitmap::GetAlphaBuffer()
                0x00008eac                Bitmap::Clear(unsigned short)
                0x00008ebc                Bitmap::DrawBitmap(Bitmap*, int, int)
                0x00009018                Bitmap::DrawBitmapAlpha(Bitmap*, int, int)
                0x00009204                Bitmap::DrawBitmapAlphaFixed(Bitmap*, unsigned char, int, int)
                0x000093b0                Bitmap::DrawText(Font*, Rectangle*, char const*, unsigned short)
                0x0000958c                Bitmap::DrawRectangle(Rectangle*, unsigned short, unsigned short)
                0x0000965c                Bitmap::DrawLine(Point*, Point*, unsigned short, unsigned short)
                0x00009660                Bitmap::FillRectangle(Rectangle*, unsigned short)
                0x00009664                Bitmap::FillRectangle(unsigned short, unsigned short, unsigned short, unsigned short, unsigned short)
                0x00009718                Bitmap::SetAlpha(unsigned char)
                0x0000972c                Bitmap::CopyBufferVRAM(Bitmap*)
                0x00009730                Bitmap::CopyBuffer(Bitmap*)
                0x00009768                Bitmap::FadeLow(unsigned char)
                0x000097e0                Bitmap::FadeHigh(unsigned char)
                0x00009858                Bitmap::LoadCompressedFile(unsigned short*)
 .text          0x00009888      0x84c build/gapi/common.o
                0x00009888                InitGBFS()
                0x0000988c                LoadFile(unsigned short)
                0x00009894                LoadFileCopy(unsigned short)
                0x0000989c                FileSize(unsigned short)
                0x000098a4                __DebugPrint(char*)
                0x000098b0                DebugPrint(char const*)
                0x000098b4                bitblt16rle(unsigned short*, unsigned short, unsigned short, unsigned short, unsigned short*)
                0x000099e8                bitblt8rle(unsigned char*, unsigned short, unsigned short, unsigned short, unsigned char*)
                0x00009b8c                bitblt(unsigned char*, unsigned short, unsigned short, unsigned short, unsigned char*, unsigned short, unsigned short)
                0x00009b90                bitblt16(unsigned short*, unsigned short, unsigned short, short, short, unsigned short*, unsigned short, unsigned short)
                0x00009cc4                bitblt16alpha(unsigned short*, unsigned short*, unsigned char*, unsigned short, unsigned short, short, short, unsigned short, unsigned short)
                0x00009eb0                DecompressFileToMemory(char const*, unsigned short*)
                0x00009ec0                SendMessage(int)
                0x0000a064                ReadMessage()
 .text          0x0000a0d4      0x2b0 build/gapi/controlbutton.o
                0x0000a0d4                ControlButton::~ControlButton()
                0x0000a0d4                ControlButton::~ControlButton()
                0x0000a120                ControlButton::~ControlButton()
                0x0000a13c                ControlButton::MsgPenDown(int, int)
                0x0000a164                ControlButton::Init()
                0x0000a1b4                ControlButton::ControlButton(Rectangle*, char*, unsigned short*, unsigned short*, unsigned short*, unsigned short)
                0x0000a1b4                ControlButton::ControlButton(Rectangle*, char*, unsigned short*, unsigned short*, unsigned short*, unsigned short)
                0x0000a264                ControlButton::State(unsigned char)
                0x0000a274                ControlButton::State()
                0x0000a27c                ControlButton::Push()
                0x0000a298                ControlButton::Prepare()
 .text          0x0000a384      0xaf4 build/gapi/flipbook.o
                0x0000a384                Flipbook::HitTest(int, int)
                0x0000a434                Flipbook::Flipbook(Rectangle*, char*)
                0x0000a434                Flipbook::Flipbook(Rectangle*, char*)
                0x0000a49c                Flipbook::IsRunning()
                0x0000a4a4                Flipbook::LoadCurrentImage()
                0x0000a5b8                Flipbook::RunReverse()
                0x0000a5f0                Flipbook::Run(unsigned short)
                0x0000a694                Flipbook::Run(unsigned short, unsigned short)
                0x0000a69c                Flipbook::SetNoPosition(unsigned short, unsigned short)
                0x0000a6f0                Flipbook::Set(unsigned short, unsigned short)
                0x0000a774                Flipbook::AddTransformation(int, int, int*, int*)
                0x0000a7d4                Flipbook::AddSound(unsigned short, unsigned short, unsigned short)
                0x0000a850                FlipbookAnimation::FlipbookAnimation(unsigned short, unsigned short, unsigned short*, unsigned short*)
                0x0000a850                FlipbookAnimation::FlipbookAnimation(unsigned short, unsigned short, unsigned short*, unsigned short*)
                0x0000a88c                Flipbook::CurrentFrame()
                0x0000a894                FlipbookFrame::FlipbookFrame()
                0x0000a894                FlipbookFrame::FlipbookFrame()
                0x0000a8b8                FlipbookFrame::FlipbookFrame(unsigned short, unsigned short, unsigned short)
                0x0000a8b8                FlipbookFrame::FlipbookFrame(unsigned short, unsigned short, unsigned short)
                0x0000a8e4                Flipbook::AddAction(Rectangle*, void (*)(), unsigned short)
                0x0000a954                Flipbook::AddAnimation(int, int, int, unsigned short*)
                0x0000aa04                FlipbookAnimation::Load()
                0x0000ab50                Flipbook::LoadAnimation(int, int, unsigned short*)
                0x0000abe4                Flipbook::LoadAnimationAlpha(int, int, unsigned short*, unsigned short*)
                0x0000ac7c                Flipbook::~Flipbook()
                0x0000ac7c                Flipbook::~Flipbook()
                0x0000ad9c                Flipbook::~Flipbook()
                0x0000adb8                Flipbook::Prepare()
                0x0000adbc                Flipbook::MsgPenMove(int, int)
                0x0000adc0                Flipbook::MsgPenUp(int, int)
                0x0000adc4                Flipbook::MsgPenDown(int, int)
 .text          0x0000ae78      0x2ac build/gapi/font.o
                0x0000ae78                Font::Font(FontType)
                0x0000ae78                Font::Font(FontType)
                0x0000b120                Font::~Font()
                0x0000b120                Font::~Font()
 .text          0x0000b124      0x690 build/gapi/memory_tracking.o
                0x0000b124                operator new(unsigned int)
                0x0000b260                operator new[](unsigned int)
                0x0000b3a0                operator delete(void*)
                0x0000b5a8                operator delete[](void*)
 .text          0x0000b7b4       0x94 build/gapi/rectangle.o
                0x0000b7b4                Rectangle::Rectangle(int, int, int, int)
                0x0000b7b4                Rectangle::Rectangle(int, int, int, int)
                0x0000b7d4                Rectangle::~Rectangle()
                0x0000b7d4                Rectangle::~Rectangle()
                0x0000b7d8                Rectangle::Hit(int, int)
                0x0000b820                Rectangle::Right()
                0x0000b830                Rectangle::Bottom()
                0x0000b840                Point::Point(int, int)
                0x0000b840                Point::Point(int, int)
 .text          0x0000b848       0xd4 build/gapi/screen.o
                0x0000b848                Screen::~Screen()
                0x0000b848                Screen::~Screen()
                0x0000b868                Screen::~Screen()
                0x0000b890                Screen::Screen()
                0x0000b890                Screen::Screen()
                0x0000b904                Screen::Off()
                0x0000b908                Screen::On()
                0x0000b90c                Screen::SetMode(unsigned int)
 .text          0x0000b91c      0x1c8 build/gapi/screenraspi.o
                0x0000b91c                ScreenRaspi::~ScreenRaspi()
                0x0000b91c                ScreenRaspi::~ScreenRaspi()
                0x0000b93c                ScreenRaspi::~ScreenRaspi()
                0x0000b964                ScreenRaspi::ScreenRaspi(unsigned int, unsigned int, unsigned int)
                0x0000b964                ScreenRaspi::ScreenRaspi(unsigned int, unsigned int, unsigned int)
                0x0000baa8                ScreenRaspi::Init()
                0x0000bae0                ScreenRaspi::Display()
 .text          0x0000bae4      0x57c build/gapi/wconsole.o
                0x0000bae4                WConsole::printf(char const*, ...)
                0x0000bbd0                WConsole::PaintChar(unsigned short, unsigned short, char)
                0x0000bc98                WConsole::TestFill(char)
                0x0000bd00                WConsole::ScrollUp()
                0x0000bdb0                WConsole::ScrollDown()
                0x0000bdb4                WConsole::GotoXY(unsigned short, unsigned short)
                0x0000bdd0                WConsole::Print(char const*)
                0x0000be7c                WConsole::Clear()
                0x0000bef0                WConsole::WConsole(Rectangle*, unsigned short, unsigned short, Font*)
                0x0000bef0                WConsole::WConsole(Rectangle*, unsigned short, unsigned short, Font*)
                0x0000bfb4                WConsole::Prepare()
 .text          0x0000c060     0x1008 build/gapi/window.o
                0x0000c060                Window::DragStart(int, int)
                0x0000c078                Window::DragMove(int, int)
                0x0000c090                Window::DragEnd(int, int)
                0x0000c0a8                Window::FadeToWhite(int)
                0x0000c0c0                Window::FadeFromWhite(int)
                0x0000c0dc                Window::FadeToBlack(int)
                0x0000c0f4                Window::FadeFromBlack(int)
                0x0000c110                Window::AnimatePosition(int, int, int, AnimationCurve)
                0x0000c5dc                Window::EndAnimation()
                0x0000c630                Window::BufferToScreen()
                0x0000c694                Window::Prepare()
                0x0000c720                Window::Clear()
                0x0000c730                Window::MsgPenDown(int, int)
                0x0000c7f4                Window::HitTest(int, int)
                0x0000c7fc                Window::Display()
                0x0000c924                Window::MsgPenUp(int, int)
                0x0000ca08                Window::MsgPenMove(int, int)
                0x0000cb08                Window::_initialize()
                0x0000cb98                Window::Window()
                0x0000cb98                Window::Window()
                0x0000cbd4                Window::SetParent(Bitmap*)
                0x0000cbdc                Window::GetBuffer()
                0x0000cbe4                Window::Visible()
                0x0000cbf0                Window::Invisible()
                0x0000cbfc                Window::IsVisible()
                0x0000cc04                Window::Enable()
                0x0000cc10                Window::Disable()
                0x0000cc1c                Window::Enabled()
                0x0000cc24                Window::Position(int, int)
                0x0000cc34                Window::PositionDelta(int, int)
                0x0000cc50                Window::AlphaEnable()
                0x0000cc5c                Window::AlphaDisable()
                0x0000cc68                Window::AlphaEnabled()
                0x0000cc70                Window::SetAlpha(unsigned char)
                0x0000cc78                Window::EnablePenCapture()
                0x0000cc84                Window::DisablePenCapture()
                0x0000cc90                Window::PenCapture()
                0x0000cc98                Window::Position()
                0x0000cca0                Window::AddWindow(Window*, int)
                0x0000cd48                Window::RemoveWindow(Window*)
                0x0000cda0                Window::Text()
                0x0000cda8                Window::Text(char*)
                0x0000cdb4                Window::Window(Rectangle*, char const*)
                0x0000cdb4                Window::Window(Rectangle*, char const*)
                0x0000ce98                Window::Window(unsigned int, unsigned int, unsigned short*, char const*)
                0x0000ce98                Window::Window(unsigned int, unsigned int, unsigned short*, char const*)
                0x0000cfac                Window::~Window()
                0x0000cfac                Window::~Window()
                0x0000d04c                Window::~Window()
 .text          0x0000d068      0x2e8 build/syscalls.o
                0x0000d068                _exit
                0x0000d06c                _close
                0x0000d084                _execve
                0x0000d09c                _fork
                0x0000d0b4                _fstat
                0x0000d0e0                _getpid
                0x0000d0e8                _isatty
                0x0000d10c                _kill
                0x0000d124                _link
                0x0000d13c                _lseek
                0x0000d160                _open
                0x0000d178                _read
                0x0000d1e0                _sbrk
                0x0000d2a4                _stat
                0x0000d2b4                _times
                0x0000d2cc                _unlink
                0x0000d2e4                _wait
                0x0000d2fc                _write
 .text          0x0000d350        0x0 build/fonts/6x8.o
 .text          0x0000d350        0x0 build/fonts/ComicSansMS10.o
 .text          0x0000d350        0x0 build/fonts/ComicSansMS10.height.o
 .text          0x0000d350        0x0 build/fonts/ComicSansMS10.width.o
 .text          0x0000d350        0x0 build/fonts/ComicSansMS12.o
 .text          0x0000d350        0x0 build/fonts/ComicSansMS12.height.o
 .text          0x0000d350        0x0 build/fonts/ComicSansMS12.width.o
 .text          0x0000d350        0x0 build/fonts/EGA_8x8.o
 .text          0x0000d350        0x0 build/fonts/font6x8.o
 .text          0x0000d350        0x0 build/fonts/font6x8_width.o
 .text          0x0000d350        0x0 build/fonts/LucidaConsole10.o
 .text          0x0000d350        0x0 build/fonts/LucidaConsole10.width.o
 .text          0x0000d350        0x0 build/fonts/Noritake5x5.o
 .text          0x0000d350        0x0 build/fonts/Noritake5x5.width.o
 .text          0x0000d350        0x0 build/fonts/VGA_16x16.o
 .text          0x0000d350      0x110 build/fatfs/diskio.o
                0x0000d350                disk_initialize
                0x0000d384                disk_status
                0x0000d394                disk_read
                0x0000d3bc                disk_write
                0x0000d3e4                get_fattime
                0x0000d3ec                disk_ioctl
 .text          0x0000d460     0x3c44 build/fatfs/ff.o
                0x0000e9e0                clust2sect
                0x0000ea04                get_fat
                0x0000ea24                put_fat
                0x0000ea44                f_mount
                0x0000ead0                f_open
                0x0000ed40                f_read
                0x0000f008                f_write
                0x0000f38c                f_sync
                0x0000f4a8                f_close
                0x0000f4d0                f_lseek
                0x0000f944                f_opendir
                0x0000fa24                f_closedir
                0x0000fa3c                f_readdir
                0x0000fae0                f_stat
                0x0000fb64                f_getfree
                0x0000fcf0                f_truncate
                0x0000fe70                f_unlink
                0x0000ffc4                f_mkdir
                0x000102f4                f_chmod
                0x00010388                f_utime
                0x00010428                f_rename
                0x00010630                f_getlabel
                0x000107a0                f_setlabel
                0x00010aac                f_gets
                0x00010b24                f_putc
                0x00010b94                f_puts
                0x00010c1c                f_printf
 .text          0x000110a4      0x148 build/mmc/block.o
                0x000110a4                block_read
                0x00011168                block_write
 .text          0x000111ec     0x18f4 build/mmc/emmc.o
                0x00011c3c                sd_card_init
                0x00012a2c                sd_read
                0x00012a84                sd_write
 .text          0x00012ae0       0x78 build/mmc/mbox.o
                0x00012ae0                mbox_read
                0x00012b1c                mbox_write
 .text          0x00012b58       0x30 build/mmc/mmio.o
                0x00012b58                mmio_write
                0x00012b74                mmio_read
 .text          0x00012b88       0xb4 build/mmc/timer.o
                0x00012b88                usleep
                0x00012bc4                register_timer
                0x00012bfc                compare_timer
 .text          0x00012c3c       0x80 build/gpio.o
                0x00012c3c                GetGpioAddress
                0x00012c7c                SetGpio
 .text          0x00012cbc       0x78 build/mailbox.o
                0x00012cbc                GetMailboxBase
                0x00012cc4                MailboxWrite
                0x00012cf8                MailboxRead
 *fill*         0x00012d34        0xc 
 .text          0x00012d40       0x90 build/screens.o
                0x00012d40                InitialiseFrameBuffer
                0x00012da0                FrameBufferInfo
 .text          0x00012dd0        0x0 build/startup.o
 .text          0x00012dd0      0x114 /home/bseip/MentorGraphics/Sourcery_CodeBench_Lite_for_ARM_EABI/lib/gcc/arm-none-eabi/4.8.1/libgcc.a(_udivsi3.o)
                0x00012dd0                __udivsi3
                0x00012dd0                __aeabi_uidiv
                0x00012ec4                __aeabi_uidivmod
 .text          0x00012ee4      0x148 /home/bseip/MentorGraphics/Sourcery_CodeBench_Lite_for_ARM_EABI/lib/gcc/arm-none-eabi/4.8.1/libgcc.a(_divsi3.o)
                0x00012ee4                __aeabi_idiv
                0x00012ee4                __divsi3
                0x0001300c                __aeabi_idivmod
 .text          0x0001302c        0x4 /home/bseip/MentorGraphics/Sourcery_CodeBench_Lite_for_ARM_EABI/lib/gcc/arm-none-eabi/4.8.1/libgcc.a(_dvmd_tls.o)
                0x0001302c                __aeabi_ldiv0
                0x0001302c                __aeabi_idiv0
 .text          0x00013030      0xfe8 /home/bseip/MentorGraphics/Sourcery_CodeBench_Lite_for_ARM_EABI/lib/gcc/arm-none-eabi/4.8.1/libgcc.a(unwind-arm.o)
                0x000134b8                _Unwind_GetCFA
                0x000134c0                __gnu_Unwind_RaiseException
                0x00013570                __gnu_Unwind_ForcedUnwind
                0x00013594                __gnu_Unwind_Resume
                0x00013608                __gnu_Unwind_Resume_or_Rethrow
                0x00013624                _Unwind_Complete
                0x00013628                _Unwind_DeleteException
                0x0001364c                _Unwind_VRS_Get
                0x000136d8                _Unwind_VRS_Set
                0x00013764                __gnu_Unwind_Backtrace
                0x00013c64                __aeabi_unwind_cpp_pr0
                0x00013c6c                __aeabi_unwind_cpp_pr1
                0x00013c74                __aeabi_unwind_cpp_pr2
                0x00013c7c                _Unwind_VRS_Pop
 .text          0x00014018      0x1b0 /home/bseip/MentorGraphics/Sourcery_CodeBench_Lite_for_ARM_EABI/lib/gcc/arm-none-eabi/4.8.1/libgcc.a(libunwind.o)
                0x00014018                __restore_core_regs
                0x00014018                restore_core_regs
                0x00014034                __gnu_Unwind_Restore_VFP
                0x0001403c                __gnu_Unwind_Save_VFP
                0x00014044                __gnu_Unwind_Restore_VFP_D
                0x0001404c                __gnu_Unwind_Save_VFP_D
                0x00014054                __gnu_Unwind_Restore_VFP_D_16_to_31
                0x0001405c                __gnu_Unwind_Save_VFP_D_16_to_31
                0x00014064                __gnu_Unwind_Restore_WMMXD
                0x000140a8                __gnu_Unwind_Save_WMMXD
                0x000140ec                __gnu_Unwind_Restore_WMMXC
                0x00014100                __gnu_Unwind_Save_WMMXC
                0x00014114                ___Unwind_RaiseException
                0x00014114                _Unwind_RaiseException
                0x00014138                ___Unwind_Resume
                0x00014138                _Unwind_Resume
                0x0001415c                _Unwind_Resume_or_Rethrow
                0x0001415c                ___Unwind_Resume_or_Rethrow
                0x00014180                ___Unwind_ForcedUnwind
                0x00014180                _Unwind_ForcedUnwind
                0x000141a4                _Unwind_Backtrace
                0x000141a4                ___Unwind_Backtrace
 .text          0x000141c8      0x4d0 /home/bseip/MentorGraphics/Sourcery_CodeBench_Lite_for_ARM_EABI/lib/gcc/arm-none-eabi/4.8.1/libgcc.a(pr-support.o)
                0x0001425c                __gnu_unwind_execute
                0x0001460c                __gnu_unwind_frame
                0x00014654                _Unwind_GetRegionStart
                0x00014668                _Unwind_GetLanguageSpecificData
                0x00014688                _Unwind_GetDataRelBase
                0x00014690                _Unwind_GetTextRelBase
 .text          0x00014698       0x1c /home/bseip/MentorGraphics/Sourcery_CodeBench_Lite_for_ARM_EABI/arm-none-eabi/lib/libc.a(lib_a-aeabi_atexit.o)
                0x00014698                __aeabi_atexit
 .text          0x000146b4       0x64 /home/bseip/MentorGraphics/Sourcery_CodeBench_Lite_for_ARM_EABI/arm-none-eabi/lib/libc.a(lib_a-assert.o)
                0x000146b4                __assert_func
                0x00014708                __assert
 .text          0x00014718       0x24 /home/bseip/MentorGraphics/Sourcery_CodeBench_Lite_for_ARM_EABI/arm-none-eabi/lib/libc.a(lib_a-cxa_atexit.o)
                0x00014718                __cxa_atexit
 .text          0x0001473c       0x70 /home/bseip/MentorGraphics/Sourcery_CodeBench_Lite_for_ARM_EABI/arm-none-eabi/lib/libc.a(lib_a-fiprintf.o)
                0x0001473c                _fiprintf_r
                0x0001476c                fiprintf
 .text          0x000147ac       0x70 /home/bseip/MentorGraphics/Sourcery_CodeBench_Lite_for_ARM_EABI/arm-none-eabi/lib/libc.a(lib_a-fprintf.o)
                0x000147ac                _fprintf_r
                0x000147dc                fprintf
 .text          0x0001481c        0x0 /home/bseip/MentorGraphics/Sourcery_CodeBench_Lite_for_ARM_EABI/arm-none-eabi/lib/libc.a(lib_a-impure.o)
 .text          0x0001481c       0x40 /home/bseip/MentorGraphics/Sourcery_CodeBench_Lite_for_ARM_EABI/arm-none-eabi/lib/libc.a(lib_a-malloc.o)
                0x0001481c                malloc
                0x0001483c                free
 .text          0x0001485c      0x72c /home/bseip/MentorGraphics/Sourcery_CodeBench_Lite_for_ARM_EABI/arm-none-eabi/lib/libc.a(lib_a-mallocr.o)
                0x0001485c                _malloc_r
 .text          0x00014f88       0xf0 /home/bseip/MentorGraphics/Sourcery_CodeBench_Lite_for_ARM_EABI/arm-none-eabi/lib/libc.a(lib_a-memcpy-stub.o)
                0x00014f88                memcpy
 .text          0x00015078      0x134 /home/bseip/MentorGraphics/Sourcery_CodeBench_Lite_for_ARM_EABI/arm-none-eabi/lib/libc.a(lib_a-memmove.o)
                0x00015078                memmove
 .text          0x000151ac       0xf4 /home/bseip/MentorGraphics/Sourcery_CodeBench_Lite_for_ARM_EABI/arm-none-eabi/lib/libc.a(lib_a-memset.o)
                0x000151ac                memset
 .text          0x000152a0        0x8 /home/bseip/MentorGraphics/Sourcery_CodeBench_Lite_for_ARM_EABI/arm-none-eabi/lib/libc.a(lib_a-mlock.o)
                0x000152a0                __malloc_lock
                0x000152a4                __malloc_unlock
 .text          0x000152a8       0x74 /home/bseip/MentorGraphics/Sourcery_CodeBench_Lite_for_ARM_EABI/arm-none-eabi/lib/libc.a(lib_a-printf.o)
                0x000152a8                _printf_r
                0x000152dc                printf
 .text          0x0001531c      0x134 /home/bseip/MentorGraphics/Sourcery_CodeBench_Lite_for_ARM_EABI/arm-none-eabi/lib/libc.a(lib_a-reent.o)
                0x0001531c                cleanup_glue
                0x00015348                _reclaim_reent
 .text          0x00015450       0x44 /home/bseip/MentorGraphics/Sourcery_CodeBench_Lite_for_ARM_EABI/arm-none-eabi/lib/libc.a(lib_a-sbrkr.o)
                0x00015450                _sbrk_r
 .text          0x00015494       0xdc /home/bseip/MentorGraphics/Sourcery_CodeBench_Lite_for_ARM_EABI/arm-none-eabi/lib/libc.a(lib_a-sprintf.o)
                0x00015494                _sprintf_r
                0x000154fc                sprintf
 .text          0x00015570      0x108 /home/bseip/MentorGraphics/Sourcery_CodeBench_Lite_for_ARM_EABI/arm-none-eabi/lib/libc.a(lib_a-sscanf.o)
                0x00015570                sscanf
                0x000155f4                _sscanf_r
 .text          0x00015678       0xd8 /home/bseip/MentorGraphics/Sourcery_CodeBench_Lite_for_ARM_EABI/arm-none-eabi/lib/libc.a(lib_a-stdio.o)
                0x00015678                __sread
                0x000156ac                __seofread
                0x000156b4                __swrite
                0x0001570c                __sseek
                0x0001573c                __sclose
 .text          0x00015750       0x60 /home/bseip/MentorGraphics/Sourcery_CodeBench_Lite_for_ARM_EABI/arm-none-eabi/lib/libc.a(lib_a-strlen.o)
                0x00015750                strlen
 .text          0x000157b0       0xd4 /home/bseip/MentorGraphics/Sourcery_CodeBench_Lite_for_ARM_EABI/arm-none-eabi/lib/libc.a(lib_a-strncpy.o)
                0x000157b0                strncpy
 .text          0x00015884     0x1f0c /home/bseip/MentorGraphics/Sourcery_CodeBench_Lite_for_ARM_EABI/arm-none-eabi/lib/libc.a(lib_a-svfprintf.o)
                0x00015884                _svfprintf_r
 .text          0x00017790     0x1590 /home/bseip/MentorGraphics/Sourcery_CodeBench_Lite_for_ARM_EABI/arm-none-eabi/lib/libc.a(lib_a-svfscanf.o)
                0x00017790                __ssvfscanf_r
 .text          0x00018d20       0x24 /home/bseip/MentorGraphics/Sourcery_CodeBench_Lite_for_ARM_EABI/arm-none-eabi/lib/libc.a(lib_a-toupper.o)
                0x00018d20                toupper
 .text          0x00018d44     0x1410 /home/bseip/MentorGraphics/Sourcery_CodeBench_Lite_for_ARM_EABI/arm-none-eabi/lib/libc.a(lib_a-vfiprintf.o)
                0x00018df0                __sprint_r
                0x00018e08                _vfiprintf_r
                0x0001a05c                vfiprintf
 .text          0x0001a154     0x2078 /home/bseip/MentorGraphics/Sourcery_CodeBench_Lite_for_ARM_EABI/arm-none-eabi/lib/libc.a(lib_a-vfprintf.o)
                0x0001a154                _vfprintf_r
                0x0001c0d4                vfprintf
 .text          0x0001c1cc       0x44 /home/bseip/MentorGraphics/Sourcery_CodeBench_Lite_for_ARM_EABI/arm-none-eabi/lib/libc.a(lib_a-writer.o)
                0x0001c1cc                _write_r
 .text          0x0001c210      0x15c /home/bseip/MentorGraphics/Sourcery_CodeBench_Lite_for_ARM_EABI/arm-none-eabi/lib/libc.a(lib_a-wsetup.o)
                0x0001c210                __swsetup_r
 .text          0x0001c36c       0xf0 /home/bseip/MentorGraphics/Sourcery_CodeBench_Lite_for_ARM_EABI/arm-none-eabi/lib/libc.a(lib_a-__atexit.o)
                0x0001c36c                __register_exitproc
 .text          0x0001c45c       0x3c /home/bseip/MentorGraphics/Sourcery_CodeBench_Lite_for_ARM_EABI/arm-none-eabi/lib/libc.a(lib_a-closer.o)
                0x0001c45c                _close_r
 .text          0x0001c498        0x0 /home/bseip/MentorGraphics/Sourcery_CodeBench_Lite_for_ARM_EABI/arm-none-eabi/lib/libc.a(lib_a-ctype_.o)
 .text          0x0001c498     0x18d8 /home/bseip/MentorGraphics/Sourcery_CodeBench_Lite_for_ARM_EABI/arm-none-eabi/lib/libc.a(lib_a-dtoa.o)
                0x0001c678                _dtoa_r
 .text          0x0001dd70      0x2d4 /home/bseip/MentorGraphics/Sourcery_CodeBench_Lite_for_ARM_EABI/arm-none-eabi/lib/libc.a(lib_a-fflush.o)
                0x0001dd70                __sflush_r
                0x0001dfb4                _fflush_r
                0x0001e008                fflush
 .text          0x0001e044      0x354 /home/bseip/MentorGraphics/Sourcery_CodeBench_Lite_for_ARM_EABI/arm-none-eabi/lib/libc.a(lib_a-findfp.o)
                0x0001e054                _cleanup_r
                0x0001e06c                __sfmoreglue
                0x0001e0bc                _cleanup
                0x0001e0e0                __sinit
                0x0001e248                __sfp
                0x0001e340                __sfp_lock_acquire
                0x0001e344                __sfp_lock_release
                0x0001e348                __sinit_lock_acquire
                0x0001e34c                __sinit_lock_release
                0x0001e350                __fp_lock_all
                0x0001e374                __fp_unlock_all
 .text          0x0001e398      0x188 /home/bseip/MentorGraphics/Sourcery_CodeBench_Lite_for_ARM_EABI/arm-none-eabi/lib/libc.a(lib_a-fputwc.o)
                0x0001e398                _fputwc_r
                0x0001e4dc                fputwc
 .text          0x0001e520      0x36c /home/bseip/MentorGraphics/Sourcery_CodeBench_Lite_for_ARM_EABI/arm-none-eabi/lib/libc.a(lib_a-freer.o)
                0x0001e520                _malloc_trim_r
                0x0001e620                _free_r
 .text          0x0001e88c      0x4d0 /home/bseip/MentorGraphics/Sourcery_CodeBench_Lite_for_ARM_EABI/arm-none-eabi/lib/libc.a(lib_a-fvwrite.o)
                0x0001e88c                __sfvwrite_r
 .text          0x0001ed5c      0x110 /home/bseip/MentorGraphics/Sourcery_CodeBench_Lite_for_ARM_EABI/arm-none-eabi/lib/libc.a(lib_a-fwalk.o)
                0x0001ed5c                _fwalk
                0x0001ede0                _fwalk_reent
 .text          0x0001ee6c       0x24 /home/bseip/MentorGraphics/Sourcery_CodeBench_Lite_for_ARM_EABI/arm-none-eabi/lib/libc.a(lib_a-iswspace.o)
                0x0001ee6c                iswspace
 .text          0x0001ee90       0xd0 /home/bseip/MentorGraphics/Sourcery_CodeBench_Lite_for_ARM_EABI/arm-none-eabi/lib/libc.a(lib_a-locale.o)
                0x0001ee90                _setlocale_r
                0x0001ef00                __locale_charset
                0x0001ef0c                __locale_mb_cur_max
                0x0001ef1c                __locale_msgcharset
                0x0001ef28                __locale_cjk_lang
                0x0001ef30                _localeconv_r
                0x0001ef3c                setlocale
                0x0001ef54                localeconv
 .text          0x0001ef60       0x44 /home/bseip/MentorGraphics/Sourcery_CodeBench_Lite_for_ARM_EABI/arm-none-eabi/lib/libc.a(lib_a-lseekr.o)
                0x0001ef60                _lseek_r
 .text          0x0001efa4      0x174 /home/bseip/MentorGraphics/Sourcery_CodeBench_Lite_for_ARM_EABI/arm-none-eabi/lib/libc.a(lib_a-makebuf.o)
                0x0001efa4                __smakebuf_r
 .text          0x0001f118      0x138 /home/bseip/MentorGraphics/Sourcery_CodeBench_Lite_for_ARM_EABI/arm-none-eabi/lib/libc.a(lib_a-mbrtowc.o)
                0x0001f118                _mbrtowc_r
                0x0001f1b0                mbrtowc
 .text          0x0001f250       0xa0 /home/bseip/MentorGraphics/Sourcery_CodeBench_Lite_for_ARM_EABI/arm-none-eabi/lib/libc.a(lib_a-mbtowc_r.o)
                0x0001f250                __ascii_mbtowc
                0x0001f29c                _mbtowc_r
 .text          0x0001f2f0      0x114 /home/bseip/MentorGraphics/Sourcery_CodeBench_Lite_for_ARM_EABI/arm-none-eabi/lib/libc.a(lib_a-memchr-stub.o)
                0x0001f2f0                memchr
 .text          0x0001f404      0xd2c /home/bseip/MentorGraphics/Sourcery_CodeBench_Lite_for_ARM_EABI/arm-none-eabi/lib/libc.a(lib_a-mprec.o)
                0x0001f404                _Balloc
                0x0001f490                _Bfree
                0x0001f4ac                __multadd
                0x0001f588                __s2b
                0x0001f670                __hi0bits
                0x0001f6cc                __lo0bits
                0x0001f760                __i2b
                0x0001f784                __multiply
                0x0001f96c                __pow5mult
                0x0001fa70                __lshift
                0x0001fb7c                __mcmp
                0x0001fbdc                __mdiff
                0x0001fd20                __ulp
                0x0001fd84                __b2d
                0x0001fe58                __d2b
                0x0001ff64                __ratio
                0x0001ffec                _mprec_log10
                0x00020044                __copybits
                0x000200b4                __any_on
 .text          0x00020130       0x44 /home/bseip/MentorGraphics/Sourcery_CodeBench_Lite_for_ARM_EABI/arm-none-eabi/lib/libc.a(lib_a-readr.o)
                0x00020130                _read_r
 .text          0x00020174      0x56c /home/bseip/MentorGraphics/Sourcery_CodeBench_Lite_for_ARM_EABI/arm-none-eabi/lib/libc.a(lib_a-reallocr.o)
                0x00020174                _realloc_r
 .text          0x000206e0       0x6c /home/bseip/MentorGraphics/Sourcery_CodeBench_Lite_for_ARM_EABI/arm-none-eabi/lib/libc.a(lib_a-s_fpclassify.o)
                0x000206e0                __fpclassifyd
 .text          0x0002074c       0xd4 /home/bseip/MentorGraphics/Sourcery_CodeBench_Lite_for_ARM_EABI/arm-none-eabi/lib/libc.a(lib_a-sccl.o)
                0x0002074c                __sccl
 .text          0x00020820        0xc /home/bseip/MentorGraphics/Sourcery_CodeBench_Lite_for_ARM_EABI/arm-none-eabi/lib/libc.a(lib_a-sf_nan.o)
                0x00020820                nanf
 .text          0x0002082c      0x230 /home/bseip/MentorGraphics/Sourcery_CodeBench_Lite_for_ARM_EABI/arm-none-eabi/lib/libc.a(lib_a-strcmp.o)
                0x0002082c                strcmp
 *fill*         0x00020a5c        0x4 
 .text          0x00020a60     0x1708 /home/bseip/MentorGraphics/Sourcery_CodeBench_Lite_for_ARM_EABI/arm-none-eabi/lib/libc.a(lib_a-strtod.o)
                0x00020a60                _strtod_r
                0x0002205c                strtod
                0x00022074                strtof
 .text          0x00022168      0x1f8 /home/bseip/MentorGraphics/Sourcery_CodeBench_Lite_for_ARM_EABI/arm-none-eabi/lib/libc.a(lib_a-strtol.o)
                0x00022168                _strtol_r
                0x00022338                strtol
 .text          0x00022360      0x2ac /home/bseip/MentorGraphics/Sourcery_CodeBench_Lite_for_ARM_EABI/arm-none-eabi/lib/libc.a(lib_a-strtoll_r.o)
                0x00022360                _strtoll_r
 .text          0x0002260c      0x20c /home/bseip/MentorGraphics/Sourcery_CodeBench_Lite_for_ARM_EABI/arm-none-eabi/lib/libc.a(lib_a-strtoul.o)
                0x0002260c                _strtoul_r
                0x000227f0                strtoul
 .text          0x00022818      0x290 /home/bseip/MentorGraphics/Sourcery_CodeBench_Lite_for_ARM_EABI/arm-none-eabi/lib/libc.a(lib_a-strtoull_r.o)
                0x00022818                _strtoull_r
 .text          0x00022aa8     0x128c /home/bseip/MentorGraphics/Sourcery_CodeBench_Lite_for_ARM_EABI/arm-none-eabi/lib/libc.a(lib_a-svfiprintf.o)
                0x00022aa8                __ssprint_r
                0x00022c54                _svfiprintf_r
 .text          0x00023d34     0x1178 /home/bseip/MentorGraphics/Sourcery_CodeBench_Lite_for_ARM_EABI/arm-none-eabi/lib/libc.a(lib_a-svfiscanf.o)
                0x00023d34                _sungetc_r
                0x00023e24                __ssrefill_r
                0x00023e8c                _sfread_r
                0x00023f58                __ssvfiscanf_r
 .text          0x00024eac      0x244 /home/bseip/MentorGraphics/Sourcery_CodeBench_Lite_for_ARM_EABI/arm-none-eabi/lib/libc.a(lib_a-ungetc.o)
                0x00024eac                __submore
                0x00024f5c                _ungetc_r
                0x000250d8                ungetc
 .text          0x000250f0      0x13c /home/bseip/MentorGraphics/Sourcery_CodeBench_Lite_for_ARM_EABI/arm-none-eabi/lib/libc.a(lib_a-wbuf.o)
                0x000250f0                __swbuf_r
                0x00025214                __swbuf
 .text          0x0002522c      0x128 /home/bseip/MentorGraphics/Sourcery_CodeBench_Lite_for_ARM_EABI/arm-none-eabi/lib/libc.a(lib_a-wcrtomb.o)
                0x0002522c                _wcrtomb_r
                0x000252bc                wcrtomb
 .text          0x00025354       0x7c /home/bseip/MentorGraphics/Sourcery_CodeBench_Lite_for_ARM_EABI/arm-none-eabi/lib/libc.a(lib_a-wctomb_r.o)
                0x00025354                __ascii_wctomb
                0x00025380                _wctomb_r
 .text          0x000253d0       0x9c /home/bseip/MentorGraphics/Sourcery_CodeBench_Lite_for_ARM_EABI/arm-none-eabi/lib/libc.a(lib_a-callocr.o)
                0x000253d0                _calloc_r
 .text          0x0002546c      0x104 /home/bseip/MentorGraphics/Sourcery_CodeBench_Lite_for_ARM_EABI/arm-none-eabi/lib/libc.a(lib_a-fclose.o)
                0x0002546c                _fclose_r
                0x0002555c                fclose
 .text          0x00025570       0x40 /home/bseip/MentorGraphics/Sourcery_CodeBench_Lite_for_ARM_EABI/arm-none-eabi/lib/libc.a(lib_a-fstatr.o)
                0x00025570                _fstat_r
 .text          0x000255b0      0x908 /home/bseip/MentorGraphics/Sourcery_CodeBench_Lite_for_ARM_EABI/arm-none-eabi/lib/libc.a(lib_a-gdtoa-gethex.o)
                0x000256a4                __gethex
 .text          0x00025eb8      0x284 /home/bseip/MentorGraphics/Sourcery_CodeBench_Lite_for_ARM_EABI/arm-none-eabi/lib/libc.a(lib_a-gdtoa-hexnan.o)
                0x00025eb8                __hexnan
 .text          0x0002613c       0x3c /home/bseip/MentorGraphics/Sourcery_CodeBench_Lite_for_ARM_EABI/arm-none-eabi/lib/libc.a(lib_a-isattyr.o)
                0x0002613c                _isatty_r
 .text          0x00026178      0x160 /home/bseip/MentorGraphics/Sourcery_CodeBench_Lite_for_ARM_EABI/arm-none-eabi/lib/libc.a(lib_a-strncmp.o)
                0x00026178                strncmp
 .text          0x000262d8        0x0 /home/bseip/MentorGraphics/Sourcery_CodeBench_Lite_for_ARM_EABI/arm-none-eabi/lib/libstdc++.a(eh_catch.o)
 .text          0x000262d8        0x0 /home/bseip/MentorGraphics/Sourcery_CodeBench_Lite_for_ARM_EABI/arm-none-eabi/lib/libstdc++.a(si_class_type_info.o)
 .text          0x000262d8        0x0 /home/bseip/MentorGraphics/Sourcery_CodeBench_Lite_for_ARM_EABI/arm-none-eabi/lib/libstdc++.a(eh_terminate.o)
 .text          0x000262d8        0x0 /home/bseip/MentorGraphics/Sourcery_CodeBench_Lite_for_ARM_EABI/arm-none-eabi/lib/libstdc++.a(tinfo.o)
 .text          0x000262d8        0x0 /home/bseip/MentorGraphics/Sourcery_CodeBench_Lite_for_ARM_EABI/arm-none-eabi/lib/libstdc++.a(eh_alloc.o)
 .text          0x000262d8        0x0 /home/bseip/MentorGraphics/Sourcery_CodeBench_Lite_for_ARM_EABI/arm-none-eabi/lib/libstdc++.a(eh_personality.o)
 .text          0x000262d8        0x0 /home/bseip/MentorGraphics/Sourcery_CodeBench_Lite_for_ARM_EABI/arm-none-eabi/lib/libstdc++.a(eh_arm.o)
 .text          0x000262d8        0x0 /home/bseip/MentorGraphics/Sourcery_CodeBench_Lite_for_ARM_EABI/arm-none-eabi/lib/libstdc++.a(eh_exception.o)
 .text          0x000262d8        0x0 /home/bseip/MentorGraphics/Sourcery_CodeBench_Lite_for_ARM_EABI/arm-none-eabi/lib/libstdc++.a(eh_globals.o)
 .text          0x000262d8        0x0 /home/bseip/MentorGraphics/Sourcery_CodeBench_Lite_for_ARM_EABI/arm-none-eabi/lib/libstdc++.a(eh_call.o)
 .text          0x000262d8        0x0 /home/bseip/MentorGraphics/Sourcery_CodeBench_Lite_for_ARM_EABI/arm-none-eabi/lib/libstdc++.a(eh_throw.o)
 .text          0x000262d8        0x0 /home/bseip/MentorGraphics/Sourcery_CodeBench_Lite_for_ARM_EABI/arm-none-eabi/lib/libstdc++.a(bad_alloc.o)
 .text          0x000262d8        0x0 /home/bseip/MentorGraphics/Sourcery_CodeBench_Lite_for_ARM_EABI/arm-none-eabi/lib/libstdc++.a(eh_unex_handler.o)
 .text          0x000262d8        0x0 /home/bseip/MentorGraphics/Sourcery_CodeBench_Lite_for_ARM_EABI/arm-none-eabi/lib/libstdc++.a(class_type_info.o)
 .text          0x000262d8        0x0 /home/bseip/MentorGraphics/Sourcery_CodeBench_Lite_for_ARM_EABI/arm-none-eabi/lib/libstdc++.a(eh_term_handler.o)
 .text          0x000262d8        0x0 /home/bseip/MentorGraphics/Sourcery_CodeBench_Lite_for_ARM_EABI/arm-none-eabi/lib/libstdc++.a(pure.o)
 .text          0x000262d8        0x0 /home/bseip/MentorGraphics/Sourcery_CodeBench_Lite_for_ARM_EABI/arm-none-eabi/lib/libstdc++.a(tree.o)
 .text          0x000262d8        0x0 /home/bseip/MentorGraphics/Sourcery_CodeBench_Lite_for_ARM_EABI/arm-none-eabi/lib/libstdc++.a(functexcept.o)
 .text          0x000262d8        0x0 /home/bseip/MentorGraphics/Sourcery_CodeBench_Lite_for_ARM_EABI/arm-none-eabi/lib/libstdc++.a(string-inst.o)
 .text          0x000262d8        0x0 /home/bseip/MentorGraphics/Sourcery_CodeBench_Lite_for_ARM_EABI/arm-none-eabi/lib/libstdc++.a(future.o)
 .text          0x000262d8        0x0 /home/bseip/MentorGraphics/Sourcery_CodeBench_Lite_for_ARM_EABI/arm-none-eabi/lib/libstdc++.a(functional.o)
 .text          0x000262d8        0x0 /home/bseip/MentorGraphics/Sourcery_CodeBench_Lite_for_ARM_EABI/arm-none-eabi/lib/libstdc++.a(regex.o)
 .text          0x000262d8        0x0 /home/bseip/MentorGraphics/Sourcery_CodeBench_Lite_for_ARM_EABI/arm-none-eabi/lib/libstdc++.a(bad_cast.o)
 .text          0x000262d8        0x0 /home/bseip/MentorGraphics/Sourcery_CodeBench_Lite_for_ARM_EABI/arm-none-eabi/lib/libstdc++.a(bad_typeid.o)
 .text          0x000262d8        0x0 /home/bseip/MentorGraphics/Sourcery_CodeBench_Lite_for_ARM_EABI/arm-none-eabi/lib/libstdc++.a(guard.o)
 .text          0x000262d8        0x0 /home/bseip/MentorGraphics/Sourcery_CodeBench_Lite_for_ARM_EABI/arm-none-eabi/lib/libstdc++.a(vterminate.o)
 .text          0x000262d8     0x8604 /home/bseip/MentorGraphics/Sourcery_CodeBench_Lite_for_ARM_EABI/arm-none-eabi/lib/libstdc++.a(cp-demangle.o)
                0x0002e758                __cxa_demangle
                0x0002e8ac                __gcclibcxx_demangle_callback
 .text          0x0002e8dc        0x0 /home/bseip/MentorGraphics/Sourcery_CodeBench_Lite_for_ARM_EABI/arm-none-eabi/lib/libstdc++.a(eh_type.o)
 .text          0x0002e8dc        0x0 /home/bseip/MentorGraphics/Sourcery_CodeBench_Lite_for_ARM_EABI/arm-none-eabi/lib/libstdc++.a(ios_failure.o)
 .text          0x0002e8dc        0x0 /home/bseip/MentorGraphics/Sourcery_CodeBench_Lite_for_ARM_EABI/arm-none-eabi/lib/libstdc++.a(stdexcept.o)
 .text          0x0002e8dc        0x0 /home/bseip/MentorGraphics/Sourcery_CodeBench_Lite_for_ARM_EABI/arm-none-eabi/lib/libstdc++.a(system_error.o)
 .text          0x0002e8dc        0x0 /home/bseip/MentorGraphics/Sourcery_CodeBench_Lite_for_ARM_EABI/arm-none-eabi/lib/libstdc++.a(guard_error.o)
 .text          0x0002e8dc        0x0 /home/bseip/MentorGraphics/Sourcery_CodeBench_Lite_for_ARM_EABI/lib/gcc/arm-none-eabi/4.8.1/crti.o
 .text          0x0002e8dc      0x128 /home/bseip/MentorGraphics/Sourcery_CodeBench_Lite_for_ARM_EABI/lib/gcc/arm-none-eabi/4.8.1/crtbegin.o
 .text          0x0002ea04        0x0 /home/bseip/MentorGraphics/Sourcery_CodeBench_Lite_for_ARM_EABI/lib/gcc/arm-none-eabi/4.8.1/crtend.o
 .text          0x0002ea04      0x41c /home/bseip/MentorGraphics/Sourcery_CodeBench_Lite_for_ARM_EABI/lib/gcc/arm-none-eabi/4.8.1/libgcc.a(_arm_addsubdf3.o)
                0x0002ea04                __aeabi_drsub
                0x0002ea0c                __aeabi_dsub
                0x0002ea0c                __subdf3
                0x0002ea10                __adddf3
                0x0002ea10                __aeabi_dadd
                0x0002ed20                __aeabi_ui2d
                0x0002ed20                __floatunsidf
                0x0002ed44                __floatsidf
                0x0002ed44                __aeabi_i2d
                0x0002ed6c                __extendsfdf2
                0x0002ed6c                __aeabi_f2d
                0x0002edac                __aeabi_ul2d
                0x0002edac                __floatundidf
                0x0002edc0                __floatdidf
                0x0002edc0                __aeabi_l2d
 .text          0x0002ee20      0x49c /home/bseip/MentorGraphics/Sourcery_CodeBench_Lite_for_ARM_EABI/lib/gcc/arm-none-eabi/4.8.1/libgcc.a(_arm_muldivdf3.o)
                0x0002ee20                __aeabi_dmul
                0x0002ee20                __muldf3
                0x0002f0b0                __aeabi_ddiv
                0x0002f0b0                __divdf3
 .text          0x0002f2bc      0x144 /home/bseip/MentorGraphics/Sourcery_CodeBench_Lite_for_ARM_EABI/lib/gcc/arm-none-eabi/4.8.1/libgcc.a(_arm_cmpdf2.o)
                0x0002f2bc                __gtdf2
                0x0002f2bc                __gedf2
                0x0002f2c4                __ltdf2
                0x0002f2c4                __ledf2
                0x0002f2cc                __cmpdf2
                0x0002f2cc                __eqdf2
                0x0002f2cc                __nedf2
                0x0002f354                __aeabi_cdrcmple
                0x0002f370                __aeabi_cdcmple
                0x0002f370                __aeabi_cdcmpeq
                0x0002f388                __aeabi_dcmpeq
                0x0002f3a0                __aeabi_dcmplt
                0x0002f3b8                __aeabi_dcmple
                0x0002f3d0                __aeabi_dcmpge
                0x0002f3e8                __aeabi_dcmpgt
 .text          0x0002f400       0x5c /home/bseip/MentorGraphics/Sourcery_CodeBench_Lite_for_ARM_EABI/lib/gcc/arm-none-eabi/4.8.1/libgcc.a(_arm_fixdfsi.o)
                0x0002f400                __fixdfsi
                0x0002f400                __aeabi_d2iz
 .text          0x0002f45c       0x54 /home/bseip/MentorGraphics/Sourcery_CodeBench_Lite_for_ARM_EABI/lib/gcc/arm-none-eabi/4.8.1/libgcc.a(_arm_fixunsdfsi.o)
                0x0002f45c                __fixunsdfsi
                0x0002f45c                __aeabi_d2uiz
 .text          0x0002f4b0       0xa0 /home/bseip/MentorGraphics/Sourcery_CodeBench_Lite_for_ARM_EABI/lib/gcc/arm-none-eabi/4.8.1/libgcc.a(_arm_truncdfsf2.o)
                0x0002f4b0                __aeabi_d2f
                0x0002f4b0                __truncdfsf2
 .text          0x0002f550      0x114 /home/bseip/MentorGraphics/Sourcery_CodeBench_Lite_for_ARM_EABI/lib/gcc/arm-none-eabi/4.8.1/libgcc.a(_arm_cmpsf2.o)
                0x0002f550                __gtsf2
                0x0002f550                __gesf2
                0x0002f558                __lesf2
                0x0002f558                __ltsf2
                0x0002f560                __nesf2
                0x0002f560                __eqsf2
                0x0002f560                __cmpsf2
                0x0002f5c4                __aeabi_cfrcmple
                0x0002f5d4                __aeabi_cfcmple
                0x0002f5d4                __aeabi_cfcmpeq
                0x0002f5ec                __aeabi_fcmpeq
                0x0002f604                __aeabi_fcmplt
                0x0002f61c                __aeabi_fcmple
                0x0002f634                __aeabi_fcmpge
                0x0002f64c                __aeabi_fcmpgt
 .text          0x0002f664       0x3c /home/bseip/MentorGraphics/Sourcery_CodeBench_Lite_for_ARM_EABI/lib/gcc/arm-none-eabi/4.8.1/libgcc.a(_aeabi_uldivmod.o)
                0x0002f664                __aeabi_uldivmod
 .text          0x0002f6a0       0x84 /home/bseip/MentorGraphics/Sourcery_CodeBench_Lite_for_ARM_EABI/lib/gcc/arm-none-eabi/4.8.1/libgcc.a(bpabi.o)
                0x0002f6a0                __gnu_ldivmod_helper
                0x0002f6e4                __gnu_uldivmod_helper
 .text          0x0002f724      0x4d0 /home/bseip/MentorGraphics/Sourcery_CodeBench_Lite_for_ARM_EABI/lib/gcc/arm-none-eabi/4.8.1/libgcc.a(_divdi3.o)
                0x0002f724                __divdi3
 .text          0x0002fbf4      0x470 /home/bseip/MentorGraphics/Sourcery_CodeBench_Lite_for_ARM_EABI/lib/gcc/arm-none-eabi/4.8.1/libgcc.a(_udivdi3.o)
                0x0002fbf4                __udivdi3
 .text          0x00030064       0x48 /home/bseip/MentorGraphics/Sourcery_CodeBench_Lite_for_ARM_EABI/lib/gcc/arm-none-eabi/4.8.1/libgcc.a(_clzsi2.o)
                0x00030064                __clzsi2
 .text          0x000300ac       0x8c /home/bseip/MentorGraphics/Sourcery_CodeBench_Lite_for_ARM_EABI/arm-none-eabi/lib/libc.a(lib_a-fputc.o)
                0x000300ac                _fputc_r
                0x000300f0                fputc
 .text          0x00030138       0xa4 /home/bseip/MentorGraphics/Sourcery_CodeBench_Lite_for_ARM_EABI/arm-none-eabi/lib/libc.a(lib_a-fputs.o)
                0x00030138                _fputs_r
                0x000301c4                fputs
 .text          0x000301dc       0xdc /home/bseip/MentorGraphics/Sourcery_CodeBench_Lite_for_ARM_EABI/arm-none-eabi/lib/libc.a(lib_a-fwrite.o)
                0x000301dc                _fwrite_r
                0x00030278                fwrite
 .text          0x000302b8       0xb4 /home/bseip/MentorGraphics/Sourcery_CodeBench_Lite_for_ARM_EABI/arm-none-eabi/lib/libc.a(lib_a-memcmp.o)
                0x000302b8                memcmp
 .text          0x0003036c      0x158 /home/bseip/MentorGraphics/Sourcery_CodeBench_Lite_for_ARM_EABI/arm-none-eabi/lib/libc.a(lib_a-putc.o)
                0x0003036c                _putc_r
                0x00030410                putc
 .text          0x000304c4       0x24 /home/bseip/MentorGraphics/Sourcery_CodeBench_Lite_for_ARM_EABI/arm-none-eabi/lib/libc.a(lib_a-realloc.o)
                0x000304c4                realloc
 .text          0x000304e8      0x614 /home/bseip/MentorGraphics/Sourcery_CodeBench_Lite_for_ARM_EABI/arm-none-eabi/lib/libc.a(lib_a-strerror.o)
                0x000304e8                _strerror_r
                0x00030ae0                strerror
 .text          0x00030afc       0x2c /home/bseip/MentorGraphics/Sourcery_CodeBench_Lite_for_ARM_EABI/arm-none-eabi/lib/libc.a(lib_a-syswrite.o)
                0x00030afc                write
 .text          0x00030b28        0x8 /home/bseip/MentorGraphics/Sourcery_CodeBench_Lite_for_ARM_EABI/arm-none-eabi/lib/libc.a(lib_a-u_strerr.o)
                0x00030b28                _user_strerror
                0x00030b30                _TEXT_END_ = .

.glue_7         0x00030b30        0x0
 .glue_7        0x00000000        0x0 linker stubs

.glue_7t        0x00030b30        0x0
 .glue_7t       0x00000000        0x0 linker stubs

.vfp11_veneer   0x00030b30        0x0
 .vfp11_veneer  0x00000000        0x0 linker stubs

.v4_bx          0x00030b30        0x0
 .v4_bx         0x00000000        0x0 linker stubs

.iplt           0x00030b30        0x0
 .iplt          0x00000000        0x0 build/bcm2835.o

.text.startup   0x00030b30      0xba8
 .text.startup  0x00030b30      0xab0 build/main.o
                0x00030b30                main
 .text.startup  0x000315e0       0x84 build/gapi/common.o
 .text.startup  0x00031664       0x74 build/gapi/memory_tracking.o

.text._ZNSt11_Deque_baseIiSaIiEED2Ev
                0x000316d8       0x48
 .text._ZNSt11_Deque_baseIiSaIiEED2Ev
                0x000316d8       0x48 build/gapi/common.o
                0x000316d8                std::_Deque_base<int, std::allocator<int> >::~_Deque_base()
                0x000316d8                std::_Deque_base<int, std::allocator<int> >::~_Deque_base()

.text._ZNSt5queueIiSt5dequeIiSaIiEEED2Ev
                0x00031720       0x14
 .text._ZNSt5queueIiSt5dequeIiSaIiEEED2Ev
                0x00031720       0x14 build/gapi/common.o
                0x00031720                std::queue<int, std::deque<int, std::allocator<int> > >::~queue()
                0x00031720                std::queue<int, std::deque<int, std::allocator<int> > >::~queue()

.text._ZNSt11_Deque_baseIiSaIiEE17_M_initialize_mapEj
                0x00031734       0xf8
 .text._ZNSt11_Deque_baseIiSaIiEE17_M_initialize_mapEj
                0x00031734       0xf8 build/gapi/common.o
                0x00031734                std::_Deque_base<int, std::allocator<int> >::_M_initialize_map(unsigned int)

.text._ZNSt5dequeIiSaIiEEC2ERKS1_
                0x0003182c       0xfc
 .text._ZNSt5dequeIiSaIiEEC2ERKS1_
                0x0003182c       0xfc build/gapi/common.o
                0x0003182c                std::deque<int, std::allocator<int> >::deque(std::deque<int, std::allocator<int> > const&)
                0x0003182c                std::deque<int, std::allocator<int> >::deque(std::deque<int, std::allocator<int> > const&)

.text._ZNSt6vectorIP14FlipbookActionSaIS1_EE13_M_insert_auxEN9__gnu_cxx17__normal_iteratorIPS1_S3_EERKS1_
                0x00031928      0x150
 .text._ZNSt6vectorIP14FlipbookActionSaIS1_EE13_M_insert_auxEN9__gnu_cxx17__normal_iteratorIPS1_S3_EERKS1_
                0x00031928      0x150 build/gapi/flipbook.o
                0x00031928                std::vector<FlipbookAction*, std::allocator<FlipbookAction*> >::_M_insert_aux(__gnu_cxx::__normal_iterator<FlipbookAction**, std::vector<FlipbookAction*, std::allocator<FlipbookAction*> > >, FlipbookAction* const&)

.text._ZNSt6vectorIP17FlipbookAnimationSaIS1_EE13_M_insert_auxEN9__gnu_cxx17__normal_iteratorIPS1_S3_EERKS1_
                0x00031a78      0x150
 .text._ZNSt6vectorIP17FlipbookAnimationSaIS1_EE13_M_insert_auxEN9__gnu_cxx17__normal_iteratorIPS1_S3_EERKS1_
                0x00031a78      0x150 build/gapi/flipbook.o
                0x00031a78                std::vector<FlipbookAnimation*, std::allocator<FlipbookAnimation*> >::_M_insert_aux(__gnu_cxx::__normal_iterator<FlipbookAnimation**, std::vector<FlipbookAnimation*, std::allocator<FlipbookAnimation*> > >, FlipbookAnimation* const&)

.text._ZNSt6vectorIP13FlipbookFrameSaIS1_EE13_M_insert_auxEN9__gnu_cxx17__normal_iteratorIPS1_S3_EERKS1_
                0x00031bc8      0x150
 .text._ZNSt6vectorIP13FlipbookFrameSaIS1_EE13_M_insert_auxEN9__gnu_cxx17__normal_iteratorIPS1_S3_EERKS1_
                0x00031bc8      0x150 build/gapi/flipbook.o
                0x00031bc8                std::vector<FlipbookFrame*, std::allocator<FlipbookFrame*> >::_M_insert_aux(__gnu_cxx::__normal_iterator<FlipbookFrame**, std::vector<FlipbookFrame*, std::allocator<FlipbookFrame*> > >, FlipbookFrame* const&)

.text._ZNSt8_Rb_treeIPvSt4pairIKS0_jESt10_Select1stIS3_ESt4lessIS0_ESaIS3_EE24_M_get_insert_unique_posERS2_
                0x00031d18       0xa8
 .text._ZNSt8_Rb_treeIPvSt4pairIKS0_jESt10_Select1stIS3_ESt4lessIS0_ESaIS3_EE24_M_get_insert_unique_posERS2_
                0x00031d18       0xa8 build/gapi/memory_tracking.o
                0x00031d18                std::_Rb_tree<void*, std::pair<void* const, unsigned int>, std::_Select1st<std::pair<void* const, unsigned int> >, std::less<void*>, std::allocator<std::pair<void* const, unsigned int> > >::_M_get_insert_unique_pos(void* const&)

.text._ZNSt8_Rb_treeIPvSt4pairIKS0_jESt10_Select1stIS3_ESt4lessIS0_ESaIS3_EE17_M_insert_unique_ESt23_Rb_tree_const_iteratorIS3_ERKS3_
                0x00031dc0      0x178
 .text._ZNSt8_Rb_treeIPvSt4pairIKS0_jESt10_Select1stIS3_ESt4lessIS0_ESaIS3_EE17_M_insert_unique_ESt23_Rb_tree_const_iteratorIS3_ERKS3_
                0x00031dc0      0x178 build/gapi/memory_tracking.o
                0x00031dc0                std::_Rb_tree<void*, std::pair<void* const, unsigned int>, std::_Select1st<std::pair<void* const, unsigned int> >, std::less<void*>, std::allocator<std::pair<void* const, unsigned int> > >::_M_insert_unique_(std::_Rb_tree_const_iterator<std::pair<void* const, unsigned int> >, std::pair<void* const, unsigned int> const&)

.text._ZNSt8_Rb_treeIPvSt4pairIKS0_jESt10_Select1stIS3_ESt4lessIS0_ESaIS3_EE8_M_eraseEPSt13_Rb_tree_nodeIS3_E
                0x00031f38      0x448
 .text._ZNSt8_Rb_treeIPvSt4pairIKS0_jESt10_Select1stIS3_ESt4lessIS0_ESaIS3_EE8_M_eraseEPSt13_Rb_tree_nodeIS3_E
                0x00031f38      0x448 build/gapi/memory_tracking.o
                0x00031f38                std::_Rb_tree<void*, std::pair<void* const, unsigned int>, std::_Select1st<std::pair<void* const, unsigned int> >, std::less<void*>, std::allocator<std::pair<void* const, unsigned int> > >::_M_erase(std::_Rb_tree_node<std::pair<void* const, unsigned int> >*)

.text._ZNSt3mapIPvjSt4lessIS0_ESaISt4pairIKS0_jEEED2Ev
                0x00032380       0x18
 .text._ZNSt3mapIPvjSt4lessIS0_ESaISt4pairIKS0_jEEED2Ev
                0x00032380       0x18 build/gapi/memory_tracking.o
                0x00032380                std::map<void*, unsigned int, std::less<void*>, std::allocator<std::pair<void* const, unsigned int> > >::~map()
                0x00032380                std::map<void*, unsigned int, std::less<void*>, std::allocator<std::pair<void* const, unsigned int> > >::~map()

.text._Z14tracked_deletePvRSt3mapIS_jSt4lessIS_ESaISt4pairIKS_jEEE
                0x00032398      0x424
 .text._Z14tracked_deletePvRSt3mapIS_jSt4lessIS_ESaISt4pairIKS_jEEE
                0x00032398      0x424 build/gapi/memory_tracking.o
                0x00032398                tracked_delete(void*, std::map<void*, unsigned int, std::less<void*>, std::allocator<std::pair<void* const, unsigned int> > >&)

.text._ZN8WConsoleD2Ev
                0x000327bc       0x34
 .text._ZN8WConsoleD2Ev
                0x000327bc       0x34 build/gapi/wconsole.o
                0x000327bc                WConsole::~WConsole()
                0x000327bc                WConsole::~WConsole()

.text._ZN8WConsoleD0Ev
                0x000327f0       0x3c
 .text._ZN8WConsoleD0Ev
                0x000327f0       0x3c build/gapi/wconsole.o
                0x000327f0                WConsole::~WConsole()

.text._ZNSt8_Rb_treeIiSt4pairIKiP6WindowESt10_Select1stIS4_ESt4lessIiESaIS4_EE8_M_eraseEPSt13_Rb_tree_nodeIS4_E
                0x0003282c       0x38
 .text._ZNSt8_Rb_treeIiSt4pairIKiP6WindowESt10_Select1stIS4_ESt4lessIiESaIS4_EE8_M_eraseEPSt13_Rb_tree_nodeIS4_E
                0x0003282c       0x38 build/gapi/window.o
                0x0003282c                std::_Rb_tree<int, std::pair<int const, Window*>, std::_Select1st<std::pair<int const, Window*> >, std::less<int>, std::allocator<std::pair<int const, Window*> > >::_M_erase(std::_Rb_tree_node<std::pair<int const, Window*> >*)

.text.unlikely  0x00032864       0x64
 .text.unlikely
                0x00032864       0x64 /home/bseip/MentorGraphics/Sourcery_CodeBench_Lite_for_ARM_EABI/arm-none-eabi/lib/libc.a(lib_a-strtod.o)

.text.__cxa_get_exception_ptr
                0x000328c8        0x8
 .text.__cxa_get_exception_ptr
                0x000328c8        0x8 /home/bseip/MentorGraphics/Sourcery_CodeBench_Lite_for_ARM_EABI/arm-none-eabi/lib/libstdc++.a(eh_catch.o)
                0x000328c8                __cxa_get_exception_ptr

.text.__cxa_begin_catch
                0x000328d0       0xe4
 .text.__cxa_begin_catch
                0x000328d0       0xe4 /home/bseip/MentorGraphics/Sourcery_CodeBench_Lite_for_ARM_EABI/arm-none-eabi/lib/libstdc++.a(eh_catch.o)
                0x000328d0                __cxa_begin_catch

.text.__cxa_end_catch
                0x000329b4       0xe0
 .text.__cxa_end_catch
                0x000329b4       0xe0 /home/bseip/MentorGraphics/Sourcery_CodeBench_Lite_for_ARM_EABI/arm-none-eabi/lib/libstdc++.a(eh_catch.o)
                0x000329b4                __cxa_end_catch

.text._ZSt18uncaught_exceptionv
                0x00032a94       0x1c
 .text._ZSt18uncaught_exceptionv
                0x00032a94       0x1c /home/bseip/MentorGraphics/Sourcery_CodeBench_Lite_for_ARM_EABI/arm-none-eabi/lib/libstdc++.a(eh_catch.o)
                0x00032a94                std::uncaught_exception()

.text._ZN10__cxxabiv120__si_class_type_infoD2Ev
                0x00032ab0       0x24
 .text._ZN10__cxxabiv120__si_class_type_infoD2Ev
                0x00032ab0       0x24 /home/bseip/MentorGraphics/Sourcery_CodeBench_Lite_for_ARM_EABI/arm-none-eabi/lib/libstdc++.a(si_class_type_info.o)
                0x00032ab0                __cxxabiv1::__si_class_type_info::~__si_class_type_info()
                0x00032ab0                __cxxabiv1::__si_class_type_info::~__si_class_type_info()

.text._ZN10__cxxabiv120__si_class_type_infoD0Ev
                0x00032ad4       0x2c
 .text._ZN10__cxxabiv120__si_class_type_infoD0Ev
                0x00032ad4       0x2c /home/bseip/MentorGraphics/Sourcery_CodeBench_Lite_for_ARM_EABI/arm-none-eabi/lib/libstdc++.a(si_class_type_info.o)
                0x00032ad4                __cxxabiv1::__si_class_type_info::~__si_class_type_info()

.text._ZNK10__cxxabiv120__si_class_type_info20__do_find_public_srcEiPKvPKNS_17__class_type_infoES2_
                0x00032b00       0x6c
 .text._ZNK10__cxxabiv120__si_class_type_info20__do_find_public_srcEiPKvPKNS_17__class_type_infoES2_
                0x00032b00       0x6c /home/bseip/MentorGraphics/Sourcery_CodeBench_Lite_for_ARM_EABI/arm-none-eabi/lib/libstdc++.a(si_class_type_info.o)
                0x00032b00                __cxxabiv1::__si_class_type_info::__do_find_public_src(int, void const*, __cxxabiv1::__class_type_info const*, void const*) const

.text._ZNK10__cxxabiv120__si_class_type_info12__do_dyncastEiNS_17__class_type_info10__sub_kindEPKS1_PKvS4_S6_RNS1_16__dyncast_resultE
                0x00032b6c       0xf0
 .text._ZNK10__cxxabiv120__si_class_type_info12__do_dyncastEiNS_17__class_type_info10__sub_kindEPKS1_PKvS4_S6_RNS1_16__dyncast_resultE
                0x00032b6c       0xf0 /home/bseip/MentorGraphics/Sourcery_CodeBench_Lite_for_ARM_EABI/arm-none-eabi/lib/libstdc++.a(si_class_type_info.o)
                0x00032b6c                __cxxabiv1::__si_class_type_info::__do_dyncast(int, __cxxabiv1::__class_type_info::__sub_kind, __cxxabiv1::__class_type_info const*, void const*, __cxxabiv1::__class_type_info const*, void const*, __cxxabiv1::__class_type_info::__dyncast_result&) const

.text._ZNK10__cxxabiv120__si_class_type_info11__do_upcastEPKNS_17__class_type_infoEPKvRNS1_15__upcast_resultE
                0x00032c5c       0x48
 .text._ZNK10__cxxabiv120__si_class_type_info11__do_upcastEPKNS_17__class_type_infoEPKvRNS1_15__upcast_resultE
                0x00032c5c       0x48 /home/bseip/MentorGraphics/Sourcery_CodeBench_Lite_for_ARM_EABI/arm-none-eabi/lib/libstdc++.a(si_class_type_info.o)
                0x00032c5c                __cxxabiv1::__si_class_type_info::__do_upcast(__cxxabiv1::__class_type_info const*, void const*, __cxxabiv1::__class_type_info::__upcast_result&) const

.text._ZN10__cxxabiv111__terminateEPFvvE
                0x00032ca4       0x34
 .text._ZN10__cxxabiv111__terminateEPFvvE
                0x00032ca4       0x34 /home/bseip/MentorGraphics/Sourcery_CodeBench_Lite_for_ARM_EABI/arm-none-eabi/lib/libstdc++.a(eh_terminate.o)
                0x00032ca4                __cxxabiv1::__terminate(void (*)())

.text._ZSt9terminatev
                0x00032cd8       0x14
 .text._ZSt9terminatev
                0x00032cd8       0x14 /home/bseip/MentorGraphics/Sourcery_CodeBench_Lite_for_ARM_EABI/arm-none-eabi/lib/libstdc++.a(eh_terminate.o)
                0x00032cd8                std::terminate()

.text._ZN10__cxxabiv112__unexpectedEPFvvE
                0x00032cec       0x10
 .text._ZN10__cxxabiv112__unexpectedEPFvvE
                0x00032cec       0x10 /home/bseip/MentorGraphics/Sourcery_CodeBench_Lite_for_ARM_EABI/arm-none-eabi/lib/libstdc++.a(eh_terminate.o)
                0x00032cec                __cxxabiv1::__unexpected(void (*)())

.text._ZSt10unexpectedv
                0x00032cfc       0x14
 .text._ZSt10unexpectedv
                0x00032cfc       0x14 /home/bseip/MentorGraphics/Sourcery_CodeBench_Lite_for_ARM_EABI/arm-none-eabi/lib/libstdc++.a(eh_terminate.o)
                0x00032cfc                std::unexpected()

.text._ZSt13set_terminatePFvvE
                0x00032d10       0x18
 .text._ZSt13set_terminatePFvvE
                0x00032d10       0x18 /home/bseip/MentorGraphics/Sourcery_CodeBench_Lite_for_ARM_EABI/arm-none-eabi/lib/libstdc++.a(eh_terminate.o)
                0x00032d10                std::set_terminate(void (*)())

.text._ZSt14set_unexpectedPFvvE
                0x00032d28       0x18
 .text._ZSt14set_unexpectedPFvvE
                0x00032d28       0x18 /home/bseip/MentorGraphics/Sourcery_CodeBench_Lite_for_ARM_EABI/arm-none-eabi/lib/libstdc++.a(eh_terminate.o)
                0x00032d28                std::set_unexpected(void (*)())

.text._ZNSt9type_infoD2Ev
                0x00032d40       0x10
 .text._ZNSt9type_infoD2Ev
                0x00032d40       0x10 /home/bseip/MentorGraphics/Sourcery_CodeBench_Lite_for_ARM_EABI/arm-none-eabi/lib/libstdc++.a(tinfo.o)
                0x00032d40                std::type_info::~type_info()
                0x00032d40                std::type_info::~type_info()

.text._ZNKSt9type_info14__is_pointer_pEv
                0x00032d50        0x8
 .text._ZNKSt9type_info14__is_pointer_pEv
                0x00032d50        0x8 /home/bseip/MentorGraphics/Sourcery_CodeBench_Lite_for_ARM_EABI/arm-none-eabi/lib/libstdc++.a(tinfo.o)
                0x00032d50                std::type_info::__is_pointer_p() const

.text._ZNKSt9type_info15__is_function_pEv
                0x00032d58        0x8
 .text._ZNKSt9type_info15__is_function_pEv
                0x00032d58        0x8 /home/bseip/MentorGraphics/Sourcery_CodeBench_Lite_for_ARM_EABI/arm-none-eabi/lib/libstdc++.a(tinfo.o)
                0x00032d58                std::type_info::__is_function_p() const

.text._ZNKSt9type_info11__do_upcastEPKN10__cxxabiv117__class_type_infoEPPv
                0x00032d60        0x8
 .text._ZNKSt9type_info11__do_upcastEPKN10__cxxabiv117__class_type_infoEPPv
                0x00032d60        0x8 /home/bseip/MentorGraphics/Sourcery_CodeBench_Lite_for_ARM_EABI/arm-none-eabi/lib/libstdc++.a(tinfo.o)
                0x00032d60                std::type_info::__do_upcast(__cxxabiv1::__class_type_info const*, void**) const

.text._ZNSt9type_infoD0Ev
                0x00032d68       0x24
 .text._ZNSt9type_infoD0Ev
                0x00032d68       0x24 /home/bseip/MentorGraphics/Sourcery_CodeBench_Lite_for_ARM_EABI/arm-none-eabi/lib/libstdc++.a(tinfo.o)
                0x00032d68                std::type_info::~type_info()

.text._ZNKSt9type_infoeqERKS_
                0x00032d8c       0x50
 .text._ZNKSt9type_infoeqERKS_
                0x00032d8c       0x50 /home/bseip/MentorGraphics/Sourcery_CodeBench_Lite_for_ARM_EABI/arm-none-eabi/lib/libstdc++.a(tinfo.o)
                0x00032d8c                std::type_info::operator==(std::type_info const&) const

.text._ZNKSt9type_info10__do_catchEPKS_PPvj
                0x00032ddc        0x4
 .text._ZNKSt9type_info10__do_catchEPKS_PPvj
                0x00032ddc        0x4 /home/bseip/MentorGraphics/Sourcery_CodeBench_Lite_for_ARM_EABI/arm-none-eabi/lib/libstdc++.a(tinfo.o)
                0x00032ddc                std::type_info::__do_catch(std::type_info const*, void**, unsigned int) const

.text.__cxa_allocate_exception
                0x00032de0       0x98
 .text.__cxa_allocate_exception
                0x00032de0       0x98 /home/bseip/MentorGraphics/Sourcery_CodeBench_Lite_for_ARM_EABI/arm-none-eabi/lib/libstdc++.a(eh_alloc.o)
                0x00032de0                __cxa_allocate_exception

.text.__cxa_free_exception
                0x00032e78       0x58
 .text.__cxa_free_exception
                0x00032e78       0x58 /home/bseip/MentorGraphics/Sourcery_CodeBench_Lite_for_ARM_EABI/arm-none-eabi/lib/libstdc++.a(eh_alloc.o)
                0x00032e78                __cxa_free_exception

.text.__cxa_allocate_dependent_exception
                0x00032ed0       0x90
 .text.__cxa_allocate_dependent_exception
                0x00032ed0       0x90 /home/bseip/MentorGraphics/Sourcery_CodeBench_Lite_for_ARM_EABI/arm-none-eabi/lib/libstdc++.a(eh_alloc.o)
                0x00032ed0                __cxa_allocate_dependent_exception

.text.__cxa_free_dependent_exception
                0x00032f60       0x60
 .text.__cxa_free_dependent_exception
                0x00032f60       0x60 /home/bseip/MentorGraphics/Sourcery_CodeBench_Lite_for_ARM_EABI/arm-none-eabi/lib/libstdc++.a(eh_alloc.o)
                0x00032f60                __cxa_free_dependent_exception

.text._ZL12read_sleb128PKhPl
                0x00032fc0       0x44
 .text._ZL12read_sleb128PKhPl
                0x00032fc0       0x44 /home/bseip/MentorGraphics/Sourcery_CodeBench_Lite_for_ARM_EABI/arm-none-eabi/lib/libstdc++.a(eh_personality.o)

.text._ZL28read_encoded_value_with_basehjPKhPj
                0x00033004      0x174
 .text._ZL28read_encoded_value_with_basehjPKhPj
                0x00033004      0x174 /home/bseip/MentorGraphics/Sourcery_CodeBench_Lite_for_ARM_EABI/arm-none-eabi/lib/libstdc++.a(eh_personality.o)

.text._ZL21base_of_encoded_valuehP15_Unwind_Context
                0x00033178       0x84
 .text._ZL21base_of_encoded_valuehP15_Unwind_Context
                0x00033178       0x84 /home/bseip/MentorGraphics/Sourcery_CodeBench_Lite_for_ARM_EABI/arm-none-eabi/lib/libstdc++.a(eh_personality.o)

.text._ZL17parse_lsda_headerP15_Unwind_ContextPKhP16lsda_header_info
                0x000331fc       0xe0
 .text._ZL17parse_lsda_headerP15_Unwind_ContextPKhP16lsda_header_info
                0x000331fc       0xe0 /home/bseip/MentorGraphics/Sourcery_CodeBench_Lite_for_ARM_EABI/arm-none-eabi/lib/libstdc++.a(eh_personality.o)

.text.__gxx_personality_v0
                0x000332dc      0x62c
 .text.__gxx_personality_v0
                0x000332dc      0x62c /home/bseip/MentorGraphics/Sourcery_CodeBench_Lite_for_ARM_EABI/arm-none-eabi/lib/libstdc++.a(eh_personality.o)
                0x000332dc                __gxx_personality_v0

.text.__cxa_end_cleanup
                0x00033908       0x10
 .text.__cxa_end_cleanup
                0x00033908       0x10 /home/bseip/MentorGraphics/Sourcery_CodeBench_Lite_for_ARM_EABI/arm-none-eabi/lib/libstdc++.a(eh_arm.o)
                0x00033908                __cxa_end_cleanup

.text.__cxa_type_match
                0x00033918      0x148
 .text.__cxa_type_match
                0x00033918      0x148 /home/bseip/MentorGraphics/Sourcery_CodeBench_Lite_for_ARM_EABI/arm-none-eabi/lib/libstdc++.a(eh_arm.o)
                0x00033918                __cxa_type_match

.text.__cxa_begin_cleanup
                0x00033a60       0xbc
 .text.__cxa_begin_cleanup
                0x00033a60       0xbc /home/bseip/MentorGraphics/Sourcery_CodeBench_Lite_for_ARM_EABI/arm-none-eabi/lib/libstdc++.a(eh_arm.o)
                0x00033a60                __cxa_begin_cleanup

.text.__gnu_end_cleanup
                0x00033b1c       0xbc
 .text.__gnu_end_cleanup
                0x00033b1c       0xbc /home/bseip/MentorGraphics/Sourcery_CodeBench_Lite_for_ARM_EABI/arm-none-eabi/lib/libstdc++.a(eh_arm.o)
                0x00033b1c                __gnu_end_cleanup

.text._ZNSt9exceptionD2Ev
                0x00033bd8       0x10
 .text._ZNSt9exceptionD2Ev
                0x00033bd8       0x10 /home/bseip/MentorGraphics/Sourcery_CodeBench_Lite_for_ARM_EABI/arm-none-eabi/lib/libstdc++.a(eh_exception.o)
                0x00033bd8                std::exception::~exception()
                0x00033bd8                std::exception::~exception()

.text._ZNSt13bad_exceptionD2Ev
                0x00033be8       0x10
 .text._ZNSt13bad_exceptionD2Ev
                0x00033be8       0x10 /home/bseip/MentorGraphics/Sourcery_CodeBench_Lite_for_ARM_EABI/arm-none-eabi/lib/libstdc++.a(eh_exception.o)
                0x00033be8                std::bad_exception::~bad_exception()
                0x00033be8                std::bad_exception::~bad_exception()

.text._ZN10__cxxabiv115__forced_unwindD2Ev
                0x00033bf8       0x10
 .text._ZN10__cxxabiv115__forced_unwindD2Ev
                0x00033bf8       0x10 /home/bseip/MentorGraphics/Sourcery_CodeBench_Lite_for_ARM_EABI/arm-none-eabi/lib/libstdc++.a(eh_exception.o)
                0x00033bf8                __cxxabiv1::__forced_unwind::~__forced_unwind()
                0x00033bf8                __cxxabiv1::__forced_unwind::~__forced_unwind()

.text._ZN10__cxxabiv119__foreign_exceptionD2Ev
                0x00033c08       0x10
 .text._ZN10__cxxabiv119__foreign_exceptionD2Ev
                0x00033c08       0x10 /home/bseip/MentorGraphics/Sourcery_CodeBench_Lite_for_ARM_EABI/arm-none-eabi/lib/libstdc++.a(eh_exception.o)
                0x00033c08                __cxxabiv1::__foreign_exception::~__foreign_exception()
                0x00033c08                __cxxabiv1::__foreign_exception::~__foreign_exception()

.text._ZNKSt9exception4whatEv
                0x00033c18        0xc
 .text._ZNKSt9exception4whatEv
                0x00033c18        0xc /home/bseip/MentorGraphics/Sourcery_CodeBench_Lite_for_ARM_EABI/arm-none-eabi/lib/libstdc++.a(eh_exception.o)
                0x00033c18                std::exception::what() const

.text._ZNKSt13bad_exception4whatEv
                0x00033c24        0xc
 .text._ZNKSt13bad_exception4whatEv
                0x00033c24        0xc /home/bseip/MentorGraphics/Sourcery_CodeBench_Lite_for_ARM_EABI/arm-none-eabi/lib/libstdc++.a(eh_exception.o)
                0x00033c24                std::bad_exception::what() const

.text._ZNSt9exceptionD0Ev
                0x00033c30       0x24
 .text._ZNSt9exceptionD0Ev
                0x00033c30       0x24 /home/bseip/MentorGraphics/Sourcery_CodeBench_Lite_for_ARM_EABI/arm-none-eabi/lib/libstdc++.a(eh_exception.o)
                0x00033c30                std::exception::~exception()

.text._ZNSt13bad_exceptionD0Ev
                0x00033c54       0x24
 .text._ZNSt13bad_exceptionD0Ev
                0x00033c54       0x24 /home/bseip/MentorGraphics/Sourcery_CodeBench_Lite_for_ARM_EABI/arm-none-eabi/lib/libstdc++.a(eh_exception.o)
                0x00033c54                std::bad_exception::~bad_exception()

.text._ZN10__cxxabiv115__forced_unwindD0Ev
                0x00033c78       0x24
 .text._ZN10__cxxabiv115__forced_unwindD0Ev
                0x00033c78       0x24 /home/bseip/MentorGraphics/Sourcery_CodeBench_Lite_for_ARM_EABI/arm-none-eabi/lib/libstdc++.a(eh_exception.o)
                0x00033c78                __cxxabiv1::__forced_unwind::~__forced_unwind()

.text._ZN10__cxxabiv119__foreign_exceptionD0Ev
                0x00033c9c       0x24
 .text._ZN10__cxxabiv119__foreign_exceptionD0Ev
                0x00033c9c       0x24 /home/bseip/MentorGraphics/Sourcery_CodeBench_Lite_for_ARM_EABI/arm-none-eabi/lib/libstdc++.a(eh_exception.o)
                0x00033c9c                __cxxabiv1::__foreign_exception::~__foreign_exception()

.text.__cxa_get_globals_fast
                0x00033cc0        0xc
 .text.__cxa_get_globals_fast
                0x00033cc0        0xc /home/bseip/MentorGraphics/Sourcery_CodeBench_Lite_for_ARM_EABI/arm-none-eabi/lib/libstdc++.a(eh_globals.o)
                0x00033cc0                __cxa_get_globals_fast

.text.__cxa_get_globals
                0x00033ccc        0xc
 .text.__cxa_get_globals
                0x00033ccc        0xc /home/bseip/MentorGraphics/Sourcery_CodeBench_Lite_for_ARM_EABI/arm-none-eabi/lib/libstdc++.a(eh_globals.o)
                0x00033ccc                __cxa_get_globals

.text._ZN10__cxxabiv1L24__is_gxx_exception_classEPc
                0x00033cd8       0x70
 .text._ZN10__cxxabiv1L24__is_gxx_exception_classEPc
                0x00033cd8       0x70 /home/bseip/MentorGraphics/Sourcery_CodeBench_Lite_for_ARM_EABI/arm-none-eabi/lib/libstdc++.a(eh_call.o)

.text.__cxa_call_terminate
                0x00033d48       0x2c
 .text.__cxa_call_terminate
                0x00033d48       0x2c /home/bseip/MentorGraphics/Sourcery_CodeBench_Lite_for_ARM_EABI/arm-none-eabi/lib/libstdc++.a(eh_call.o)
                0x00033d48                __cxa_call_terminate

.text.__cxa_call_unexpected
                0x00033d74      0x134
 .text.__cxa_call_unexpected
                0x00033d74      0x134 /home/bseip/MentorGraphics/Sourcery_CodeBench_Lite_for_ARM_EABI/arm-none-eabi/lib/libstdc++.a(eh_call.o)
                0x00033d74                __cxa_call_unexpected

.text._ZL23__gxx_exception_cleanup19_Unwind_Reason_CodeP21_Unwind_Control_Block
                0x00033ea8       0x3c
 .text._ZL23__gxx_exception_cleanup19_Unwind_Reason_CodeP21_Unwind_Control_Block
                0x00033ea8       0x3c /home/bseip/MentorGraphics/Sourcery_CodeBench_Lite_for_ARM_EABI/arm-none-eabi/lib/libstdc++.a(eh_throw.o)

.text.__cxa_throw
                0x00033ee4       0x94
 .text.__cxa_throw
                0x00033ee4       0x94 /home/bseip/MentorGraphics/Sourcery_CodeBench_Lite_for_ARM_EABI/arm-none-eabi/lib/libstdc++.a(eh_throw.o)
                0x00033ee4                __cxa_throw

.text.__cxa_rethrow
                0x00033f78       0xb0
 .text.__cxa_rethrow
                0x00033f78       0xb0 /home/bseip/MentorGraphics/Sourcery_CodeBench_Lite_for_ARM_EABI/arm-none-eabi/lib/libstdc++.a(eh_throw.o)
                0x00033f78                __cxa_rethrow

.text._ZNKSt9bad_alloc4whatEv
                0x00034028        0xc
 .text._ZNKSt9bad_alloc4whatEv
                0x00034028        0xc /home/bseip/MentorGraphics/Sourcery_CodeBench_Lite_for_ARM_EABI/arm-none-eabi/lib/libstdc++.a(bad_alloc.o)
                0x00034028                std::bad_alloc::what() const

.text._ZNSt9bad_allocD2Ev
                0x00034034       0x24
 .text._ZNSt9bad_allocD2Ev
                0x00034034       0x24 /home/bseip/MentorGraphics/Sourcery_CodeBench_Lite_for_ARM_EABI/arm-none-eabi/lib/libstdc++.a(bad_alloc.o)
                0x00034034                std::bad_alloc::~bad_alloc()
                0x00034034                std::bad_alloc::~bad_alloc()

.text._ZNSt9bad_allocD0Ev
                0x00034058       0x2c
 .text._ZNSt9bad_allocD0Ev
                0x00034058       0x2c /home/bseip/MentorGraphics/Sourcery_CodeBench_Lite_for_ARM_EABI/arm-none-eabi/lib/libstdc++.a(bad_alloc.o)
                0x00034058                std::bad_alloc::~bad_alloc()

.text._ZNK10__cxxabiv117__class_type_info11__do_upcastEPKS0_PPv
                0x00034084       0x64
 .text._ZNK10__cxxabiv117__class_type_info11__do_upcastEPKS0_PPv
                0x00034084       0x64 /home/bseip/MentorGraphics/Sourcery_CodeBench_Lite_for_ARM_EABI/arm-none-eabi/lib/libstdc++.a(class_type_info.o)
                0x00034084                __cxxabiv1::__class_type_info::__do_upcast(__cxxabiv1::__class_type_info const*, void**) const

.text._ZNK10__cxxabiv117__class_type_info20__do_find_public_srcEiPKvPKS0_S2_
                0x000340e8       0x14
 .text._ZNK10__cxxabiv117__class_type_info20__do_find_public_srcEiPKvPKS0_S2_
                0x000340e8       0x14 /home/bseip/MentorGraphics/Sourcery_CodeBench_Lite_for_ARM_EABI/arm-none-eabi/lib/libstdc++.a(class_type_info.o)
                0x000340e8                __cxxabiv1::__class_type_info::__do_find_public_src(int, void const*, __cxxabiv1::__class_type_info const*, void const*) const

.text._ZN10__cxxabiv117__class_type_infoD2Ev
                0x000340fc       0x24
 .text._ZN10__cxxabiv117__class_type_infoD2Ev
                0x000340fc       0x24 /home/bseip/MentorGraphics/Sourcery_CodeBench_Lite_for_ARM_EABI/arm-none-eabi/lib/libstdc++.a(class_type_info.o)
                0x000340fc                __cxxabiv1::__class_type_info::~__class_type_info()
                0x000340fc                __cxxabiv1::__class_type_info::~__class_type_info()

.text._ZN10__cxxabiv117__class_type_infoD0Ev
                0x00034120       0x2c
 .text._ZN10__cxxabiv117__class_type_infoD0Ev
                0x00034120       0x2c /home/bseip/MentorGraphics/Sourcery_CodeBench_Lite_for_ARM_EABI/arm-none-eabi/lib/libstdc++.a(class_type_info.o)
                0x00034120                __cxxabiv1::__class_type_info::~__class_type_info()

.text._ZNK10__cxxabiv117__class_type_info11__do_upcastEPKS0_PKvRNS0_15__upcast_resultE
                0x0003414c       0x30
 .text._ZNK10__cxxabiv117__class_type_info11__do_upcastEPKS0_PKvRNS0_15__upcast_resultE
                0x0003414c       0x30 /home/bseip/MentorGraphics/Sourcery_CodeBench_Lite_for_ARM_EABI/arm-none-eabi/lib/libstdc++.a(class_type_info.o)
                0x0003414c                __cxxabiv1::__class_type_info::__do_upcast(__cxxabiv1::__class_type_info const*, void const*, __cxxabiv1::__class_type_info::__upcast_result&) const

.text._ZNK10__cxxabiv117__class_type_info10__do_catchEPKSt9type_infoPPvj
                0x0003417c       0x54
 .text._ZNK10__cxxabiv117__class_type_info10__do_catchEPKSt9type_infoPPvj
                0x0003417c       0x54 /home/bseip/MentorGraphics/Sourcery_CodeBench_Lite_for_ARM_EABI/arm-none-eabi/lib/libstdc++.a(class_type_info.o)
                0x0003417c                __cxxabiv1::__class_type_info::__do_catch(std::type_info const*, void**, unsigned int) const

.text._ZNK10__cxxabiv117__class_type_info12__do_dyncastEiNS0_10__sub_kindEPKS0_PKvS3_S5_RNS0_16__dyncast_resultE
                0x000341d0       0x7c
 .text._ZNK10__cxxabiv117__class_type_info12__do_dyncastEiNS0_10__sub_kindEPKS0_PKvS3_S5_RNS0_16__dyncast_resultE
                0x000341d0       0x7c /home/bseip/MentorGraphics/Sourcery_CodeBench_Lite_for_ARM_EABI/arm-none-eabi/lib/libstdc++.a(class_type_info.o)
                0x000341d0                __cxxabiv1::__class_type_info::__do_dyncast(int, __cxxabiv1::__class_type_info::__sub_kind, __cxxabiv1::__class_type_info const*, void const*, __cxxabiv1::__class_type_info const*, void const*, __cxxabiv1::__class_type_info::__dyncast_result&) const

.text.__cxa_pure_virtual
                0x0003424c       0x1c
 .text.__cxa_pure_virtual
                0x0003424c       0x1c /home/bseip/MentorGraphics/Sourcery_CodeBench_Lite_for_ARM_EABI/arm-none-eabi/lib/libstdc++.a(pure.o)
                0x0003424c                __cxa_pure_virtual

.text.__cxa_deleted_virtual
                0x00034268       0x1c
 .text.__cxa_deleted_virtual
                0x00034268       0x1c /home/bseip/MentorGraphics/Sourcery_CodeBench_Lite_for_ARM_EABI/arm-none-eabi/lib/libstdc++.a(pure.o)
                0x00034268                __cxa_deleted_virtual

.text._ZStL25local_Rb_tree_rotate_leftPSt18_Rb_tree_node_baseRS0_
                0x00034284       0x4c
 .text._ZStL25local_Rb_tree_rotate_leftPSt18_Rb_tree_node_baseRS0_
                0x00034284       0x4c /home/bseip/MentorGraphics/Sourcery_CodeBench_Lite_for_ARM_EABI/arm-none-eabi/lib/libstdc++.a(tree.o)

.text._ZStL26local_Rb_tree_rotate_rightPSt18_Rb_tree_node_baseRS0_
                0x000342d0       0x4c
 .text._ZStL26local_Rb_tree_rotate_rightPSt18_Rb_tree_node_baseRS0_
                0x000342d0       0x4c /home/bseip/MentorGraphics/Sourcery_CodeBench_Lite_for_ARM_EABI/arm-none-eabi/lib/libstdc++.a(tree.o)

.text._ZStL23local_Rb_tree_decrementPSt18_Rb_tree_node_base
                0x0003431c       0x80
 .text._ZStL23local_Rb_tree_decrementPSt18_Rb_tree_node_base
                0x0003431c       0x80 /home/bseip/MentorGraphics/Sourcery_CodeBench_Lite_for_ARM_EABI/arm-none-eabi/lib/libstdc++.a(tree.o)

.text._ZSt18_Rb_tree_incrementPSt18_Rb_tree_node_base
                0x0003439c       0x6c
 .text._ZSt18_Rb_tree_incrementPSt18_Rb_tree_node_base
                0x0003439c       0x6c /home/bseip/MentorGraphics/Sourcery_CodeBench_Lite_for_ARM_EABI/arm-none-eabi/lib/libstdc++.a(tree.o)
                0x0003439c                std::_Rb_tree_increment(std::_Rb_tree_node_base*)

.text._ZSt18_Rb_tree_incrementPKSt18_Rb_tree_node_base
                0x00034408       0x6c
 .text._ZSt18_Rb_tree_incrementPKSt18_Rb_tree_node_base
                0x00034408       0x6c /home/bseip/MentorGraphics/Sourcery_CodeBench_Lite_for_ARM_EABI/arm-none-eabi/lib/libstdc++.a(tree.o)
                0x00034408                std::_Rb_tree_increment(std::_Rb_tree_node_base const*)

.text._ZSt18_Rb_tree_decrementPSt18_Rb_tree_node_base
                0x00034474        0x4
 .text._ZSt18_Rb_tree_decrementPSt18_Rb_tree_node_base
                0x00034474        0x4 /home/bseip/MentorGraphics/Sourcery_CodeBench_Lite_for_ARM_EABI/arm-none-eabi/lib/libstdc++.a(tree.o)
                0x00034474                std::_Rb_tree_decrement(std::_Rb_tree_node_base*)

.text._ZSt18_Rb_tree_decrementPKSt18_Rb_tree_node_base
                0x00034478        0x4
 .text._ZSt18_Rb_tree_decrementPKSt18_Rb_tree_node_base
                0x00034478        0x4 /home/bseip/MentorGraphics/Sourcery_CodeBench_Lite_for_ARM_EABI/arm-none-eabi/lib/libstdc++.a(tree.o)
                0x00034478                std::_Rb_tree_decrement(std::_Rb_tree_node_base const*)

.text._ZSt20_Rb_tree_rotate_leftPSt18_Rb_tree_node_baseRS0_
                0x0003447c        0x4
 .text._ZSt20_Rb_tree_rotate_leftPSt18_Rb_tree_node_baseRS0_
                0x0003447c        0x4 /home/bseip/MentorGraphics/Sourcery_CodeBench_Lite_for_ARM_EABI/arm-none-eabi/lib/libstdc++.a(tree.o)
                0x0003447c                std::_Rb_tree_rotate_left(std::_Rb_tree_node_base*, std::_Rb_tree_node_base*&)

.text._ZSt21_Rb_tree_rotate_rightPSt18_Rb_tree_node_baseRS0_
                0x00034480        0x4
 .text._ZSt21_Rb_tree_rotate_rightPSt18_Rb_tree_node_baseRS0_
                0x00034480        0x4 /home/bseip/MentorGraphics/Sourcery_CodeBench_Lite_for_ARM_EABI/arm-none-eabi/lib/libstdc++.a(tree.o)
                0x00034480                std::_Rb_tree_rotate_right(std::_Rb_tree_node_base*, std::_Rb_tree_node_base*&)

.text._ZSt29_Rb_tree_insert_and_rebalancebPSt18_Rb_tree_node_baseS0_RS_
                0x00034484      0x17c
 .text._ZSt29_Rb_tree_insert_and_rebalancebPSt18_Rb_tree_node_baseS0_RS_
                0x00034484      0x17c /home/bseip/MentorGraphics/Sourcery_CodeBench_Lite_for_ARM_EABI/arm-none-eabi/lib/libstdc++.a(tree.o)
                0x00034484                std::_Rb_tree_insert_and_rebalance(bool, std::_Rb_tree_node_base*, std::_Rb_tree_node_base*, std::_Rb_tree_node_base&)
